Archive member included because of file (symbol)

/opt/altera/13.0sp1/nios2eds/bin/gnu/H-i686-pc-linux-gnu/bin/../lib/gcc/nios2-elf/4.1.2/mno-hw-mul/libgcc.a(_si_to_sf.o)
                              obj/default/cruise_Timer.o (__floatsisf)
/opt/altera/13.0sp1/nios2eds/bin/gnu/H-i686-pc-linux-gnu/bin/../lib/gcc/nios2-elf/4.1.2/mno-hw-mul/libgcc.a(_sf_to_df.o)
                              obj/default/cruise_Timer.o (__extendsfdf2)
/opt/altera/13.0sp1/nios2eds/bin/gnu/H-i686-pc-linux-gnu/bin/../lib/gcc/nios2-elf/4.1.2/mno-hw-mul/libgcc.a(_addsub_df.o)
                              obj/default/cruise_Timer.o (__adddf3)
/opt/altera/13.0sp1/nios2eds/bin/gnu/H-i686-pc-linux-gnu/bin/../lib/gcc/nios2-elf/4.1.2/mno-hw-mul/libgcc.a(_div_df.o)
                              obj/default/cruise_Timer.o (__divdf3)
/opt/altera/13.0sp1/nios2eds/bin/gnu/H-i686-pc-linux-gnu/bin/../lib/gcc/nios2-elf/4.1.2/mno-hw-mul/libgcc.a(_si_to_df.o)
                              obj/default/cruise_Timer.o (__floatsidf)
/opt/altera/13.0sp1/nios2eds/bin/gnu/H-i686-pc-linux-gnu/bin/../lib/gcc/nios2-elf/4.1.2/mno-hw-mul/libgcc.a(_df_to_si.o)
                              obj/default/cruise_Timer.o (__fixdfsi)
/opt/altera/13.0sp1/nios2eds/bin/gnu/H-i686-pc-linux-gnu/bin/../lib/gcc/nios2-elf/4.1.2/mno-hw-mul/libgcc.a(_make_df.o)
                              /opt/altera/13.0sp1/nios2eds/bin/gnu/H-i686-pc-linux-gnu/bin/../lib/gcc/nios2-elf/4.1.2/mno-hw-mul/libgcc.a(_sf_to_df.o) (__make_dp)
/opt/altera/13.0sp1/nios2eds/bin/gnu/H-i686-pc-linux-gnu/bin/../lib/gcc/nios2-elf/4.1.2/mno-hw-mul/libgcc.a(_thenan_df.o)
                              /opt/altera/13.0sp1/nios2eds/bin/gnu/H-i686-pc-linux-gnu/bin/../lib/gcc/nios2-elf/4.1.2/mno-hw-mul/libgcc.a(_addsub_df.o) (__thenan_df)
/opt/altera/13.0sp1/nios2eds/bin/gnu/H-i686-pc-linux-gnu/bin/../lib/gcc/nios2-elf/4.1.2/mno-hw-mul/libgcc.a(lib2-divmod.o)
                              obj/default/cruise_Timer.o (__divsi3)
/opt/altera/13.0sp1/nios2eds/bin/gnu/H-i686-pc-linux-gnu/bin/../lib/gcc/nios2-elf/4.1.2/mno-hw-mul/libgcc.a(lib2-mul.o)
                              obj/default/cruise_Timer.o (__mulsi3)
/opt/altera/13.0sp1/nios2eds/bin/gnu/H-i686-pc-linux-gnu/bin/../lib/gcc/nios2-elf/4.1.2/mno-hw-mul/libgcc.a(_clzsi2.o)
                              /opt/altera/13.0sp1/nios2eds/bin/gnu/H-i686-pc-linux-gnu/bin/../lib/gcc/nios2-elf/4.1.2/mno-hw-mul/libgcc.a(_si_to_sf.o) (__clzsi2)
/opt/altera/13.0sp1/nios2eds/bin/gnu/H-i686-pc-linux-gnu/bin/../lib/gcc/nios2-elf/4.1.2/mno-hw-mul/libgcc.a(_pack_sf.o)
                              /opt/altera/13.0sp1/nios2eds/bin/gnu/H-i686-pc-linux-gnu/bin/../lib/gcc/nios2-elf/4.1.2/mno-hw-mul/libgcc.a(_si_to_sf.o) (__pack_f)
/opt/altera/13.0sp1/nios2eds/bin/gnu/H-i686-pc-linux-gnu/bin/../lib/gcc/nios2-elf/4.1.2/mno-hw-mul/libgcc.a(_unpack_sf.o)
                              /opt/altera/13.0sp1/nios2eds/bin/gnu/H-i686-pc-linux-gnu/bin/../lib/gcc/nios2-elf/4.1.2/mno-hw-mul/libgcc.a(_sf_to_df.o) (__unpack_f)
/opt/altera/13.0sp1/nios2eds/bin/gnu/H-i686-pc-linux-gnu/bin/../lib/gcc/nios2-elf/4.1.2/mno-hw-mul/libgcc.a(_pack_df.o)
                              /opt/altera/13.0sp1/nios2eds/bin/gnu/H-i686-pc-linux-gnu/bin/../lib/gcc/nios2-elf/4.1.2/mno-hw-mul/libgcc.a(_addsub_df.o) (__pack_d)
/opt/altera/13.0sp1/nios2eds/bin/gnu/H-i686-pc-linux-gnu/bin/../lib/gcc/nios2-elf/4.1.2/mno-hw-mul/libgcc.a(_unpack_df.o)
                              /opt/altera/13.0sp1/nios2eds/bin/gnu/H-i686-pc-linux-gnu/bin/../lib/gcc/nios2-elf/4.1.2/mno-hw-mul/libgcc.a(_addsub_df.o) (__unpack_d)
/opt/altera/13.0sp1/nios2eds/bin/gnu/H-i686-pc-linux-gnu/bin/../lib/gcc/nios2-elf/4.1.2/mno-hw-mul/libgcc.a(_clz.o)
                              /opt/altera/13.0sp1/nios2eds/bin/gnu/H-i686-pc-linux-gnu/bin/../lib/gcc/nios2-elf/4.1.2/mno-hw-mul/libgcc.a(_clzsi2.o) (__clz_tab)
/opt/altera/13.0sp1/nios2eds/bin/gnu/H-i686-pc-linux-gnu/bin/../lib/gcc/nios2-elf/4.1.2/../../../../nios2-elf/lib/mno-hw-mul/libc.a(lib_a-printf.o)
                              obj/default/cruise_Timer.o (printf)
/opt/altera/13.0sp1/nios2eds/bin/gnu/H-i686-pc-linux-gnu/bin/../lib/gcc/nios2-elf/4.1.2/../../../../nios2-elf/lib/mno-hw-mul/libc.a(lib_a-puts.o)
                              obj/default/cruise_Timer.o (puts)
/opt/altera/13.0sp1/nios2eds/bin/gnu/H-i686-pc-linux-gnu/bin/../lib/gcc/nios2-elf/4.1.2/../../../../nios2-elf/lib/mno-hw-mul/libc.a(lib_a-strlen.o)
                              /opt/altera/13.0sp1/nios2eds/bin/gnu/H-i686-pc-linux-gnu/bin/../lib/gcc/nios2-elf/4.1.2/../../../../nios2-elf/lib/mno-hw-mul/libc.a(lib_a-puts.o) (strlen)
/opt/altera/13.0sp1/nios2eds/bin/gnu/H-i686-pc-linux-gnu/bin/../lib/gcc/nios2-elf/4.1.2/../../../../nios2-elf/lib/mno-hw-mul/libc.a(lib_a-vfprintf.o)
                              /opt/altera/13.0sp1/nios2eds/bin/gnu/H-i686-pc-linux-gnu/bin/../lib/gcc/nios2-elf/4.1.2/../../../../nios2-elf/lib/mno-hw-mul/libc.a(lib_a-printf.o) (___vfprintf_internal_r)
[...]
Memory Configuration

Name             Origin             Length             Attributes
onchip_memory    0x00000000         0x00006400
sram             0x00100000         0x00080000
reset            0x01000000         0x00000020
sdram            0x01000020         0x007fffe0
*default*        0x00000000         0xffffffff

Linker script and memory map

LOAD ../bsp//obj/HAL/src/crt0.o
LOAD obj/default/cruise_Timer.o
LOAD /opt/altera/13.0sp1/nios2eds/bin/gnu/H-i686-pc-linux-gnu/bin/../lib/gcc/nios2-elf/4.1.2/../../../../nios2-elf/lib/mno-hw-mul/libstdc++.a
LOAD /opt/altera/13.0sp1/nios2eds/bin/gnu/H-i686-pc-linux-gnu/bin/../lib/gcc/nios2-elf/4.1.2/../../../../nios2-elf/lib/mno-hw-mul/libm.a
LOAD /opt/altera/13.0sp1/nios2eds/bin/gnu/H-i686-pc-linux-gnu/bin/../lib/gcc/nios2-elf/4.1.2/mno-hw-mul/libgcc.a
START GROUP
LOAD /opt/altera/13.0sp1/nios2eds/bin/gnu/H-i686-pc-linux-gnu/bin/../lib/gcc/nios2-elf/4.1.2/../../../../nios2-elf/lib/mno-hw-mul/libc.a
LOAD /opt/altera/13.0sp1/nios2eds/bin/gnu/H-i686-pc-linux-gnu/bin/../lib/gcc/nios2-elf/4.1.2/mno-hw-mul/libgcc.a
LOAD ../bsp//libucosii_bsp.a
END GROUP
LOAD /opt/altera/13.0sp1/nios2eds/bin/gnu/H-i686-pc-linux-gnu/bin/../lib/gcc/nios2-elf/4.1.2/mno-hw-mul/libgcc.a
                0x00000000                __alt_mem_onchip_memory = 0x0
                0x00100000                __alt_mem_sram = 0x100000
                0x01000000                __alt_mem_sdram = 0x1000000

.entry          0x01000000       0x20
 *(.entry)
 .entry         0x01000000       0x20 ../bsp//obj/HAL/src/crt0.o
                0x01000000                __reset

.exceptions     0x01000020      0x124 load address 0x00100000
                0x01000020                PROVIDE (__ram_exceptions_start, ABSOLUTE (.))
                0x01000020                . = ALIGN (0x20)
 *(.irq)
 *(.exceptions.entry.label)
 .exceptions.entry.label
                0x01000020        0x0 ../bsp//libucosii_bsp.a(alt_irq_entry.o)
                0x01000020                alt_irq_entry
 .exceptions.entry.label
                0x01000020        0x0 ../bsp//libucosii_bsp.a(alt_exception_entry.o)
                0x01000020                alt_exception
 *(.exceptions.entry.user)
 *(.exceptions.entry)
 .exceptions.entry
                0x01000020       0x54 ../bsp//libucosii_bsp.a(alt_exception_entry.o)
 *(.exceptions.irqtest.user)
 *(.exceptions.irqtest)
 .exceptions.irqtest
                0x01000074       0x10 ../bsp//libucosii_bsp.a(alt_irq_entry.o)
 *(.exceptions.irqhandler.user)
 *(.exceptions.irqhandler)
 .exceptions.irqhandler
                0x01000084        0x4 ../bsp//libucosii_bsp.a(alt_irq_entry.o)
 *(.exceptions.irqreturn.user)
 *(.exceptions.irqreturn)
 .exceptions.irqreturn
                0x01000088        0x4 ../bsp//libucosii_bsp.a(alt_irq_entry.o)
 *(.exceptions.notirq.label)
 .exceptions.notirq.label
                0x0100008c        0x0 ../bsp//libucosii_bsp.a(alt_irq_entry.o)
 *(.exceptions.notirq.user)
 *(.exceptions.notirq)
 .exceptions.notirq
                0x0100008c        0x8 ../bsp//libucosii_bsp.a(alt_exception_entry.o)
 *(.exceptions.soft.user)
 *(.exceptions.soft)
 *(.exceptions.unknown.user)
 *(.exceptions.unknown)
 .exceptions.unknown
                0x01000094        0x4 ../bsp//libucosii_bsp.a(alt_exception_entry.o)
 *(.exceptions.exit.label)
 .exceptions.exit.label
                0x01000098        0x0 ../bsp//libucosii_bsp.a(alt_irq_entry.o)
 .exceptions.exit.label
                0x01000098        0x0 ../bsp//libucosii_bsp.a(alt_exception_entry.o)
 *(.exceptions.exit.user)
 *(.exceptions.exit)
 .exceptions.exit
                0x01000098       0x54 ../bsp//libucosii_bsp.a(alt_exception_entry.o)
 *(.exceptions)
 .exceptions    0x010000ec       0x58 ../bsp//libucosii_bsp.a(alt_irq_handler.o)
                0x010000ec                alt_irq_handler
                0x01000144                PROVIDE (__ram_exceptions_end, ABSOLUTE (.))
                0x00100000                PROVIDE (__flash_exceptions_start, LOADADDR (.exceptions))

.text           0x00100124    0x11ed8
                0x00100124                PROVIDE (stext, ABSOLUTE (.))
 *(.interp)
 *(.hash)
 *(.dynsym)
 *(.dynstr)
 *(.gnu.version)
 *(.gnu.version_d)
 *(.gnu.version_r)
 *(.rel.init)
 *(.rela.init)
 *(.rel.text .rel.text.* .rel.gnu.linkonce.t.*)
 *(.rela.text .rela.text.* .rela.gnu.linkonce.t.*)
 *(.rel.fini)
 *(.rela.fini)
 *(.rel.rodata .rel.rodata.* .rel.gnu.linkonce.r.*)
 *(.rela.rodata .rela.rodata.* .rela.gnu.linkonce.r.*)
 *(.rel.data .rel.data.* .rel.gnu.linkonce.d.*)
 *(.rela.data .rela.data.* .rela.gnu.linkonce.d.*)
 *(.rel.tdata .rel.tdata.* .rel.gnu.linkonce.td.*)
 *(.rela.tdata .rela.tdata.* .rela.gnu.linkonce.td.*)
 *(.rel.tbss .rel.tbss.* .rel.gnu.linkonce.tb.*)
 *(.rela.tbss .rela.tbss.* .rela.gnu.linkonce.tb.*)
 *(.rel.ctors)
 *(.rela.ctors)
 *(.rel.dtors)
 *(.rela.dtors)
 *(.rel.got)
 *(.rela.got)
 *(.rel.sdata .rel.sdata.* .rel.gnu.linkonce.s.*)
 *(.rela.sdata .rela.sdata.* .rela.gnu.linkonce.s.*)
 *(.rel.sbss .rel.sbss.* .rel.gnu.linkonce.sb.*)
 *(.rela.sbss .rela.sbss.* .rela.gnu.linkonce.sb.*)
 *(.rel.sdata2 .rel.sdata2.* .rel.gnu.linkonce.s2.*)
 *(.rela.sdata2 .rela.sdata2.* .rela.gnu.linkonce.s2.*)
 *(.rel.sbss2 .rel.sbss2.* .rel.gnu.linkonce.sb2.*)
 *(.rela.sbss2 .rela.sbss2.* .rela.gnu.linkonce.sb2.*)
 *(.rel.bss .rel.bss.* .rel.gnu.linkonce.b.*)
 *(.rela.bss .rela.bss.* .rela.gnu.linkonce.b.*)
 *(.rel.plt)
 *(.rela.plt)
 *(.rel.dyn)
 *(.init)
 *(.plt)
 *(.text .stub .text.* .gnu.linkonce.t.*)
 .text          0x00100124       0x3c ../bsp//obj/HAL/src/crt0.o
                0x00100124                _start
 .text          0x00100160      0xa7c obj/default/cruise_Timer.o
                0x00100160                Task1TmrCallback
                0x001001a0                Task2TmrCallback
                0x001001e0                buttons_pressed
                0x00100208                switches_pressed
                0x0010022c                alarm_handler
                0x0010025c                int2seven
                0x00100298                show_velocity_on_sevenseg
                0x00100388                show_target_velocity
                0x001003a8                show_position
                0x001003c8                adjust_position
                0x0010046c                adjust_velocity
                0x001005ac                VehicleTask
                0x00100890                ControlTask
                0x001008f8                StartTask
                0x00100b60                main
 .text          0x00100bdc       0x98 /opt/altera/13.0sp1/nios2eds/bin/gnu/H-i686-pc-linux-gnu/bin/../lib/gcc/nios2-elf/4.1.2/mno-hw-mul/libgcc.a(_si_to_sf.o)
                0x00100bdc                __floatsisf
 .text          0x00100c74       0x54 /opt/altera/13.0sp1/nios2eds/bin/gnu/H-i686-pc-linux-gnu/bin/../lib/gcc/nios2-elf/4.1.2/mno-hw-mul/libgcc.a(_sf_to_df.o)
                0x00100c74                __extendsfdf2
 .text          0x00100cc8      0x504 /opt/altera/13.0sp1/nios2eds/bin/gnu/H-i686-pc-linux-gnu/bin/../lib/gcc/nios2-elf/4.1.2/mno-hw-mul/libgcc.a(_addsub_df.o)
                0x001010d8                __subdf3
                0x00101158                __adddf3
 .text          0x001011cc      0x258 /opt/altera/13.0sp1/nios2eds/bin/gnu/H-i686-pc-linux-gnu/bin/../lib/gcc/nios2-elf/4.1.2/mno-hw-mul/libgcc.a(_div_df.o)
                0x001011cc                __divdf3
 .text          0x00101424       0xf8 /opt/altera/13.0sp1/nios2eds/bin/gnu/H-i686-pc-linux-gnu/bin/../lib/gcc/nios2-elf/4.1.2/mno-hw-mul/libgcc.a(_si_to_df.o)
                0x00101424                __floatsidf
 .text          0x0010151c       0xd8 /opt/altera/13.0sp1/nios2eds/bin/gnu/H-i686-pc-linux-gnu/bin/../lib/gcc/nios2-elf/4.1.2/mno-hw-mul/libgcc.a(_df_to_si.o)
                0x0010151c                __fixdfsi
 .text          0x001015f4       0x38 /opt/altera/13.0sp1/nios2eds/bin/gnu/H-i686-pc-linux-gnu/bin/../lib/gcc/nios2-elf/4.1.2/mno-hw-mul/libgcc.a(_make_df.o)
                0x001015f4                __make_dp
 .text          0x0010162c        0x0 /opt/altera/13.0sp1/nios2eds/bin/gnu/H-i686-pc-linux-gnu/bin/../lib/gcc/nios2-elf/4.1.2/mno-hw-mul/libgcc.a(_thenan_df.o)
 .text          0x0010162c      0x14c /opt/altera/13.0sp1/nios2eds/bin/gnu/H-i686-pc-linux-gnu/bin/../lib/gcc/nios2-elf/4.1.2/mno-hw-mul/libgcc.a(lib2-divmod.o)
                0x001016a8                __divsi3
                0x00101708                __modsi3
                0x00101768                __udivsi3
                0x00101770                __umodsi3
 .text          0x00101778       0x38 /opt/altera/13.0sp1/nios2eds/bin/gnu/H-i686-pc-linux-gnu/bin/../lib/gcc/nios2-elf/4.1.2/mno-hw-mul/libgcc.a(lib2-mul.o)
                0x00101778                __mulsi3
 .text          0x001017b0       0x80 /opt/altera/13.0sp1/nios2eds/bin/gnu/H-i686-pc-linux-gnu/bin/../lib/gcc/nios2-elf/4.1.2/mno-hw-mul/libgcc.a(_clzsi2.o)
                0x001017b0                __clzsi2
 .text          0x00101830      0x160 /opt/altera/13.0sp1/nios2eds/bin/gnu/H-i686-pc-linux-gnu/bin/../lib/gcc/nios2-elf/4.1.2/mno-hw-mul/libgcc.a(_pack_sf.o)
                0x00101830                __pack_f
 .text          0x00101990       0xc8 /opt/altera/13.0sp1/nios2eds/bin/gnu/H-i686-pc-linux-gnu/bin/../lib/gcc/nios2-elf/4.1.2/mno-hw-mul/libgcc.a(_unpack_sf.o)
                0x00101990                __unpack_f
 .text          0x00101a58      0x314 /opt/altera/13.0sp1/nios2eds/bin/gnu/H-i686-pc-linux-gnu/bin/../lib/gcc/nios2-elf/4.1.2/mno-hw-mul/libgcc.a(_pack_df.o)
                0x00101a58                __pack_d
 .text          0x00101d6c      0x138 /opt/altera/13.0sp1/nios2eds/bin/gnu/H-i686-pc-linux-gnu/bin/../lib/gcc/nios2-elf/4.1.2/mno-hw-mul/libgcc.a(_unpack_df.o)
                0x00101d6c                __unpack_d
 .text          0x00101ea4        0x0 /opt/altera/13.0sp1/nios2eds/bin/gnu/H-i686-pc-linux-gnu/bin/../lib/gcc/nios2-elf/4.1.2/mno-hw-mul/libgcc.a(_clz.o)
 .text          0x00101ea4       0x78 /opt/altera/13.0sp1/nios2eds/bin/gnu/H-i686-pc-linux-gnu/bin/../lib/gcc/nios2-elf/4.1.2/../../../../nios2-elf/lib/mno-hw-mul/libc.a(lib_a-printf.o)
                0x00101ea4                printf
                0x00101ee8                _printf_r
 .text          0x00101f1c       0xb4 /opt/altera/13.0sp1/nios2eds/bin/gnu/H-i686-pc-linux-gnu/bin/../lib/gcc/nios2-elf/4.1.2/../../../../nios2-elf/lib/mno-hw-mul/libc.a(lib_a-puts.o)
                0x00101f1c                _puts_r
                0x00101fbc                puts
 .text          0x00101fd0       0x74 /opt/altera/13.0sp1/nios2eds/bin/gnu/H-i686-pc-linux-gnu/bin/../lib/gcc/nios2-elf/4.1.2/../../../../nios2-elf/lib/mno-hw-mul/libc.a(lib_a-strlen.o)
                0x00101fd0                strlen
 .text          0x00102044     0x1f40 /opt/altera/13.0sp1/nios2eds/bin/gnu/H-i686-pc-linux-gnu/bin/../lib/gcc/nios2-elf/4.1.2/../../../../nios2-elf/lib/mno-hw-mul/libc.a(lib_a-vfprintf.o)
                0x0010209c                ___vfprintf_internal_r
                0x00103f60                __vfprintf_internal
 .text          0x00103f84      0x13c /opt/altera/13.0sp1/nios2eds/bin/gnu/H-i686-pc-linux-gnu/bin/../lib/gcc/nios2-elf/4.1.2/../../../../nios2-elf/lib/mno-hw-mul/libc.a(lib_a-wsetup.o)
                0x00103f84                __swsetup_r
 .text          0x001040c0     0x17f8 /opt/altera/13.0sp1/nios2eds/bin/gnu/H-i686-pc-linux-gnu/bin/../lib/gcc/nios2-elf/4.1.2/../../../../nios2-elf/lib/mno-hw-mul/libc.a(lib_a-dtoa.o)
                0x00104304                _dtoa_r
 .text          0x001058b8      0x230 /opt/altera/13.0sp1/nios2eds/bin/gnu/H-i686-pc-linux-gnu/bin/../lib/gcc/nios2-elf/4.1.2/../../../../nios2-elf/lib/mno-hw-mul/libc.a(lib_a-fflush.o)
                0x001058b8                _fflush_r
                0x00105ab4                fflush
 .text          0x00105ae8      0x2f4 /opt/altera/13.0sp1/nios2eds/bin/gnu/H-i686-pc-linux-gnu/bin/../lib/gcc/nios2-elf/4.1.2/../../../../nios2-elf/lib/mno-hw-mul/libc.a(lib_a-findfp.o)
                0x00105b40                __sfp_lock_acquire
                0x00105b44                __sfp_lock_release
                0x00105b48                __sinit_lock_acquire
                0x00105b4c                __sinit_lock_release
                0x00105b50                __sinit
                0x00105c04                __fp_unlock_all
                0x00105c1c                __fp_lock_all
                0x00105c34                _cleanup_r
                0x00105c40                _cleanup
                0x00105c50                __sfmoreglue
                0x00105cec                __sfp
 .text          0x00105ddc      0x440 /opt/altera/13.0sp1/nios2eds/bin/gnu/H-i686-pc-linux-gnu/bin/../lib/gcc/nios2-elf/4.1.2/../../../../nios2-elf/lib/mno-hw-mul/libc.a(lib_a-freer.o)
                0x00105ddc                _malloc_trim_r
                0x00105f08                _free_r
 .text          0x0010621c      0x49c /opt/altera/13.0sp1/nios2eds/bin/gnu/H-i686-pc-linux-gnu/bin/../lib/gcc/nios2-elf/4.1.2/../../../../nios2-elf/lib/mno-hw-mul/libc.a(lib_a-fvwrite.o)
                0x0010621c                __sfvwrite_r
 .text          0x001066b8      0x180 /opt/altera/13.0sp1/nios2eds/bin/gnu/H-i686-pc-linux-gnu/bin/../lib/gcc/nios2-elf/4.1.2/../../../../nios2-elf/lib/mno-hw-mul/libc.a(lib_a-fwalk.o)
                0x001066b8                _fwalk_reent
                0x00106780                _fwalk
 .text          0x00106838        0x0 /opt/altera/13.0sp1/nios2eds/bin/gnu/H-i686-pc-linux-gnu/bin/../lib/gcc/nios2-elf/4.1.2/../../../../nios2-elf/lib/mno-hw-mul/libc.a(lib_a-impure.o)
 .text          0x00106838       0xc4 /opt/altera/13.0sp1/nios2eds/bin/gnu/H-i686-pc-linux-gnu/bin/../lib/gcc/nios2-elf/4.1.2/../../../../nios2-elf/lib/mno-hw-mul/libc.a(lib_a-locale.o)
                0x00106838                __locale_charset
                0x00106840                _localeconv_r
                0x0010684c                localeconv
                0x0010685c                _setlocale_r
                0x001068e0                setlocale
 .text          0x001068fc      0x194 /opt/altera/13.0sp1/nios2eds/bin/gnu/H-i686-pc-linux-gnu/bin/../lib/gcc/nios2-elf/4.1.2/../../../../nios2-elf/lib/mno-hw-mul/libc.a(lib_a-makebuf.o)
                0x001068fc                __smakebuf_r
 .text          0x00106a90      0x740 /opt/altera/13.0sp1/nios2eds/bin/gnu/H-i686-pc-linux-gnu/bin/../lib/gcc/nios2-elf/4.1.2/../../../../nios2-elf/lib/mno-hw-mul/libc.a(lib_a-mallocr.o)
                0x00106a90                _malloc_r
 .text          0x001071d0       0xe4 /opt/altera/13.0sp1/nios2eds/bin/gnu/H-i686-pc-linux-gnu/bin/../lib/gcc/nios2-elf/4.1.2/../../../../nios2-elf/lib/mno-hw-mul/libc.a(lib_a-memchr.o)
                0x001071d0                memchr
 .text          0x001072b4       0xa0 /opt/altera/13.0sp1/nios2eds/bin/gnu/H-i686-pc-linux-gnu/bin/../lib/gcc/nios2-elf/4.1.2/../../../../nios2-elf/lib/mno-hw-mul/libc.a(lib_a-memcpy.o)
                0x001072b4                memcpy
 .text          0x00107354       0xe0 /opt/altera/13.0sp1/nios2eds/bin/gnu/H-i686-pc-linux-gnu/bin/../lib/gcc/nios2-elf/4.1.2/../../../../nios2-elf/lib/mno-hw-mul/libc.a(lib_a-memmove.o)
                0x00107354                memmove
 .text          0x00107434       0x98 /opt/altera/13.0sp1/nios2eds/bin/gnu/H-i686-pc-linux-gnu/bin/../lib/gcc/nios2-elf/4.1.2/../../../../nios2-elf/lib/mno-hw-mul/libc.a(lib_a-memset.o)
                0x00107434                memset
 .text          0x001074cc     0x108c /opt/altera/13.0sp1/nios2eds/bin/gnu/H-i686-pc-linux-gnu/bin/../lib/gcc/nios2-elf/4.1.2/../../../../nios2-elf/lib/mno-hw-mul/libc.a(lib_a-mprec.o)
                0x001074cc                _Bfree
                0x001074f4                __hi0bits
                0x00107564                __lo0bits
                0x00107628                __mcmp
                0x00107688                __ulp
                0x00107708                __b2d
                0x00107828                __ratio
                0x001078d8                _mprec_log10
                0x0010796c                __copybits
                0x001079c4                __any_on
                0x00107a4c                _Balloc
                0x00107b08                __d2b
                0x00107c84                __mdiff
                0x00107e10                __lshift
                0x00107f5c                __multiply
                0x001081b0                __i2b
                0x001081ec                __multadd
                0x00108318                __pow5mult
                0x00108438                __s2b
 .text          0x00108558      0x5f4 /opt/altera/13.0sp1/nios2eds/bin/gnu/H-i686-pc-linux-gnu/bin/../lib/gcc/nios2-elf/4.1.2/../../../../nios2-elf/lib/mno-hw-mul/libc.a(lib_a-reallocr.o)
                0x00108558                _realloc_r
 .text          0x00108b4c       0x40 /opt/altera/13.0sp1/nios2eds/bin/gnu/H-i686-pc-linux-gnu/bin/../lib/gcc/nios2-elf/4.1.2/../../../../nios2-elf/lib/mno-hw-mul/libc.a(lib_a-s_isinfd.o)
                0x00108b4c                __isinfd
 .text          0x00108b8c       0x30 /opt/altera/13.0sp1/nios2eds/bin/gnu/H-i686-pc-linux-gnu/bin/../lib/gcc/nios2-elf/4.1.2/../../../../nios2-elf/lib/mno-hw-mul/libc.a(lib_a-s_isnand.o)
                0x00108b8c                __isnand
 .text          0x00108bbc       0x70 /opt/altera/13.0sp1/nios2eds/bin/gnu/H-i686-pc-linux-gnu/bin/../lib/gcc/nios2-elf/4.1.2/../../../../nios2-elf/lib/mno-hw-mul/libc.a(lib_a-sbrkr.o)
                0x00108bbc                _sbrk_r
 .text          0x00108c2c      0x14c /opt/altera/13.0sp1/nios2eds/bin/gnu/H-i686-pc-linux-gnu/bin/../lib/gcc/nios2-elf/4.1.2/../../../../nios2-elf/lib/mno-hw-mul/libc.a(lib_a-stdio.o)
                0x00108c2c                __sclose
                0x00108c34                __sseek
                0x00108c9c                __swrite
                0x00108d18                __sread
 .text          0x00108d78       0xbc /opt/altera/13.0sp1/nios2eds/bin/gnu/H-i686-pc-linux-gnu/bin/../lib/gcc/nios2-elf/4.1.2/../../../../nios2-elf/lib/mno-hw-mul/libc.a(lib_a-strcmp.o)
                0x00108d78                strcmp
 .text          0x00108e34       0x78 /opt/altera/13.0sp1/nios2eds/bin/gnu/H-i686-pc-linux-gnu/bin/../lib/gcc/nios2-elf/4.1.2/../../../../nios2-elf/lib/mno-hw-mul/libc.a(lib_a-writer.o)
                0x00108e34                _write_r
 .text          0x00108eac       0xc8 /opt/altera/13.0sp1/nios2eds/bin/gnu/H-i686-pc-linux-gnu/bin/../lib/gcc/nios2-elf/4.1.2/../../../../nios2-elf/lib/mno-hw-mul/libc.a(lib_a-callocr.o)
                0x00108eac                _calloc_r
 .text          0x00108f74       0x70 /opt/altera/13.0sp1/nios2eds/bin/gnu/H-i686-pc-linux-gnu/bin/../lib/gcc/nios2-elf/4.1.2/../../../../nios2-elf/lib/mno-hw-mul/libc.a(lib_a-closer.o)
                0x00108f74                _close_r
 .text          0x00108fe4      0x124 /opt/altera/13.0sp1/nios2eds/bin/gnu/H-i686-pc-linux-gnu/bin/../lib/gcc/nios2-elf/4.1.2/../../../../nios2-elf/lib/mno-hw-mul/libc.a(lib_a-fclose.o)
                0x00108fe4                _fclose_r
                0x001090f4                fclose
 .text          0x00109108       0x74 /opt/altera/13.0sp1/nios2eds/bin/gnu/H-i686-pc-linux-gnu/bin/../lib/gcc/nios2-elf/4.1.2/../../../../nios2-elf/lib/mno-hw-mul/libc.a(lib_a-fstatr.o)
                0x00109108                _fstat_r
 .text          0x0010917c        0x0 /opt/altera/13.0sp1/nios2eds/bin/gnu/H-i686-pc-linux-gnu/bin/../lib/gcc/nios2-elf/4.1.2/../../../../nios2-elf/lib/mno-hw-mul/libc.a(lib_a-int_errno.o)
 .text          0x0010917c       0x70 /opt/altera/13.0sp1/nios2eds/bin/gnu/H-i686-pc-linux-gnu/bin/../lib/gcc/nios2-elf/4.1.2/../../../../nios2-elf/lib/mno-hw-mul/libc.a(lib_a-isattyr.o)
                0x0010917c                _isatty_r
 .text          0x001091ec       0x78 /opt/altera/13.0sp1/nios2eds/bin/gnu/H-i686-pc-linux-gnu/bin/../lib/gcc/nios2-elf/4.1.2/../../../../nios2-elf/lib/mno-hw-mul/libc.a(lib_a-lseekr.o)
                0x001091ec                _lseek_r
 .text          0x00109264       0x78 /opt/altera/13.0sp1/nios2eds/bin/gnu/H-i686-pc-linux-gnu/bin/../lib/gcc/nios2-elf/4.1.2/../../../../nios2-elf/lib/mno-hw-mul/libc.a(lib_a-readr.o)
                0x00109264                _read_r
 .text          0x001092dc      0x66c /opt/altera/13.0sp1/nios2eds/bin/gnu/H-i686-pc-linux-gnu/bin/../lib/gcc/nios2-elf/4.1.2/mno-hw-mul/libgcc.a(_udivdi3.o)
                0x001092dc                __udivdi3
 .text          0x00109948      0x660 /opt/altera/13.0sp1/nios2eds/bin/gnu/H-i686-pc-linux-gnu/bin/../lib/gcc/nios2-elf/4.1.2/mno-hw-mul/libgcc.a(_umoddi3.o)
                0x00109948                __umoddi3
 .text          0x00109fa8      0x3c4 /opt/altera/13.0sp1/nios2eds/bin/gnu/H-i686-pc-linux-gnu/bin/../lib/gcc/nios2-elf/4.1.2/mno-hw-mul/libgcc.a(_mul_df.o)
                0x00109fa8                __muldf3
 .text          0x0010a36c       0x88 /opt/altera/13.0sp1/nios2eds/bin/gnu/H-i686-pc-linux-gnu/bin/../lib/gcc/nios2-elf/4.1.2/mno-hw-mul/libgcc.a(_eq_df.o)
                0x0010a36c                __eqdf2
 .text          0x0010a3f4       0x88 /opt/altera/13.0sp1/nios2eds/bin/gnu/H-i686-pc-linux-gnu/bin/../lib/gcc/nios2-elf/4.1.2/mno-hw-mul/libgcc.a(_ne_df.o)
                0x0010a3f4                __nedf2
 .text          0x0010a47c       0x88 /opt/altera/13.0sp1/nios2eds/bin/gnu/H-i686-pc-linux-gnu/bin/../lib/gcc/nios2-elf/4.1.2/mno-hw-mul/libgcc.a(_gt_df.o)
                0x0010a47c                __gtdf2
 .text          0x0010a504       0x88 /opt/altera/13.0sp1/nios2eds/bin/gnu/H-i686-pc-linux-gnu/bin/../lib/gcc/nios2-elf/4.1.2/mno-hw-mul/libgcc.a(_ge_df.o)
                0x0010a504                __gedf2
 .text          0x0010a58c       0x88 /opt/altera/13.0sp1/nios2eds/bin/gnu/H-i686-pc-linux-gnu/bin/../lib/gcc/nios2-elf/4.1.2/mno-hw-mul/libgcc.a(_lt_df.o)
                0x0010a58c                __ltdf2
 .text          0x0010a614      0x194 /opt/altera/13.0sp1/nios2eds/bin/gnu/H-i686-pc-linux-gnu/bin/../lib/gcc/nios2-elf/4.1.2/mno-hw-mul/libgcc.a(_usi_to_df.o)
                0x0010a614                __floatunsidf
 .text          0x0010a7a8      0x124 /opt/altera/13.0sp1/nios2eds/bin/gnu/H-i686-pc-linux-gnu/bin/../lib/gcc/nios2-elf/4.1.2/mno-hw-mul/libgcc.a(_muldi3.o)
                0x0010a7a8                __muldi3
 .text          0x0010a8cc       0xc8 /opt/altera/13.0sp1/nios2eds/bin/gnu/H-i686-pc-linux-gnu/bin/../lib/gcc/nios2-elf/4.1.2/mno-hw-mul/libgcc.a(_fpcmp_parts_df.o)
                0x0010a8cc                __fpcmp_parts_d
 .text          0x0010a994       0x90 ../bsp//libucosii_bsp.a(alt_alarm_start.o)
                0x0010a994                alt_alarm_start
 .text          0x0010aa24       0xbc ../bsp//libucosii_bsp.a(alt_close.o)
                0x0010aa44                close
 .text          0x0010aae0        0x8 ../bsp//libucosii_bsp.a(alt_dev.o)
 .text          0x0010aae8        0x0 ../bsp//libucosii_bsp.a(alt_errno.o)
 .text          0x0010aae8       0x9c ../bsp//libucosii_bsp.a(alt_fstat.o)
                0x0010aae8                fstat
 .text          0x0010ab84       0x94 ../bsp//libucosii_bsp.a(alt_isatty.o)
                0x0010ab84                isatty
 .text          0x0010ac18       0x8c ../bsp//libucosii_bsp.a(alt_load.o)
                0x0010ac38                alt_load
 .text          0x0010aca4       0xb8 ../bsp//libucosii_bsp.a(alt_lseek.o)
                0x0010aca4                lseek
 .text          0x0010ad5c       0xa8 ../bsp//libucosii_bsp.a(alt_main.o)
                0x0010ad5c                alt_main
 .text          0x0010ae04       0xd8 ../bsp//libucosii_bsp.a(alt_read.o)
                0x0010ae24                read
 .text          0x0010aedc       0x5c ../bsp//libucosii_bsp.a(alt_release_fd.o)
                0x0010aedc                alt_release_fd
 .text          0x0010af38       0x50 ../bsp//libucosii_bsp.a(alt_sbrk.o)
                0x0010af38                sbrk
 .text          0x0010af88       0xe0 ../bsp//libucosii_bsp.a(alt_tick.o)
                0x0010af88                alt_alarm_stop
                0x0010afbc                alt_tick
 .text          0x0010b068       0xd4 ../bsp//libucosii_bsp.a(alt_write.o)
                0x0010b088                write
 .text          0x0010b13c       0xa8 ../bsp//libucosii_bsp.a(alt_env_lock.o)
                0x0010b13c                __env_unlock
                0x0010b164                __env_lock
 .text          0x0010b1e4      0x110 ../bsp//libucosii_bsp.a(alt_malloc_lock.o)
                0x0010b1e4                __malloc_unlock
                0x0010b240                __malloc_lock
 .text          0x0010b2f4     0x1118 ../bsp//libucosii_bsp.a(os_core.o)
                0x0010b2f4                OSVersion
                0x0010b2fc                OS_Dummy
                0x0010b300                OS_EventTaskWait
                0x0010b384                OS_EventTaskWaitMulti
                0x0010b424                OS_EventTaskRemove
                0x0010b470                OS_EventTaskRemoveMulti
                0x0010b4cc                OS_EventTaskRdy
                0x0010b5c0                OS_EventWaitListInit
                0x0010b5dc                OS_MemClr
                0x0010b5f8                OS_MemCopy
                0x0010b61c                OS_StrCopy
                0x0010b648                OS_StrLen
                0x0010b668                OS_TaskStatStkChk
                0x0010b6ec                OS_Sched
                0x0010b7a4                OSStart
                0x0010b810                OSInit
                0x0010b9f0                OSEventNameGet
                0x0010baa8                OSEventPendMulti
                0x0010be00                OSIntEnter
                0x0010be3c                OSSchedLock
                0x0010be80                OSSchedUnlock
                0x0010bed4                OSStatInit
                0x0010bf38                OSTimeTick
                0x0010c044                OS_TaskIdle
                0x0010c074                OS_TaskStat
                0x0010c0f8                OS_TCBInit
                0x0010c27c                OSIntExit
                0x0010c350                OSEventNameSet
 .text          0x0010c40c        0x4 ../bsp//libucosii_bsp.a(os_dbg.o)
                0x0010c40c                OSDebugInit
 .text          0x0010c410      0xc5c ../bsp//libucosii_bsp.a(os_flag.o)
                0x0010c4c8                OS_FlagUnlink
                0x0010c594                OS_FlagInit
                0x0010c604                OSFlagQuery
                0x0010c660                OSFlagAccept
                0x0010c7d0                OSFlagCreate
                0x0010c858                OSFlagDel
                0x0010c9b8                OSFlagNameGet
                0x0010ca78                OSFlagNameSet
                0x0010cb4c                OSFlagPend
                0x0010ce4c                OSFlagPendGetFlagsRdy
                0x0010ce78                OSFlagPost
 .text          0x0010d06c      0x67c ../bsp//libucosii_bsp.a(os_mbox.o)
                0x0010d06c                OSMboxQuery
                0x0010d0e8                OSMboxAccept
                0x0010d120                OSMboxCreate
                0x0010d1ac                OSMboxDel
                0x0010d2f4                OSMboxPend
                0x0010d484                OSMboxPendAbort
                0x0010d568                OSMboxPost
                0x0010d604                OSMboxPostOpt
 .text          0x0010d6e8      0x3b8 ../bsp//libucosii_bsp.a(os_mem.o)
                0x0010d6e8                OS_MemInit
                0x0010d750                OSMemQuery
                0x0010d7b4                OSMemCreate
                0x0010d884                OSMemGet
                0x0010d8f0                OSMemNameGet
                0x0010d98c                OSMemNameSet
                0x0010da48                OSMemPut
 .text          0x0010daa0      0x9c4 ../bsp//libucosii_bsp.a(os_q.o)
                0x0010daa0                OS_QInit
                0x0010daf0                OSQQuery
                0x0010db88                OSQAccept
                0x0010dc24                OSQCreate
                0x0010dd24                OSQDel
                0x0010dea8                OSQFlush
                0x0010def8                OSQPend
                0x0010e0b8                OSQPendAbort
                0x0010e1a0                OSQPost
                0x0010e25c                OSQPostFront
                0x0010e320                OSQPostOpt
 .text          0x0010e464      0x5e0 ../bsp//libucosii_bsp.a(os_sem.o)
                0x0010e464                OSSemSet
                0x0010e4c8                OSSemAccept
                0x0010e50c                OSSemCreate
                0x0010e598                OSSemDel
                0x0010e6ec                OSSemPend
                0x0010e854                OSSemPendAbort
                0x0010e940                OSSemPost
                0x0010e9dc                OSSemQuery
 .text          0x0010ea44      0xe74 ../bsp//libucosii_bsp.a(os_task.o)
                0x0010ea44                OS_TaskStkClr
                0x0010ea74                OSTaskQuery
                0x0010eb3c                OSTaskChangePrio
                0x0010edd8                OSTaskCreate
                0x0010eee4                OSTaskCreateExt
                0x0010f05c                OSTaskDel
                0x0010f2a8                OSTaskDelReq
                0x0010f35c                OSTaskNameGet
                0x0010f464                OSTaskNameSet
                0x0010f580                OSTaskResume
                0x0010f684                OSTaskStkChk
                0x0010f774                OSTaskSuspend
 .text          0x0010f8b8      0x378 ../bsp//libucosii_bsp.a(os_time.o)
                0x0010f8b8                OSTimeSet
                0x0010f8dc                OSTimeDly
                0x0010f974                OSTimeDlyHMSM
                0x0010fb14                OSTimeDlyResume
                0x0010fc0c                OSTimeGet
 .text          0x0010fc30      0xb94 ../bsp//libucosii_bsp.a(os_tmr.o)
                0x0010fd9c                OSTmr_Init
                0x0010fff8                OSTmrStop
                0x00110154                OSTmrStart
                0x00110258                OSTmrStateGet
                0x00110300                OSTmrRemainGet
                0x00110418                OSTmrDel
                0x00110514                OSTmrSignal
                0x0011053c                OSTmrNameGet
                0x00110628                OSTmrCreate
 .text          0x001107c4       0x9c ../bsp//libucosii_bsp.a(alt_sys_init.o)
                0x001107d0                alt_sys_init
                0x00110840                alt_irq_init
 .text          0x00110860       0x3c ../bsp//libucosii_bsp.a(altera_avalon_jtag_uart_fd.o)
                0x00110860                altera_avalon_jtag_uart_ioctl_fd
                0x0011086c                altera_avalon_jtag_uart_close_fd
                0x0011087c                altera_avalon_jtag_uart_write_fd
                0x0011088c                altera_avalon_jtag_uart_read_fd
 .text          0x0011089c      0x2f4 ../bsp//libucosii_bsp.a(altera_avalon_jtag_uart_init.o)
                0x0011089c                altera_avalon_jtag_uart_close
                0x0011095c                altera_avalon_jtag_uart_init
 .text          0x00110b90       0x7c ../bsp//libucosii_bsp.a(altera_avalon_jtag_uart_ioctl.o)
                0x00110b90                altera_avalon_jtag_uart_ioctl
 .text          0x00110c0c      0x1ac ../bsp//libucosii_bsp.a(altera_avalon_jtag_uart_read.o)
                0x00110c0c                altera_avalon_jtag_uart_read
 .text          0x00110db8      0x1b8 ../bsp//libucosii_bsp.a(altera_avalon_jtag_uart_write.o)
                0x00110db8                altera_avalon_jtag_uart_write
 .text          0x00110f70       0x8c ../bsp//libucosii_bsp.a(altera_avalon_timer_sc.o)
                0x00110f70                alt_avalon_timer_sc_init
 .text          0x00110ffc      0x250 ../bsp//libucosii_bsp.a(altera_up_avalon_character_lcd.o)
                0x00110ffc                get_DDRAM_addr
                0x00111014                alt_up_character_lcd_string
                0x00111030                alt_up_character_lcd_write
                0x00111054                alt_up_character_lcd_write_fd
                0x00111074                alt_up_character_lcd_init
                0x00111084                alt_up_character_lcd_send_cmd
                0x00111094                alt_up_character_lcd_cursor_blink_on
                0x0011109c                alt_up_character_lcd_cursor_off
                0x001110a4                alt_up_character_lcd_erase_pos
                0x00111108                alt_up_character_lcd_shift_display
                0x00111178                alt_up_character_lcd_shift_cursor
                0x001111e8                alt_up_character_lcd_set_cursor_pos
                0x00111240                alt_up_character_lcd_open_dev
 .text          0x0011124c        0x4 ../bsp//libucosii_bsp.a(alt_dcache_flush_all.o)
                0x0011124c                alt_dcache_flush_all
 .text          0x00111250       0x70 ../bsp//libucosii_bsp.a(alt_dev_llist_insert.o)
                0x00111250                alt_dev_llist_insert
 .text          0x001112c0       0x40 ../bsp//libucosii_bsp.a(alt_do_ctors.o)
                0x001112c0                _do_ctors
 .text          0x00111300       0x40 ../bsp//libucosii_bsp.a(alt_do_dtors.o)
                0x00111300                _do_dtors
 .text          0x00111340       0x70 ../bsp//libucosii_bsp.a(alt_find_dev.o)
                0x00111340                alt_find_dev
 .text          0x001113b0        0x4 ../bsp//libucosii_bsp.a(alt_icache_flush_all.o)
                0x001113b0                alt_icache_flush_all
 .text          0x001113b4       0x9c ../bsp//libucosii_bsp.a(alt_iic.o)
                0x001113b4                alt_ic_irq_enabled
                0x001113cc                alt_ic_irq_enable
                0x0011140c                alt_ic_irq_disable
                0x0011144c                alt_ic_isr_register
 .text          0x00111450       0x6c ../bsp//libucosii_bsp.a(alt_iic_isr_register.o)
                0x00111450                alt_iic_isr_register
 .text          0x001114bc      0x114 ../bsp//libucosii_bsp.a(alt_io_redirect.o)
                0x00111544                alt_io_redirect
 .text          0x001115d0        0x0 ../bsp//libucosii_bsp.a(alt_irq_entry.o)
 .text          0x001115d0        0x0 ../bsp//libucosii_bsp.a(alt_irq_handler.o)
 .text          0x001115d0        0x0 ../bsp//libucosii_bsp.a(alt_irq_vars.o)
 .text          0x001115d0      0x17c ../bsp//libucosii_bsp.a(alt_open.o)
                0x001115d0                open
 .text          0x0011174c        0x8 ../bsp//libucosii_bsp.a(altera_nios2_qsys_irq.o)
                0x0011174c                altera_nios2_qsys_irq_init
 .text          0x00111754       0xd0 ../bsp//libucosii_bsp.a(os_cpu_a.o)
                0x00111754                OSCtxSw
                0x00111754                OSIntCtxSw
                0x001117e0                OSStartHighRdy
                0x00111800                OSStartTsk
 .text          0x00111824      0x228 ../bsp//libucosii_bsp.a(os_cpu_c.o)
                0x00111824                OSTaskCreateHook
                0x00111828                OSTaskDelHook
                0x0011182c                OSTaskSwHook
                0x00111830                OSTaskStatHook
                0x00111834                OSInitHookBegin
                0x0011183c                OSInitHookEnd
                0x00111840                OSTaskIdleHook
                0x00111844                OSTCBInitHook
                0x00111848                OSTimeTickHook
                0x001118a0                OSTaskStkInit
 .text          0x00111a4c        0x0 ../bsp//libucosii_bsp.a(alt_exception_entry.o)
 .text          0x00111a4c       0x9c ../bsp//libucosii_bsp.a(alt_find_file.o)
                0x00111a4c                alt_find_file
 .text          0x00111ae8       0xa4 ../bsp//libucosii_bsp.a(alt_get_fd.o)
                0x00111ae8                alt_get_fd
 .text          0x00111b8c       0x14 /opt/altera/13.0sp1/nios2eds/bin/gnu/H-i686-pc-linux-gnu/bin/../lib/gcc/nios2-elf/4.1.2/../../../../nios2-elf/lib/mno-hw-mul/libc.a(lib_a-atexit.o)
                0x00111b8c                atexit
 .text          0x00111ba0       0x38 /opt/altera/13.0sp1/nios2eds/bin/gnu/H-i686-pc-linux-gnu/bin/../lib/gcc/nios2-elf/4.1.2/../../../../nios2-elf/lib/mno-hw-mul/libc.a(lib_a-exit.o)
                0x00111ba0                exit
 .text          0x00111bd8       0x74 /opt/altera/13.0sp1/nios2eds/bin/gnu/H-i686-pc-linux-gnu/bin/../lib/gcc/nios2-elf/4.1.2/../../../../nios2-elf/lib/mno-hw-mul/libc.a(lib_a-memcmp.o)
                0x00111bd8                memcmp
 .text          0x00111c4c      0x134 /opt/altera/13.0sp1/nios2eds/bin/gnu/H-i686-pc-linux-gnu/bin/../lib/gcc/nios2-elf/4.1.2/../../../../nios2-elf/lib/mno-hw-mul/libc.a(lib_a-__atexit.o)
                0x00111c4c                __register_exitproc
 .text          0x00111d80      0x1b4 /opt/altera/13.0sp1/nios2eds/bin/gnu/H-i686-pc-linux-gnu/bin/../lib/gcc/nios2-elf/4.1.2/../../../../nios2-elf/lib/mno-hw-mul/libc.a(lib_a-__call_atexit.o)
                0x00111d84                __call_exitprocs
 .text          0x00111f34       0xa4 /opt/altera/13.0sp1/nios2eds/bin/gnu/H-i686-pc-linux-gnu/bin/../lib/gcc/nios2-elf/4.1.2/mno-hw-mul/libgcc.a(_fixunsdfsi.o)
                0x00111f34                __fixunsdfsi
 .text          0x00111fd8       0x20 ../bsp//libucosii_bsp.a(alt_exit.o)
                0x00111fd8                _exit
 *(.gnu.warning.*)
 *(.fini)
                0x00111ff8                PROVIDE (__etext, ABSOLUTE (.))
                0x00111ff8                PROVIDE (_etext, ABSOLUTE (.))
                0x00111ff8                PROVIDE (etext, ABSOLUTE (.))
 *(.eh_frame_hdr)
                0x00111ff8                . = ALIGN (0x4)
                0x00111ff8                PROVIDE (__preinit_array_start, ABSOLUTE (.))
 *(.preinit_array)
                0x00111ff8                PROVIDE (__preinit_array_end, ABSOLUTE (.))
                0x00111ff8                PROVIDE (__init_array_start, ABSOLUTE (.))
 *(.init_array)
                0x00111ff8                PROVIDE (__init_array_end, ABSOLUTE (.))
                0x00111ff8                PROVIDE (__fini_array_start, ABSOLUTE (.))
 *(.fini_array)
                0x00111ff8                PROVIDE (__fini_array_end, ABSOLUTE (.))
 *(.eh_frame)
 *(.gcc_except_table)
 *(.dynamic)
                0x00111ff8                PROVIDE (__CTOR_LIST__, ABSOLUTE (.))
 *(.ctors)
 *(SORT(.ctors.*))
 .ctors.65535   0x00111ff8        0x4 /opt/altera/13.0sp1/nios2eds/bin/gnu/H-i686-pc-linux-gnu/bin/../lib/gcc/nios2-elf/4.1.2/../../../../nios2-elf/lib/mno-hw-mul/libc.a(lib_a-__call_atexit.o)
                0x00111ffc                PROVIDE (__CTOR_END__, ABSOLUTE (.))
                0x00111ffc                PROVIDE (__DTOR_LIST__, ABSOLUTE (.))
 *(.dtors)
 *(SORT(.dtors.*))
                0x00111ffc                PROVIDE (__DTOR_END__, ABSOLUTE (.))
 *(.jcr)
                0x00111ffc                . = ALIGN (0x4)

.rodata         0x00111ffc      0x614
                0x00111ffc                PROVIDE (__ram_rodata_start, ABSOLUTE (.))
                0x00111ffc                . = ALIGN (0x4)
 *(.rodata .rodata.* .gnu.linkonce.r.*)
 .rodata        0x00111ffc      0x17c obj/default/cruise_Timer.o
 .rodata        0x00112178       0x14 /opt/altera/13.0sp1/nios2eds/bin/gnu/H-i686-pc-linux-gnu/bin/../lib/gcc/nios2-elf/4.1.2/mno-hw-mul/libgcc.a(_thenan_df.o)
                0x00112178                __thenan_df
 .rodata        0x0011218c      0x100 /opt/altera/13.0sp1/nios2eds/bin/gnu/H-i686-pc-linux-gnu/bin/../lib/gcc/nios2-elf/4.1.2/mno-hw-mul/libgcc.a(_clz.o)
                0x0011218c                __clz_tab
 .rodata.str1.4
                0x0011228c        0x2 /opt/altera/13.0sp1/nios2eds/bin/gnu/H-i686-pc-linux-gnu/bin/../lib/gcc/nios2-elf/4.1.2/../../../../nios2-elf/lib/mno-hw-mul/libc.a(lib_a-puts.o)
                                  0x4 (size before relaxing)
 *fill*         0x0011228e        0x2 00
 .rodata.str1.4
                0x00112290       0x5e /opt/altera/13.0sp1/nios2eds/bin/gnu/H-i686-pc-linux-gnu/bin/../lib/gcc/nios2-elf/4.1.2/../../../../nios2-elf/lib/mno-hw-mul/libc.a(lib_a-vfprintf.o)
                                 0x60 (size before relaxing)
 .rodata        0x001122ee       0x20 /opt/altera/13.0sp1/nios2eds/bin/gnu/H-i686-pc-linux-gnu/bin/../lib/gcc/nios2-elf/4.1.2/../../../../nios2-elf/lib/mno-hw-mul/libc.a(lib_a-vfprintf.o)
 *fill*         0x0011230e        0x2 00
 .rodata.str1.4
                0x00112310       0x10 /opt/altera/13.0sp1/nios2eds/bin/gnu/H-i686-pc-linux-gnu/bin/../lib/gcc/nios2-elf/4.1.2/../../../../nios2-elf/lib/mno-hw-mul/libc.a(lib_a-dtoa.o)
                                 0x14 (size before relaxing)
 .rodata.str1.4
                0x00112320        0x2 /opt/altera/13.0sp1/nios2eds/bin/gnu/H-i686-pc-linux-gnu/bin/../lib/gcc/nios2-elf/4.1.2/../../../../nios2-elf/lib/mno-hw-mul/libc.a(lib_a-impure.o)
                                  0x4 (size before relaxing)
 *fill*         0x00112322        0x2 00
 .rodata.str1.4
                0x00112324        0xf /opt/altera/13.0sp1/nios2eds/bin/gnu/H-i686-pc-linux-gnu/bin/../lib/gcc/nios2-elf/4.1.2/../../../../nios2-elf/lib/mno-hw-mul/libc.a(lib_a-locale.o)
                                 0x18 (size before relaxing)
 *fill*         0x00112333        0x1 00
 .rodata        0x00112334       0x30 /opt/altera/13.0sp1/nios2eds/bin/gnu/H-i686-pc-linux-gnu/bin/../lib/gcc/nios2-elf/4.1.2/../../../../nios2-elf/lib/mno-hw-mul/libc.a(lib_a-locale.o)
 .rodata        0x00112364      0x124 /opt/altera/13.0sp1/nios2eds/bin/gnu/H-i686-pc-linux-gnu/bin/../lib/gcc/nios2-elf/4.1.2/../../../../nios2-elf/lib/mno-hw-mul/libc.a(lib_a-mprec.o)
                0x00112364                __mprec_tens
                0x0011242c                __mprec_bigtens
                0x00112454                __mprec_tinytens
 .rodata.str1.4
                0x00112488        0xa ../bsp//libucosii_bsp.a(alt_dev.o)
                                  0xc (size before relaxing)
 *fill*         0x00112492        0x2 00
 .rodata.str1.4
                0x00112494       0x11 ../bsp//libucosii_bsp.a(alt_main.o)
                                 0x14 (size before relaxing)
 *fill*         0x001124a5        0x3 00
 .rodata.str1.4
                0x001124a8       0x1e ../bsp//libucosii_bsp.a(os_core.o)
                                 0x20 (size before relaxing)
 .rodata        0x001124c6      0x100 ../bsp//libucosii_bsp.a(os_core.o)
                0x001124c6                OSUnMapTbl
 *fill*         0x001125c6        0x2 00
 .rodata.str1.4
                0x001125c8       0x35 ../bsp//libucosii_bsp.a(os_tmr.o)
                                 0x38 (size before relaxing)
 *fill*         0x001125fd        0x3 00
 .rodata.str1.4
                0x00112600       0x10 ../bsp//libucosii_bsp.a(alt_sys_init.o)
                                 0x24 (size before relaxing)
 .rodata.str1.4
                0x00000000        0x4 ../bsp//libucosii_bsp.a(os_cpu_c.o)
 *(.rodata1)
                0x00112610                . = ALIGN (0x4)
                0x00112610                PROVIDE (__ram_rodata_end, ABSOLUTE (.))
                0x00111ffc                PROVIDE (__flash_rodata_start, LOADADDR (.rodata))

.rwdata         0x00112610     0x1b50 load address 0x00114160
                0x00112610                PROVIDE (__ram_rwdata_start, ABSOLUTE (.))
                0x00112610                . = ALIGN (0x4)
 *(.got.plt)
 *(.got)
 *(.data1)
 *(.data .data.* .gnu.linkonce.d.*)
 .data          0x00112610        0x0 ../bsp//obj/HAL/src/crt0.o
 .data          0x00112610       0x2c obj/default/cruise_Timer.o
 .data          0x0011263c        0x0 /opt/altera/13.0sp1/nios2eds/bin/gnu/H-i686-pc-linux-gnu/bin/../lib/gcc/nios2-elf/4.1.2/mno-hw-mul/libgcc.a(_si_to_sf.o)
 .data          0x0011263c        0x0 /opt/altera/13.0sp1/nios2eds/bin/gnu/H-i686-pc-linux-gnu/bin/../lib/gcc/nios2-elf/4.1.2/mno-hw-mul/libgcc.a(_sf_to_df.o)
 .data          0x0011263c        0x0 /opt/altera/13.0sp1/nios2eds/bin/gnu/H-i686-pc-linux-gnu/bin/../lib/gcc/nios2-elf/4.1.2/mno-hw-mul/libgcc.a(_addsub_df.o)
 .data          0x0011263c        0x0 /opt/altera/13.0sp1/nios2eds/bin/gnu/H-i686-pc-linux-gnu/bin/../lib/gcc/nios2-elf/4.1.2/mno-hw-mul/libgcc.a(_div_df.o)
 .data          0x0011263c        0x0 /opt/altera/13.0sp1/nios2eds/bin/gnu/H-i686-pc-linux-gnu/bin/../lib/gcc/nios2-elf/4.1.2/mno-hw-mul/libgcc.a(_si_to_df.o)
 .data          0x0011263c        0x0 /opt/altera/13.0sp1/nios2eds/bin/gnu/H-i686-pc-linux-gnu/bin/../lib/gcc/nios2-elf/4.1.2/mno-hw-mul/libgcc.a(_df_to_si.o)
 .data          0x0011263c        0x0 /opt/altera/13.0sp1/nios2eds/bin/gnu/H-i686-pc-linux-gnu/bin/../lib/gcc/nios2-elf/4.1.2/mno-hw-mul/libgcc.a(_make_df.o)
 .data          0x0011263c        0x0 /opt/altera/13.0sp1/nios2eds/bin/gnu/H-i686-pc-linux-gnu/bin/../lib/gcc/nios2-elf/4.1.2/mno-hw-mul/libgcc.a(_thenan_df.o)
 .data          0x0011263c        0x0 /opt/altera/13.0sp1/nios2eds/bin/gnu/H-i686-pc-linux-gnu/bin/../lib/gcc/nios2-elf/4.1.2/mno-hw-mul/libgcc.a(lib2-divmod.o)
 .data          0x0011263c        0x0 /opt/altera/13.0sp1/nios2eds/bin/gnu/H-i686-pc-linux-gnu/bin/../lib/gcc/nios2-elf/4.1.2/mno-hw-mul/libgcc.a(lib2-mul.o)
 .data          0x0011263c        0x0 /opt/altera/13.0sp1/nios2eds/bin/gnu/H-i686-pc-linux-gnu/bin/../lib/gcc/nios2-elf/4.1.2/mno-hw-mul/libgcc.a(_clzsi2.o)
 .data          0x0011263c        0x0 /opt/altera/13.0sp1/nios2eds/bin/gnu/H-i686-pc-linux-gnu/bin/../lib/gcc/nios2-elf/4.1.2/mno-hw-mul/libgcc.a(_pack_sf.o)
 .data          0x0011263c        0x0 /opt/altera/13.0sp1/nios2eds/bin/gnu/H-i686-pc-linux-gnu/bin/../lib/gcc/nios2-elf/4.1.2/mno-hw-mul/libgcc.a(_unpack_sf.o)
 .data          0x0011263c        0x0 /opt/altera/13.0sp1/nios2eds/bin/gnu/H-i686-pc-linux-gnu/bin/../lib/gcc/nios2-elf/4.1.2/mno-hw-mul/libgcc.a(_pack_df.o)
 .data          0x0011263c        0x0 /opt/altera/13.0sp1/nios2eds/bin/gnu/H-i686-pc-linux-gnu/bin/../lib/gcc/nios2-elf/4.1.2/mno-hw-mul/libgcc.a(_unpack_df.o)
 .data          0x0011263c        0x0 /opt/altera/13.0sp1/nios2eds/bin/gnu/H-i686-pc-linux-gnu/bin/../lib/gcc/nios2-elf/4.1.2/mno-hw-mul/libgcc.a(_clz.o)
 .data          0x0011263c        0x0 /opt/altera/13.0sp1/nios2eds/bin/gnu/H-i686-pc-linux-gnu/bin/../lib/gcc/nios2-elf/4.1.2/../../../../nios2-elf/lib/mno-hw-mul/libc.a(lib_a-printf.o)
 .data          0x0011263c        0x0 /opt/altera/13.0sp1/nios2eds/bin/gnu/H-i686-pc-linux-gnu/bin/../lib/gcc/nios2-elf/4.1.2/../../../../nios2-elf/lib/mno-hw-mul/libc.a(lib_a-puts.o)
 .data          0x0011263c        0x0 /opt/altera/13.0sp1/nios2eds/bin/gnu/H-i686-pc-linux-gnu/bin/../lib/gcc/nios2-elf/4.1.2/../../../../nios2-elf/lib/mno-hw-mul/libc.a(lib_a-strlen.o)
 .data          0x0011263c        0x0 /opt/altera/13.0sp1/nios2eds/bin/gnu/H-i686-pc-linux-gnu/bin/../lib/gcc/nios2-elf/4.1.2/../../../../nios2-elf/lib/mno-hw-mul/libc.a(lib_a-vfprintf.o)
 .data          0x0011263c        0x0 /opt/altera/13.0sp1/nios2eds/bin/gnu/H-i686-pc-linux-gnu/bin/../lib/gcc/nios2-elf/4.1.2/../../../../nios2-elf/lib/mno-hw-mul/libc.a(lib_a-wsetup.o)
 .data          0x0011263c        0x0 /opt/altera/13.0sp1/nios2eds/bin/gnu/H-i686-pc-linux-gnu/bin/../lib/gcc/nios2-elf/4.1.2/../../../../nios2-elf/lib/mno-hw-mul/libc.a(lib_a-dtoa.o)
 .data          0x0011263c        0x0 /opt/altera/13.0sp1/nios2eds/bin/gnu/H-i686-pc-linux-gnu/bin/../lib/gcc/nios2-elf/4.1.2/../../../../nios2-elf/lib/mno-hw-mul/libc.a(lib_a-fflush.o)
 .data          0x0011263c        0x0 /opt/altera/13.0sp1/nios2eds/bin/gnu/H-i686-pc-linux-gnu/bin/../lib/gcc/nios2-elf/4.1.2/../../../../nios2-elf/lib/mno-hw-mul/libc.a(lib_a-findfp.o)
 .data          0x0011263c        0x0 /opt/altera/13.0sp1/nios2eds/bin/gnu/H-i686-pc-linux-gnu/bin/../lib/gcc/nios2-elf/4.1.2/../../../../nios2-elf/lib/mno-hw-mul/libc.a(lib_a-freer.o)
 .data          0x0011263c        0x0 /opt/altera/13.0sp1/nios2eds/bin/gnu/H-i686-pc-linux-gnu/bin/../lib/gcc/nios2-elf/4.1.2/../../../../nios2-elf/lib/mno-hw-mul/libc.a(lib_a-fvwrite.o)
 .data          0x0011263c        0x0 /opt/altera/13.0sp1/nios2eds/bin/gnu/H-i686-pc-linux-gnu/bin/../lib/gcc/nios2-elf/4.1.2/../../../../nios2-elf/lib/mno-hw-mul/libc.a(lib_a-fwalk.o)
 .data          0x0011263c      0x400 /opt/altera/13.0sp1/nios2eds/bin/gnu/H-i686-pc-linux-gnu/bin/../lib/gcc/nios2-elf/4.1.2/../../../../nios2-elf/lib/mno-hw-mul/libc.a(lib_a-impure.o)
 .data          0x00112a3c        0xc /opt/altera/13.0sp1/nios2eds/bin/gnu/H-i686-pc-linux-gnu/bin/../lib/gcc/nios2-elf/4.1.2/../../../../nios2-elf/lib/mno-hw-mul/libc.a(lib_a-locale.o)
                0x00112a3c                __lc_ctype
 .data          0x00112a48        0x0 /opt/altera/13.0sp1/nios2eds/bin/gnu/H-i686-pc-linux-gnu/bin/../lib/gcc/nios2-elf/4.1.2/../../../../nios2-elf/lib/mno-hw-mul/libc.a(lib_a-makebuf.o)
 .data          0x00112a48      0x408 /opt/altera/13.0sp1/nios2eds/bin/gnu/H-i686-pc-linux-gnu/bin/../lib/gcc/nios2-elf/4.1.2/../../../../nios2-elf/lib/mno-hw-mul/libc.a(lib_a-mallocr.o)
                0x00112a48                __malloc_av_
 .data          0x00112e50        0x0 /opt/altera/13.0sp1/nios2eds/bin/gnu/H-i686-pc-linux-gnu/bin/../lib/gcc/nios2-elf/4.1.2/../../../../nios2-elf/lib/mno-hw-mul/libc.a(lib_a-memchr.o)
 .data          0x00112e50        0x0 /opt/altera/13.0sp1/nios2eds/bin/gnu/H-i686-pc-linux-gnu/bin/../lib/gcc/nios2-elf/4.1.2/../../../../nios2-elf/lib/mno-hw-mul/libc.a(lib_a-memcpy.o)
 .data          0x00112e50        0x0 /opt/altera/13.0sp1/nios2eds/bin/gnu/H-i686-pc-linux-gnu/bin/../lib/gcc/nios2-elf/4.1.2/../../../../nios2-elf/lib/mno-hw-mul/libc.a(lib_a-memmove.o)
 .data          0x00112e50        0x0 /opt/altera/13.0sp1/nios2eds/bin/gnu/H-i686-pc-linux-gnu/bin/../lib/gcc/nios2-elf/4.1.2/../../../../nios2-elf/lib/mno-hw-mul/libc.a(lib_a-memset.o)
 .data          0x00112e50        0x0 /opt/altera/13.0sp1/nios2eds/bin/gnu/H-i686-pc-linux-gnu/bin/../lib/gcc/nios2-elf/4.1.2/../../../../nios2-elf/lib/mno-hw-mul/libc.a(lib_a-mprec.o)
 .data          0x00112e50        0x0 /opt/altera/13.0sp1/nios2eds/bin/gnu/H-i686-pc-linux-gnu/bin/../lib/gcc/nios2-elf/4.1.2/../../../../nios2-elf/lib/mno-hw-mul/libc.a(lib_a-reallocr.o)
 .data          0x00112e50        0x0 /opt/altera/13.0sp1/nios2eds/bin/gnu/H-i686-pc-linux-gnu/bin/../lib/gcc/nios2-elf/4.1.2/../../../../nios2-elf/lib/mno-hw-mul/libc.a(lib_a-s_isinfd.o)
 .data          0x00112e50        0x0 /opt/altera/13.0sp1/nios2eds/bin/gnu/H-i686-pc-linux-gnu/bin/../lib/gcc/nios2-elf/4.1.2/../../../../nios2-elf/lib/mno-hw-mul/libc.a(lib_a-s_isnand.o)
 .data          0x00112e50        0x0 /opt/altera/13.0sp1/nios2eds/bin/gnu/H-i686-pc-linux-gnu/bin/../lib/gcc/nios2-elf/4.1.2/../../../../nios2-elf/lib/mno-hw-mul/libc.a(lib_a-sbrkr.o)
 .data          0x00112e50        0x0 /opt/altera/13.0sp1/nios2eds/bin/gnu/H-i686-pc-linux-gnu/bin/../lib/gcc/nios2-elf/4.1.2/../../../../nios2-elf/lib/mno-hw-mul/libc.a(lib_a-stdio.o)
 .data          0x00112e50        0x0 /opt/altera/13.0sp1/nios2eds/bin/gnu/H-i686-pc-linux-gnu/bin/../lib/gcc/nios2-elf/4.1.2/../../../../nios2-elf/lib/mno-hw-mul/libc.a(lib_a-strcmp.o)
 .data          0x00112e50        0x0 /opt/altera/13.0sp1/nios2eds/bin/gnu/H-i686-pc-linux-gnu/bin/../lib/gcc/nios2-elf/4.1.2/../../../../nios2-elf/lib/mno-hw-mul/libc.a(lib_a-writer.o)
 .data          0x00112e50        0x0 /opt/altera/13.0sp1/nios2eds/bin/gnu/H-i686-pc-linux-gnu/bin/../lib/gcc/nios2-elf/4.1.2/../../../../nios2-elf/lib/mno-hw-mul/libc.a(lib_a-callocr.o)
 .data          0x00112e50        0x0 /opt/altera/13.0sp1/nios2eds/bin/gnu/H-i686-pc-linux-gnu/bin/../lib/gcc/nios2-elf/4.1.2/../../../../nios2-elf/lib/mno-hw-mul/libc.a(lib_a-closer.o)
 .data          0x00112e50        0x0 /opt/altera/13.0sp1/nios2eds/bin/gnu/H-i686-pc-linux-gnu/bin/../lib/gcc/nios2-elf/4.1.2/../../../../nios2-elf/lib/mno-hw-mul/libc.a(lib_a-fclose.o)
 .data          0x00112e50        0x0 /opt/altera/13.0sp1/nios2eds/bin/gnu/H-i686-pc-linux-gnu/bin/../lib/gcc/nios2-elf/4.1.2/../../../../nios2-elf/lib/mno-hw-mul/libc.a(lib_a-fstatr.o)
 .data          0x00112e50        0x0 /opt/altera/13.0sp1/nios2eds/bin/gnu/H-i686-pc-linux-gnu/bin/../lib/gcc/nios2-elf/4.1.2/../../../../nios2-elf/lib/mno-hw-mul/libc.a(lib_a-int_errno.o)
 .data          0x00112e50        0x0 /opt/altera/13.0sp1/nios2eds/bin/gnu/H-i686-pc-linux-gnu/bin/../lib/gcc/nios2-elf/4.1.2/../../../../nios2-elf/lib/mno-hw-mul/libc.a(lib_a-isattyr.o)
 .data          0x00112e50        0x0 /opt/altera/13.0sp1/nios2eds/bin/gnu/H-i686-pc-linux-gnu/bin/../lib/gcc/nios2-elf/4.1.2/../../../../nios2-elf/lib/mno-hw-mul/libc.a(lib_a-lseekr.o)
 .data          0x00112e50        0x0 /opt/altera/13.0sp1/nios2eds/bin/gnu/H-i686-pc-linux-gnu/bin/../lib/gcc/nios2-elf/4.1.2/../../../../nios2-elf/lib/mno-hw-mul/libc.a(lib_a-readr.o)
 .data          0x00112e50        0x0 /opt/altera/13.0sp1/nios2eds/bin/gnu/H-i686-pc-linux-gnu/bin/../lib/gcc/nios2-elf/4.1.2/mno-hw-mul/libgcc.a(_udivdi3.o)
 .data          0x00112e50        0x0 /opt/altera/13.0sp1/nios2eds/bin/gnu/H-i686-pc-linux-gnu/bin/../lib/gcc/nios2-elf/4.1.2/mno-hw-mul/libgcc.a(_umoddi3.o)
 .data          0x00112e50        0x0 /opt/altera/13.0sp1/nios2eds/bin/gnu/H-i686-pc-linux-gnu/bin/../lib/gcc/nios2-elf/4.1.2/mno-hw-mul/libgcc.a(_mul_df.o)
 .data          0x00112e50        0x0 /opt/altera/13.0sp1/nios2eds/bin/gnu/H-i686-pc-linux-gnu/bin/../lib/gcc/nios2-elf/4.1.2/mno-hw-mul/libgcc.a(_eq_df.o)
 .data          0x00112e50        0x0 /opt/altera/13.0sp1/nios2eds/bin/gnu/H-i686-pc-linux-gnu/bin/../lib/gcc/nios2-elf/4.1.2/mno-hw-mul/libgcc.a(_ne_df.o)
 .data          0x00112e50        0x0 /opt/altera/13.0sp1/nios2eds/bin/gnu/H-i686-pc-linux-gnu/bin/../lib/gcc/nios2-elf/4.1.2/mno-hw-mul/libgcc.a(_gt_df.o)
 .data          0x00112e50        0x0 /opt/altera/13.0sp1/nios2eds/bin/gnu/H-i686-pc-linux-gnu/bin/../lib/gcc/nios2-elf/4.1.2/mno-hw-mul/libgcc.a(_ge_df.o)
 .data          0x00112e50        0x0 /opt/altera/13.0sp1/nios2eds/bin/gnu/H-i686-pc-linux-gnu/bin/../lib/gcc/nios2-elf/4.1.2/mno-hw-mul/libgcc.a(_lt_df.o)
 .data          0x00112e50        0x0 /opt/altera/13.0sp1/nios2eds/bin/gnu/H-i686-pc-linux-gnu/bin/../lib/gcc/nios2-elf/4.1.2/mno-hw-mul/libgcc.a(_usi_to_df.o)
 .data          0x00112e50        0x0 /opt/altera/13.0sp1/nios2eds/bin/gnu/H-i686-pc-linux-gnu/bin/../lib/gcc/nios2-elf/4.1.2/mno-hw-mul/libgcc.a(_muldi3.o)
 .data          0x00112e50        0x0 /opt/altera/13.0sp1/nios2eds/bin/gnu/H-i686-pc-linux-gnu/bin/../lib/gcc/nios2-elf/4.1.2/mno-hw-mul/libgcc.a(_fpcmp_parts_df.o)
 .data          0x00112e50        0x0 ../bsp//libucosii_bsp.a(alt_alarm_start.o)
 .data          0x00112e50        0x0 ../bsp//libucosii_bsp.a(alt_close.o)
 .data          0x00112e50      0x1a8 ../bsp//libucosii_bsp.a(alt_dev.o)
                0x00112e50                alt_dev_null
                0x00112e78                alt_fd_list
 .data          0x00112ff8        0x0 ../bsp//libucosii_bsp.a(alt_errno.o)
 .data          0x00112ff8        0x0 ../bsp//libucosii_bsp.a(alt_fstat.o)
 .data          0x00112ff8        0x0 ../bsp//libucosii_bsp.a(alt_isatty.o)
 .data          0x00112ff8        0x0 ../bsp//libucosii_bsp.a(alt_load.o)
 .data          0x00112ff8        0x0 ../bsp//libucosii_bsp.a(alt_lseek.o)
 .data          0x00112ff8        0x0 ../bsp//libucosii_bsp.a(alt_main.o)
 .data          0x00112ff8        0x0 ../bsp//libucosii_bsp.a(alt_read.o)
 .data          0x00112ff8        0x0 ../bsp//libucosii_bsp.a(alt_release_fd.o)
 .data          0x00112ff8        0x0 ../bsp//libucosii_bsp.a(alt_sbrk.o)
 .data          0x00112ff8        0x0 ../bsp//libucosii_bsp.a(alt_tick.o)
 .data          0x00112ff8        0x0 ../bsp//libucosii_bsp.a(alt_write.o)
 .data          0x00112ff8        0x0 ../bsp//libucosii_bsp.a(alt_env_lock.o)
 .data          0x00112ff8        0x0 ../bsp//libucosii_bsp.a(alt_malloc_lock.o)
 .data          0x00112ff8        0x0 ../bsp//libucosii_bsp.a(os_core.o)
 .data          0x00112ff8        0x0 ../bsp//libucosii_bsp.a(os_dbg.o)
 .data          0x00112ff8        0x0 ../bsp//libucosii_bsp.a(os_flag.o)
 .data          0x00112ff8        0x0 ../bsp//libucosii_bsp.a(os_mbox.o)
 .data          0x00112ff8        0x0 ../bsp//libucosii_bsp.a(os_mem.o)
 .data          0x00112ff8        0x0 ../bsp//libucosii_bsp.a(os_q.o)
 .data          0x00112ff8        0x0 ../bsp//libucosii_bsp.a(os_sem.o)
 .data          0x00112ff8        0x0 ../bsp//libucosii_bsp.a(os_task.o)
 .data          0x00112ff8        0x0 ../bsp//libucosii_bsp.a(os_time.o)
 .data          0x00112ff8        0x0 ../bsp//libucosii_bsp.a(os_tmr.o)
 .data          0x00112ff8     0x1098 ../bsp//libucosii_bsp.a(alt_sys_init.o)
 .data          0x00114090        0x0 ../bsp//libucosii_bsp.a(altera_avalon_jtag_uart_fd.o)
 .data          0x00114090        0x0 ../bsp//libucosii_bsp.a(altera_avalon_jtag_uart_init.o)
 .data          0x00114090        0x0 ../bsp//libucosii_bsp.a(altera_avalon_jtag_uart_ioctl.o)
 .data          0x00114090        0x0 ../bsp//libucosii_bsp.a(altera_avalon_jtag_uart_read.o)
 .data          0x00114090        0x0 ../bsp//libucosii_bsp.a(altera_avalon_jtag_uart_write.o)
 .data          0x00114090        0x0 ../bsp//libucosii_bsp.a(altera_avalon_timer_sc.o)
 .data          0x00114090        0x0 ../bsp//libucosii_bsp.a(altera_up_avalon_character_lcd.o)
 .data          0x00114090        0x0 ../bsp//libucosii_bsp.a(alt_dcache_flush_all.o)
 .data          0x00114090        0x0 ../bsp//libucosii_bsp.a(alt_dev_llist_insert.o)
 .data          0x00114090        0x0 ../bsp//libucosii_bsp.a(alt_do_ctors.o)
 .data          0x00114090        0x0 ../bsp//libucosii_bsp.a(alt_do_dtors.o)
 .data          0x00114090        0x0 ../bsp//libucosii_bsp.a(alt_find_dev.o)
 .data          0x00114090        0x0 ../bsp//libucosii_bsp.a(alt_icache_flush_all.o)
 .data          0x00114090        0x0 ../bsp//libucosii_bsp.a(alt_iic.o)
 .data          0x00114090        0x0 ../bsp//libucosii_bsp.a(alt_iic_isr_register.o)
 .data          0x00114090        0x0 ../bsp//libucosii_bsp.a(alt_io_redirect.o)
 .data          0x00114090        0x0 ../bsp//libucosii_bsp.a(alt_irq_entry.o)
 .data          0x00114090        0x0 ../bsp//libucosii_bsp.a(alt_irq_handler.o)
 .data          0x00114090        0x0 ../bsp//libucosii_bsp.a(alt_irq_vars.o)
 .data          0x00114090        0x0 ../bsp//libucosii_bsp.a(alt_open.o)
 .data          0x00114090        0x0 ../bsp//libucosii_bsp.a(altera_nios2_qsys_irq.o)
 .data          0x00114090        0x0 ../bsp//libucosii_bsp.a(os_cpu_a.o)
 .data          0x00114090        0x0 ../bsp//libucosii_bsp.a(os_cpu_c.o)
 .data          0x00114090        0x0 ../bsp//libucosii_bsp.a(alt_exception_entry.o)
 .data          0x00114090        0x0 ../bsp//libucosii_bsp.a(alt_find_file.o)
 .data          0x00114090        0x0 ../bsp//libucosii_bsp.a(alt_get_fd.o)
 .data          0x00114090        0x0 /opt/altera/13.0sp1/nios2eds/bin/gnu/H-i686-pc-linux-gnu/bin/../lib/gcc/nios2-elf/4.1.2/../../../../nios2-elf/lib/mno-hw-mul/libc.a(lib_a-atexit.o)
 .data          0x00114090        0x0 /opt/altera/13.0sp1/nios2eds/bin/gnu/H-i686-pc-linux-gnu/bin/../lib/gcc/nios2-elf/4.1.2/../../../../nios2-elf/lib/mno-hw-mul/libc.a(lib_a-exit.o)
 .data          0x00114090        0x0 /opt/altera/13.0sp1/nios2eds/bin/gnu/H-i686-pc-linux-gnu/bin/../lib/gcc/nios2-elf/4.1.2/../../../../nios2-elf/lib/mno-hw-mul/libc.a(lib_a-memcmp.o)
 .data          0x00114090        0x0 /opt/altera/13.0sp1/nios2eds/bin/gnu/H-i686-pc-linux-gnu/bin/../lib/gcc/nios2-elf/4.1.2/../../../../nios2-elf/lib/mno-hw-mul/libc.a(lib_a-__atexit.o)
 .data          0x00114090        0x0 /opt/altera/13.0sp1/nios2eds/bin/gnu/H-i686-pc-linux-gnu/bin/../lib/gcc/nios2-elf/4.1.2/../../../../nios2-elf/lib/mno-hw-mul/libc.a(lib_a-__call_atexit.o)
 .data          0x00114090        0x0 /opt/altera/13.0sp1/nios2eds/bin/gnu/H-i686-pc-linux-gnu/bin/../lib/gcc/nios2-elf/4.1.2/mno-hw-mul/libgcc.a(_fixunsdfsi.o)
 .data          0x00114090        0x0 ../bsp//libucosii_bsp.a(alt_exit.o)
                0x0011c090                _gp = ABSOLUTE ((. + 0x8000))
                0x0011c090                PROVIDE (gp, _gp)
 *(.rwdata .rwdata.*)
 *(.sdata .sdata.* .gnu.linkonce.s.*)
 .sdata         0x00114090       0x14 obj/default/cruise_Timer.o
                0x00114090                gas_pedal
                0x00114094                brake_pedal
                0x00114098                top_gear
                0x0011409c                engine
                0x001140a0                cruise_control
 .sdata         0x001140a4        0x8 /opt/altera/13.0sp1/nios2eds/bin/gnu/H-i686-pc-linux-gnu/bin/../lib/gcc/nios2-elf/4.1.2/../../../../nios2-elf/lib/mno-hw-mul/libc.a(lib_a-impure.o)
                0x001140a4                _impure_ptr
                0x001140a8                _global_impure_ptr
 .sdata         0x001140ac        0x8 /opt/altera/13.0sp1/nios2eds/bin/gnu/H-i686-pc-linux-gnu/bin/../lib/gcc/nios2-elf/4.1.2/../../../../nios2-elf/lib/mno-hw-mul/libc.a(lib_a-locale.o)
                0x001140ac                __mb_cur_max
 .sdata         0x001140b4        0x8 /opt/altera/13.0sp1/nios2eds/bin/gnu/H-i686-pc-linux-gnu/bin/../lib/gcc/nios2-elf/4.1.2/../../../../nios2-elf/lib/mno-hw-mul/libc.a(lib_a-mallocr.o)
                0x001140b4                __malloc_trim_threshold
                0x001140b8                __malloc_sbrk_base
 .sdata         0x001140bc       0x14 ../bsp//libucosii_bsp.a(alt_dev.o)
                0x001140bc                alt_fs_list
                0x001140c4                alt_dev_list
                0x001140cc                alt_max_fd
 .sdata         0x001140d0        0x4 ../bsp//libucosii_bsp.a(alt_errno.o)
                0x001140d0                alt_errno
 .sdata         0x001140d4        0x4 ../bsp//libucosii_bsp.a(alt_sbrk.o)
 .sdata         0x001140d8        0x8 ../bsp//libucosii_bsp.a(alt_tick.o)
                0x001140d8                alt_alarm_list
 .sdata         0x001140e0        0x4 ../bsp//libucosii_bsp.a(alt_env_lock.o)
 .sdata         0x001140e4        0x4 ../bsp//libucosii_bsp.a(alt_malloc_lock.o)
 .sdata         0x001140e8       0x74 ../bsp//libucosii_bsp.a(os_dbg.o)
                0x001140e8                OSDebugEn
                0x001140ec                OSEndiannessTest
                0x001140f0                OSEventEn
                0x001140f2                OSEventMax
                0x001140f4                OSEventNameSize
                0x001140f6                OSEventSize
                0x001140f8                OSEventTblSize
                0x001140fa                OSEventMultiEn
                0x001140fc                OSFlagEn
                0x001140fe                OSFlagGrpSize
                0x00114100                OSFlagNodeSize
                0x00114102                OSFlagWidth
                0x00114104                OSFlagMax
                0x00114106                OSFlagNameSize
                0x00114108                OSLowestPrio
                0x0011410a                OSMboxEn
                0x0011410c                OSMemEn
                0x0011410e                OSMemMax
                0x00114110                OSMemNameSize
                0x00114112                OSMemSize
                0x00114114                OSMemTblSize
                0x00114116                OSMutexEn
                0x00114118                OSPtrSize
                0x0011411a                OSQEn
                0x0011411c                OSQMax
                0x0011411e                OSQSize
                0x00114120                OSRdyTblSize
                0x00114122                OSSemEn
                0x00114124                OSStkWidth
                0x00114126                OSTaskCreateEn
                0x00114128                OSTaskCreateExtEn
                0x0011412a                OSTaskDelEn
                0x0011412c                OSTaskIdleStkSize
                0x0011412e                OSTaskProfileEn
                0x00114130                OSTaskMax
                0x00114132                OSTaskNameSize
                0x00114134                OSTaskStatEn
                0x00114136                OSTaskStatStkSize
                0x00114138                OSTaskStatStkChkEn
                0x0011413a                OSTaskSwHookEn
                0x0011413c                OSTCBPrioTblMax
                0x0011413e                OSTCBSize
                0x00114140                OSTicksPerSec
                0x00114142                OSTimeTickHookEn
                0x00114144                OSVersionNbr
                0x00114146                OSTmrEn
                0x00114148                OSTmrCfgMax
                0x0011414a                OSTmrCfgNameSize
                0x0011414c                OSTmrCfgWheelSize
                0x0011414e                OSTmrCfgTicksPerSec
                0x00114150                OSTmrSize
                0x00114152                OSTmrTblSize
                0x00114154                OSTmrWheelSize
                0x00114156                OSTmrWheelTblSize
                0x00114158                OSDataSize
 .sdata         0x0011415c        0x4 ../bsp//libucosii_bsp.a(alt_irq_vars.o)
                0x0011415c                alt_priority_mask
 *(.sdata2 .sdata2.* .gnu.linkonce.s2.*)
                0x00114160                . = ALIGN (0x4)
                0x00114160                _edata = ABSOLUTE (.)
                0x00114160                PROVIDE (edata, ABSOLUTE (.))
                0x00114160                PROVIDE (__ram_rwdata_end, ABSOLUTE (.))
                0x00114160                PROVIDE (__flash_rwdata_start, LOADADDR (.rwdata))

.bss            0x00115cb0     0xa120
                0x00115cb0                __bss_start = ABSOLUTE (.)
                0x00115cb0                PROVIDE (__sbss_start, ABSOLUTE (.))
                0x00115cb0                PROVIDE (___sbss_start, ABSOLUTE (.))
 *(.dynsbss)
 *(.sbss .sbss.* .gnu.linkonce.sb.*)
 .sbss          0x00115cb0        0x8 obj/default/cruise_Timer.o
                0x00115cb0                led_green
                0x00115cb4                led_red
 .sbss          0x00115cb8       0x20 obj/default/cruise_Timer.o
                0x00115cb8                Mbox_Throttle
                0x00115cbc                Task1Tmr
                0x00115cc0                Mbox_Velocity
                0x00115cc4                Task2TmrSem
                0x00115cc8                Task2Tmr
                0x00115ccc                delay
                0x00115cd0                Task1TmrSem
                0x00115cd4                Mbox_Brake
 .sbss          0x00115cd8        0xc /opt/altera/13.0sp1/nios2eds/bin/gnu/H-i686-pc-linux-gnu/bin/../lib/gcc/nios2-elf/4.1.2/../../../../nios2-elf/lib/mno-hw-mul/libc.a(lib_a-locale.o)
                0x00115cd8                __nlocale_changed
                0x00115cdc                __mlocale_changed
                0x00115ce0                _PathLocale
 .sbss          0x00115ce4        0xc /opt/altera/13.0sp1/nios2eds/bin/gnu/H-i686-pc-linux-gnu/bin/../lib/gcc/nios2-elf/4.1.2/../../../../nios2-elf/lib/mno-hw-mul/libc.a(lib_a-mallocr.o)
                0x00115ce4                __malloc_top_pad
                0x00115ce8                __malloc_max_sbrked_mem
                0x00115cec                __malloc_max_total_mem
 .sbss          0x00115cf0        0x4 /opt/altera/13.0sp1/nios2eds/bin/gnu/H-i686-pc-linux-gnu/bin/../lib/gcc/nios2-elf/4.1.2/../../../../nios2-elf/lib/mno-hw-mul/libc.a(lib_a-int_errno.o)
                0x00115cf0                errno
 .sbss          0x00115cf4        0x4 ../bsp//libucosii_bsp.a(alt_dev.o)
                0x00115cf4                alt_fd_list_lock
 .sbss          0x00115cf8        0xc ../bsp//libucosii_bsp.a(alt_main.o)
                0x00115cf8                alt_argc
                0x00115cfc                alt_argv
                0x00115d00                alt_envp
 .sbss          0x00115d04        0x8 ../bsp//libucosii_bsp.a(alt_tick.o)
                0x00115d04                _alt_tick_rate
                0x00115d08                _alt_nticks
 .sbss          0x00115d0c        0x8 ../bsp//libucosii_bsp.a(alt_env_lock.o)
                0x00115d10                alt_envsem
 .sbss          0x00115d14        0x8 ../bsp//libucosii_bsp.a(alt_malloc_lock.o)
                0x00115d18                alt_heapsem
 .sbss          0x00115d1c       0x68 ../bsp//libucosii_bsp.a(os_core.o)
                0x00115d1c                OSTmrFreeList
                0x00115d20                OSLockNesting
                0x00115d24                OSTmrSemSignal
                0x00115d28                OSRunning
                0x00115d2c                OSIdleCtr
                0x00115d30                OSTmrUsed
                0x00115d32                OSPrioHighRdy
                0x00115d33                OSPrioCur
                0x00115d34                OSTCBList
                0x00115d38                OSTickStepState
                0x00115d3c                OSCtxSwCtr
                0x00115d40                OSTmrFree
                0x00115d44                OSIdleCtrMax
                0x00115d48                OSTCBFreeList
                0x00115d4c                OSCPUUsage
                0x00115d4d                OSTaskCtr
                0x00115d50                OSMemFreeList
                0x00115d54                OSTCBHighRdy
                0x00115d58                OSQFreeList
                0x00115d5c                OSRdyGrp
                0x00115d5d                OSRdyTbl
                0x00115d60                OSEventFreeList
                0x00115d64                OSIntNesting
                0x00115d68                OSTCBCur
                0x00115d6c                OSTmrTime
                0x00115d70                OSTime
                0x00115d74                OSTmrSem
                0x00115d78                OSFlagFreeList
                0x00115d7c                OSStatRdy
                0x00115d80                OSIdleCtrRun
 .sbss          0x00115d84        0x4 ../bsp//libucosii_bsp.a(alt_irq_vars.o)
                0x00115d84                alt_irq_active
 .sbss          0x00115d88        0x2 ../bsp//libucosii_bsp.a(os_cpu_c.o)
 *(.sbss2 .sbss2.* .gnu.linkonce.sb2.*)
 *(.scommon)
                0x00115d8a                PROVIDE (__sbss_end, ABSOLUTE (.))
                0x00115d8a                PROVIDE (___sbss_end, ABSOLUTE (.))
 *(.dynbss)
 *(.bss .bss.* .gnu.linkonce.b.*)
 .bss           0x00115d8a        0x0 ../bsp//obj/HAL/src/crt0.o
 *fill*         0x00115d8a        0x2 00
 .bss           0x00115d8c       0x18 obj/default/cruise_Timer.o
 .bss           0x00115da4        0x0 /opt/altera/13.0sp1/nios2eds/bin/gnu/H-i686-pc-linux-gnu/bin/../lib/gcc/nios2-elf/4.1.2/mno-hw-mul/libgcc.a(_si_to_sf.o)
 .bss           0x00115da4        0x0 /opt/altera/13.0sp1/nios2eds/bin/gnu/H-i686-pc-linux-gnu/bin/../lib/gcc/nios2-elf/4.1.2/mno-hw-mul/libgcc.a(_sf_to_df.o)
 .bss           0x00115da4        0x0 /opt/altera/13.0sp1/nios2eds/bin/gnu/H-i686-pc-linux-gnu/bin/../lib/gcc/nios2-elf/4.1.2/mno-hw-mul/libgcc.a(_addsub_df.o)
 .bss           0x00115da4        0x0 /opt/altera/13.0sp1/nios2eds/bin/gnu/H-i686-pc-linux-gnu/bin/../lib/gcc/nios2-elf/4.1.2/mno-hw-mul/libgcc.a(_div_df.o)
 .bss           0x00115da4        0x0 /opt/altera/13.0sp1/nios2eds/bin/gnu/H-i686-pc-linux-gnu/bin/../lib/gcc/nios2-elf/4.1.2/mno-hw-mul/libgcc.a(_si_to_df.o)
 .bss           0x00115da4        0x0 /opt/altera/13.0sp1/nios2eds/bin/gnu/H-i686-pc-linux-gnu/bin/../lib/gcc/nios2-elf/4.1.2/mno-hw-mul/libgcc.a(_df_to_si.o)
 .bss           0x00115da4        0x0 /opt/altera/13.0sp1/nios2eds/bin/gnu/H-i686-pc-linux-gnu/bin/../lib/gcc/nios2-elf/4.1.2/mno-hw-mul/libgcc.a(_make_df.o)
 .bss           0x00115da4        0x0 /opt/altera/13.0sp1/nios2eds/bin/gnu/H-i686-pc-linux-gnu/bin/../lib/gcc/nios2-elf/4.1.2/mno-hw-mul/libgcc.a(_thenan_df.o)
 .bss           0x00115da4        0x0 /opt/altera/13.0sp1/nios2eds/bin/gnu/H-i686-pc-linux-gnu/bin/../lib/gcc/nios2-elf/4.1.2/mno-hw-mul/libgcc.a(lib2-divmod.o)
 .bss           0x00115da4        0x0 /opt/altera/13.0sp1/nios2eds/bin/gnu/H-i686-pc-linux-gnu/bin/../lib/gcc/nios2-elf/4.1.2/mno-hw-mul/libgcc.a(lib2-mul.o)
 .bss           0x00115da4        0x0 /opt/altera/13.0sp1/nios2eds/bin/gnu/H-i686-pc-linux-gnu/bin/../lib/gcc/nios2-elf/4.1.2/mno-hw-mul/libgcc.a(_clzsi2.o)
 .bss           0x00115da4        0x0 /opt/altera/13.0sp1/nios2eds/bin/gnu/H-i686-pc-linux-gnu/bin/../lib/gcc/nios2-elf/4.1.2/mno-hw-mul/libgcc.a(_pack_sf.o)
 .bss           0x00115da4        0x0 /opt/altera/13.0sp1/nios2eds/bin/gnu/H-i686-pc-linux-gnu/bin/../lib/gcc/nios2-elf/4.1.2/mno-hw-mul/libgcc.a(_unpack_sf.o)
 .bss           0x00115da4        0x0 /opt/altera/13.0sp1/nios2eds/bin/gnu/H-i686-pc-linux-gnu/bin/../lib/gcc/nios2-elf/4.1.2/mno-hw-mul/libgcc.a(_pack_df.o)
 .bss           0x00115da4        0x0 /opt/altera/13.0sp1/nios2eds/bin/gnu/H-i686-pc-linux-gnu/bin/../lib/gcc/nios2-elf/4.1.2/mno-hw-mul/libgcc.a(_unpack_df.o)
 .bss           0x00115da4        0x0 /opt/altera/13.0sp1/nios2eds/bin/gnu/H-i686-pc-linux-gnu/bin/../lib/gcc/nios2-elf/4.1.2/mno-hw-mul/libgcc.a(_clz.o)
 .bss           0x00115da4        0x0 /opt/altera/13.0sp1/nios2eds/bin/gnu/H-i686-pc-linux-gnu/bin/../lib/gcc/nios2-elf/4.1.2/../../../../nios2-elf/lib/mno-hw-mul/libc.a(lib_a-printf.o)
 .bss           0x00115da4        0x0 /opt/altera/13.0sp1/nios2eds/bin/gnu/H-i686-pc-linux-gnu/bin/../lib/gcc/nios2-elf/4.1.2/../../../../nios2-elf/lib/mno-hw-mul/libc.a(lib_a-puts.o)
 .bss           0x00115da4        0x0 /opt/altera/13.0sp1/nios2eds/bin/gnu/H-i686-pc-linux-gnu/bin/../lib/gcc/nios2-elf/4.1.2/../../../../nios2-elf/lib/mno-hw-mul/libc.a(lib_a-strlen.o)
 .bss           0x00115da4        0x0 /opt/altera/13.0sp1/nios2eds/bin/gnu/H-i686-pc-linux-gnu/bin/../lib/gcc/nios2-elf/4.1.2/../../../../nios2-elf/lib/mno-hw-mul/libc.a(lib_a-vfprintf.o)
 .bss           0x00115da4        0x0 /opt/altera/13.0sp1/nios2eds/bin/gnu/H-i686-pc-linux-gnu/bin/../lib/gcc/nios2-elf/4.1.2/../../../../nios2-elf/lib/mno-hw-mul/libc.a(lib_a-wsetup.o)
 .bss           0x00115da4        0x0 /opt/altera/13.0sp1/nios2eds/bin/gnu/H-i686-pc-linux-gnu/bin/../lib/gcc/nios2-elf/4.1.2/../../../../nios2-elf/lib/mno-hw-mul/libc.a(lib_a-dtoa.o)
 .bss           0x00115da4        0x0 /opt/altera/13.0sp1/nios2eds/bin/gnu/H-i686-pc-linux-gnu/bin/../lib/gcc/nios2-elf/4.1.2/../../../../nios2-elf/lib/mno-hw-mul/libc.a(lib_a-fflush.o)
 .bss           0x00115da4        0x0 /opt/altera/13.0sp1/nios2eds/bin/gnu/H-i686-pc-linux-gnu/bin/../lib/gcc/nios2-elf/4.1.2/../../../../nios2-elf/lib/mno-hw-mul/libc.a(lib_a-findfp.o)
 .bss           0x00115da4        0x0 /opt/altera/13.0sp1/nios2eds/bin/gnu/H-i686-pc-linux-gnu/bin/../lib/gcc/nios2-elf/4.1.2/../../../../nios2-elf/lib/mno-hw-mul/libc.a(lib_a-freer.o)
 .bss           0x00115da4        0x0 /opt/altera/13.0sp1/nios2eds/bin/gnu/H-i686-pc-linux-gnu/bin/../lib/gcc/nios2-elf/4.1.2/../../../../nios2-elf/lib/mno-hw-mul/libc.a(lib_a-fvwrite.o)
 .bss           0x00115da4        0x0 /opt/altera/13.0sp1/nios2eds/bin/gnu/H-i686-pc-linux-gnu/bin/../lib/gcc/nios2-elf/4.1.2/../../../../nios2-elf/lib/mno-hw-mul/libc.a(lib_a-fwalk.o)
 .bss           0x00115da4        0x0 /opt/altera/13.0sp1/nios2eds/bin/gnu/H-i686-pc-linux-gnu/bin/../lib/gcc/nios2-elf/4.1.2/../../../../nios2-elf/lib/mno-hw-mul/libc.a(lib_a-impure.o)
 .bss           0x00115da4        0x0 /opt/altera/13.0sp1/nios2eds/bin/gnu/H-i686-pc-linux-gnu/bin/../lib/gcc/nios2-elf/4.1.2/../../../../nios2-elf/lib/mno-hw-mul/libc.a(lib_a-locale.o)
 .bss           0x00115da4        0x0 /opt/altera/13.0sp1/nios2eds/bin/gnu/H-i686-pc-linux-gnu/bin/../lib/gcc/nios2-elf/4.1.2/../../../../nios2-elf/lib/mno-hw-mul/libc.a(lib_a-makebuf.o)
 .bss           0x00115da4       0x28 /opt/altera/13.0sp1/nios2eds/bin/gnu/H-i686-pc-linux-gnu/bin/../lib/gcc/nios2-elf/4.1.2/../../../../nios2-elf/lib/mno-hw-mul/libc.a(lib_a-mallocr.o)
                0x00115da4                __malloc_current_mallinfo
 .bss           0x00115dcc        0x0 /opt/altera/13.0sp1/nios2eds/bin/gnu/H-i686-pc-linux-gnu/bin/../lib/gcc/nios2-elf/4.1.2/../../../../nios2-elf/lib/mno-hw-mul/libc.a(lib_a-memchr.o)
 .bss           0x00115dcc        0x0 /opt/altera/13.0sp1/nios2eds/bin/gnu/H-i686-pc-linux-gnu/bin/../lib/gcc/nios2-elf/4.1.2/../../../../nios2-elf/lib/mno-hw-mul/libc.a(lib_a-memcpy.o)
 .bss           0x00115dcc        0x0 /opt/altera/13.0sp1/nios2eds/bin/gnu/H-i686-pc-linux-gnu/bin/../lib/gcc/nios2-elf/4.1.2/../../../../nios2-elf/lib/mno-hw-mul/libc.a(lib_a-memmove.o)
 .bss           0x00115dcc        0x0 /opt/altera/13.0sp1/nios2eds/bin/gnu/H-i686-pc-linux-gnu/bin/../lib/gcc/nios2-elf/4.1.2/../../../../nios2-elf/lib/mno-hw-mul/libc.a(lib_a-memset.o)
 .bss           0x00115dcc        0x0 /opt/altera/13.0sp1/nios2eds/bin/gnu/H-i686-pc-linux-gnu/bin/../lib/gcc/nios2-elf/4.1.2/../../../../nios2-elf/lib/mno-hw-mul/libc.a(lib_a-mprec.o)
 .bss           0x00115dcc        0x0 /opt/altera/13.0sp1/nios2eds/bin/gnu/H-i686-pc-linux-gnu/bin/../lib/gcc/nios2-elf/4.1.2/../../../../nios2-elf/lib/mno-hw-mul/libc.a(lib_a-reallocr.o)
 .bss           0x00115dcc        0x0 /opt/altera/13.0sp1/nios2eds/bin/gnu/H-i686-pc-linux-gnu/bin/../lib/gcc/nios2-elf/4.1.2/../../../../nios2-elf/lib/mno-hw-mul/libc.a(lib_a-s_isinfd.o)
 .bss           0x00115dcc        0x0 /opt/altera/13.0sp1/nios2eds/bin/gnu/H-i686-pc-linux-gnu/bin/../lib/gcc/nios2-elf/4.1.2/../../../../nios2-elf/lib/mno-hw-mul/libc.a(lib_a-s_isnand.o)
 .bss           0x00115dcc        0x0 /opt/altera/13.0sp1/nios2eds/bin/gnu/H-i686-pc-linux-gnu/bin/../lib/gcc/nios2-elf/4.1.2/../../../../nios2-elf/lib/mno-hw-mul/libc.a(lib_a-sbrkr.o)
 .bss           0x00115dcc        0x0 /opt/altera/13.0sp1/nios2eds/bin/gnu/H-i686-pc-linux-gnu/bin/../lib/gcc/nios2-elf/4.1.2/../../../../nios2-elf/lib/mno-hw-mul/libc.a(lib_a-stdio.o)
 .bss           0x00115dcc        0x0 /opt/altera/13.0sp1/nios2eds/bin/gnu/H-i686-pc-linux-gnu/bin/../lib/gcc/nios2-elf/4.1.2/../../../../nios2-elf/lib/mno-hw-mul/libc.a(lib_a-strcmp.o)
 .bss           0x00115dcc        0x0 /opt/altera/13.0sp1/nios2eds/bin/gnu/H-i686-pc-linux-gnu/bin/../lib/gcc/nios2-elf/4.1.2/../../../../nios2-elf/lib/mno-hw-mul/libc.a(lib_a-writer.o)
 .bss           0x00115dcc        0x0 /opt/altera/13.0sp1/nios2eds/bin/gnu/H-i686-pc-linux-gnu/bin/../lib/gcc/nios2-elf/4.1.2/../../../../nios2-elf/lib/mno-hw-mul/libc.a(lib_a-callocr.o)
 .bss           0x00115dcc        0x0 /opt/altera/13.0sp1/nios2eds/bin/gnu/H-i686-pc-linux-gnu/bin/../lib/gcc/nios2-elf/4.1.2/../../../../nios2-elf/lib/mno-hw-mul/libc.a(lib_a-closer.o)
 .bss           0x00115dcc        0x0 /opt/altera/13.0sp1/nios2eds/bin/gnu/H-i686-pc-linux-gnu/bin/../lib/gcc/nios2-elf/4.1.2/../../../../nios2-elf/lib/mno-hw-mul/libc.a(lib_a-fclose.o)
 .bss           0x00115dcc        0x0 /opt/altera/13.0sp1/nios2eds/bin/gnu/H-i686-pc-linux-gnu/bin/../lib/gcc/nios2-elf/4.1.2/../../../../nios2-elf/lib/mno-hw-mul/libc.a(lib_a-fstatr.o)
 .bss           0x00115dcc        0x0 /opt/altera/13.0sp1/nios2eds/bin/gnu/H-i686-pc-linux-gnu/bin/../lib/gcc/nios2-elf/4.1.2/../../../../nios2-elf/lib/mno-hw-mul/libc.a(lib_a-int_errno.o)
 .bss           0x00115dcc        0x0 /opt/altera/13.0sp1/nios2eds/bin/gnu/H-i686-pc-linux-gnu/bin/../lib/gcc/nios2-elf/4.1.2/../../../../nios2-elf/lib/mno-hw-mul/libc.a(lib_a-isattyr.o)
 .bss           0x00115dcc        0x0 /opt/altera/13.0sp1/nios2eds/bin/gnu/H-i686-pc-linux-gnu/bin/../lib/gcc/nios2-elf/4.1.2/../../../../nios2-elf/lib/mno-hw-mul/libc.a(lib_a-lseekr.o)
 .bss           0x00115dcc        0x0 /opt/altera/13.0sp1/nios2eds/bin/gnu/H-i686-pc-linux-gnu/bin/../lib/gcc/nios2-elf/4.1.2/../../../../nios2-elf/lib/mno-hw-mul/libc.a(lib_a-readr.o)
 .bss           0x00115dcc        0x0 /opt/altera/13.0sp1/nios2eds/bin/gnu/H-i686-pc-linux-gnu/bin/../lib/gcc/nios2-elf/4.1.2/mno-hw-mul/libgcc.a(_udivdi3.o)
 .bss           0x00115dcc        0x0 /opt/altera/13.0sp1/nios2eds/bin/gnu/H-i686-pc-linux-gnu/bin/../lib/gcc/nios2-elf/4.1.2/mno-hw-mul/libgcc.a(_umoddi3.o)
 .bss           0x00115dcc        0x0 /opt/altera/13.0sp1/nios2eds/bin/gnu/H-i686-pc-linux-gnu/bin/../lib/gcc/nios2-elf/4.1.2/mno-hw-mul/libgcc.a(_mul_df.o)
 .bss           0x00115dcc        0x0 /opt/altera/13.0sp1/nios2eds/bin/gnu/H-i686-pc-linux-gnu/bin/../lib/gcc/nios2-elf/4.1.2/mno-hw-mul/libgcc.a(_eq_df.o)
 .bss           0x00115dcc        0x0 /opt/altera/13.0sp1/nios2eds/bin/gnu/H-i686-pc-linux-gnu/bin/../lib/gcc/nios2-elf/4.1.2/mno-hw-mul/libgcc.a(_ne_df.o)
 .bss           0x00115dcc        0x0 /opt/altera/13.0sp1/nios2eds/bin/gnu/H-i686-pc-linux-gnu/bin/../lib/gcc/nios2-elf/4.1.2/mno-hw-mul/libgcc.a(_gt_df.o)
 .bss           0x00115dcc        0x0 /opt/altera/13.0sp1/nios2eds/bin/gnu/H-i686-pc-linux-gnu/bin/../lib/gcc/nios2-elf/4.1.2/mno-hw-mul/libgcc.a(_ge_df.o)
 .bss           0x00115dcc        0x0 /opt/altera/13.0sp1/nios2eds/bin/gnu/H-i686-pc-linux-gnu/bin/../lib/gcc/nios2-elf/4.1.2/mno-hw-mul/libgcc.a(_lt_df.o)
 .bss           0x00115dcc        0x0 /opt/altera/13.0sp1/nios2eds/bin/gnu/H-i686-pc-linux-gnu/bin/../lib/gcc/nios2-elf/4.1.2/mno-hw-mul/libgcc.a(_usi_to_df.o)
 .bss           0x00115dcc        0x0 /opt/altera/13.0sp1/nios2eds/bin/gnu/H-i686-pc-linux-gnu/bin/../lib/gcc/nios2-elf/4.1.2/mno-hw-mul/libgcc.a(_muldi3.o)
 .bss           0x00115dcc        0x0 /opt/altera/13.0sp1/nios2eds/bin/gnu/H-i686-pc-linux-gnu/bin/../lib/gcc/nios2-elf/4.1.2/mno-hw-mul/libgcc.a(_fpcmp_parts_df.o)
 .bss           0x00115dcc        0x0 ../bsp//libucosii_bsp.a(alt_alarm_start.o)
 .bss           0x00115dcc        0x0 ../bsp//libucosii_bsp.a(alt_close.o)
 .bss           0x00115dcc        0x0 ../bsp//libucosii_bsp.a(alt_dev.o)
 .bss           0x00115dcc        0x0 ../bsp//libucosii_bsp.a(alt_errno.o)
 .bss           0x00115dcc        0x0 ../bsp//libucosii_bsp.a(alt_fstat.o)
 .bss           0x00115dcc        0x0 ../bsp//libucosii_bsp.a(alt_isatty.o)
 .bss           0x00115dcc        0x0 ../bsp//libucosii_bsp.a(alt_load.o)
 .bss           0x00115dcc        0x0 ../bsp//libucosii_bsp.a(alt_lseek.o)
 .bss           0x00115dcc        0x0 ../bsp//libucosii_bsp.a(alt_main.o)
 .bss           0x00115dcc        0x0 ../bsp//libucosii_bsp.a(alt_read.o)
 .bss           0x00115dcc        0x0 ../bsp//libucosii_bsp.a(alt_release_fd.o)
 .bss           0x00115dcc        0x0 ../bsp//libucosii_bsp.a(alt_sbrk.o)
 .bss           0x00115dcc        0x0 ../bsp//libucosii_bsp.a(alt_tick.o)
 .bss           0x00115dcc        0x0 ../bsp//libucosii_bsp.a(alt_write.o)
 .bss           0x00115dcc        0x0 ../bsp//libucosii_bsp.a(alt_env_lock.o)
 .bss           0x00115dcc        0x0 ../bsp//libucosii_bsp.a(alt_malloc_lock.o)
 .bss           0x00115dcc        0x0 ../bsp//libucosii_bsp.a(os_core.o)
 .bss           0x00115dcc        0x0 ../bsp//libucosii_bsp.a(os_dbg.o)
 .bss           0x00115dcc        0x0 ../bsp//libucosii_bsp.a(os_flag.o)
 .bss           0x00115dcc        0x0 ../bsp//libucosii_bsp.a(os_mbox.o)
 .bss           0x00115dcc        0x0 ../bsp//libucosii_bsp.a(os_mem.o)
 .bss           0x00115dcc        0x0 ../bsp//libucosii_bsp.a(os_q.o)
 .bss           0x00115dcc        0x0 ../bsp//libucosii_bsp.a(os_sem.o)
 .bss           0x00115dcc        0x0 ../bsp//libucosii_bsp.a(os_task.o)
 .bss           0x00115dcc        0x0 ../bsp//libucosii_bsp.a(os_time.o)
 .bss           0x00115dcc        0x0 ../bsp//libucosii_bsp.a(os_tmr.o)
 .bss           0x00115dcc        0x0 ../bsp//libucosii_bsp.a(alt_sys_init.o)
 .bss           0x00115dcc        0x0 ../bsp//libucosii_bsp.a(altera_avalon_jtag_uart_fd.o)
 .bss           0x00115dcc        0x0 ../bsp//libucosii_bsp.a(altera_avalon_jtag_uart_init.o)
 .bss           0x00115dcc        0x0 ../bsp//libucosii_bsp.a(altera_avalon_jtag_uart_ioctl.o)
 .bss           0x00115dcc        0x0 ../bsp//libucosii_bsp.a(altera_avalon_jtag_uart_read.o)
 .bss           0x00115dcc        0x0 ../bsp//libucosii_bsp.a(altera_avalon_jtag_uart_write.o)
 .bss           0x00115dcc        0x0 ../bsp//libucosii_bsp.a(altera_avalon_timer_sc.o)
 .bss           0x00115dcc        0x0 ../bsp//libucosii_bsp.a(altera_up_avalon_character_lcd.o)
 .bss           0x00115dcc        0x0 ../bsp//libucosii_bsp.a(alt_dcache_flush_all.o)
 .bss           0x00115dcc        0x0 ../bsp//libucosii_bsp.a(alt_dev_llist_insert.o)
 .bss           0x00115dcc        0x0 ../bsp//libucosii_bsp.a(alt_do_ctors.o)
 .bss           0x00115dcc        0x0 ../bsp//libucosii_bsp.a(alt_do_dtors.o)
 .bss           0x00115dcc        0x0 ../bsp//libucosii_bsp.a(alt_find_dev.o)
 .bss           0x00115dcc        0x0 ../bsp//libucosii_bsp.a(alt_icache_flush_all.o)
 .bss           0x00115dcc        0x0 ../bsp//libucosii_bsp.a(alt_iic.o)
 .bss           0x00115dcc        0x0 ../bsp//libucosii_bsp.a(alt_iic_isr_register.o)
 .bss           0x00115dcc        0x0 ../bsp//libucosii_bsp.a(alt_io_redirect.o)
 .bss           0x00115dcc        0x0 ../bsp//libucosii_bsp.a(alt_irq_entry.o)
 .bss           0x00115dcc        0x0 ../bsp//libucosii_bsp.a(alt_irq_handler.o)
 .bss           0x00115dcc        0x0 ../bsp//libucosii_bsp.a(alt_irq_vars.o)
 .bss           0x00115dcc        0x0 ../bsp//libucosii_bsp.a(alt_open.o)
 .bss           0x00115dcc        0x0 ../bsp//libucosii_bsp.a(altera_nios2_qsys_irq.o)
 .bss           0x00115dcc        0x0 ../bsp//libucosii_bsp.a(os_cpu_a.o)
 .bss           0x00115dcc        0x0 ../bsp//libucosii_bsp.a(os_cpu_c.o)
 .bss           0x00115dcc        0x0 ../bsp//libucosii_bsp.a(alt_exception_entry.o)
 .bss           0x00115dcc        0x0 ../bsp//libucosii_bsp.a(alt_find_file.o)
 .bss           0x00115dcc        0x0 ../bsp//libucosii_bsp.a(alt_get_fd.o)
 .bss           0x00115dcc        0x0 /opt/altera/13.0sp1/nios2eds/bin/gnu/H-i686-pc-linux-gnu/bin/../lib/gcc/nios2-elf/4.1.2/../../../../nios2-elf/lib/mno-hw-mul/libc.a(lib_a-atexit.o)
 .bss           0x00115dcc        0x0 /opt/altera/13.0sp1/nios2eds/bin/gnu/H-i686-pc-linux-gnu/bin/../lib/gcc/nios2-elf/4.1.2/../../../../nios2-elf/lib/mno-hw-mul/libc.a(lib_a-exit.o)
 .bss           0x00115dcc        0x0 /opt/altera/13.0sp1/nios2eds/bin/gnu/H-i686-pc-linux-gnu/bin/../lib/gcc/nios2-elf/4.1.2/../../../../nios2-elf/lib/mno-hw-mul/libc.a(lib_a-memcmp.o)
 .bss           0x00115dcc        0x0 /opt/altera/13.0sp1/nios2eds/bin/gnu/H-i686-pc-linux-gnu/bin/../lib/gcc/nios2-elf/4.1.2/../../../../nios2-elf/lib/mno-hw-mul/libc.a(lib_a-__atexit.o)
 .bss           0x00115dcc        0x0 /opt/altera/13.0sp1/nios2eds/bin/gnu/H-i686-pc-linux-gnu/bin/../lib/gcc/nios2-elf/4.1.2/../../../../nios2-elf/lib/mno-hw-mul/libc.a(lib_a-__call_atexit.o)
 .bss           0x00115dcc        0x0 /opt/altera/13.0sp1/nios2eds/bin/gnu/H-i686-pc-linux-gnu/bin/../lib/gcc/nios2-elf/4.1.2/mno-hw-mul/libgcc.a(_fixunsdfsi.o)
 .bss           0x00115dcc        0x0 ../bsp//libucosii_bsp.a(alt_exit.o)
 *(COMMON)
 COMMON         0x00115dcc     0x6000 obj/default/cruise_Timer.o
                0x00115dcc                ControlTask_Stack
                0x00117dcc                VehicleTask_Stack
                0x00119dcc                StartTask_Stack
 COMMON         0x0011bdcc     0x3d74 ../bsp//libucosii_bsp.a(os_core.o)
                0x0011bdcc                OSTmrWheelTbl
                0x0011bddc                OSFlagTbl
                0x0011c14c                OSTmrTbl
                0x0011c48c                OSMemTbl
                0x0011d0bc                OSTaskStatStk
                0x0011d8bc                OSQTbl
                0x0011da9c                OSTmrTaskStk
                0x0011e29c                OSTaskIdleStk
                0x0011ea9c                OSEventTbl
                0x0011f5dc                OSTCBTbl
                0x0011faec                OSTCBPrioTbl
 COMMON         0x0011fb40      0x100 ../bsp//libucosii_bsp.a(alt_irq_handler.o)
                0x0011fb40                alt_irq
 COMMON         0x0011fc40      0x190 /opt/altera/13.0sp1/nios2eds/bin/gnu/H-i686-pc-linux-gnu/bin/../lib/gcc/nios2-elf/4.1.2/../../../../nios2-elf/lib/mno-hw-mul/libc.a(lib_a-atexit.o)
                0x0011fc40                _atexit0
                0x0011fdd0                . = ALIGN (0x4)
                0x0011fdd0                __bss_end = ABSOLUTE (.)

.onchip_memory  0x00000000        0x0 load address 0x0011fdd0
                0x00000000                PROVIDE (_alt_partition_onchip_memory_start, ABSOLUTE (.))
 *(.onchip_memory. onchip_memory.*)
                0x00000000                . = ALIGN (0x4)
                0x00000000                PROVIDE (_alt_partition_onchip_memory_end, ABSOLUTE (.))
                0x0011fdd0                PROVIDE (_alt_partition_onchip_memory_load_addr, LOADADDR (.onchip_memory))

.sram           0x0011fdd0        0x0
                0x0011fdd0                PROVIDE (_alt_partition_sram_start, ABSOLUTE (.))
 *(.sram. sram.*)
                0x0011fdd0                . = ALIGN (0x4)
                0x0011fdd0                PROVIDE (_alt_partition_sram_end, ABSOLUTE (.))
                0x0011fdd0                _end = ABSOLUTE (.)
                0x0011fdd0                end = ABSOLUTE (.)
                0x0011fdd0                __alt_stack_base = ABSOLUTE (.)
                0x0011fdd0                PROVIDE (_alt_partition_sram_load_addr, LOADADDR (.sram))

.sdram          0x01000144        0x0 load address 0x0011fdd0
                0x01000144                PROVIDE (_alt_partition_sdram_start, ABSOLUTE (.))
 *(.sdram. sdram.*)
                0x01000144                . = ALIGN (0x4)
                0x01000144                PROVIDE (_alt_partition_sdram_end, ABSOLUTE (.))
                0x0011fdd0                PROVIDE (_alt_partition_sdram_load_addr, LOADADDR (.sdram))

.stab
 *(.stab)

.stabstr
 *(.stabstr)

.stab.excl
 *(.stab.excl)

.stab.exclstr
 *(.stab.exclstr)

.stab.index
 *(.stab.index)

.stab.indexstr
 *(.stab.indexstr)

.comment        0x00000000       0x26
 *(.comment)
 .comment       0x00000000       0x26 obj/default/cruise_Timer.o
                                 0x27 (size before relaxing)
 .comment       0x00000000       0x27 /opt/altera/13.0sp1/nios2eds/bin/gnu/H-i686-pc-linux-gnu/bin/../lib/gcc/nios2-elf/4.1.2/mno-hw-mul/libgcc.a(_si_to_sf.o)
 .comment       0x00000000       0x27 /opt/altera/13.0sp1/nios2eds/bin/gnu/H-i686-pc-linux-gnu/bin/../lib/gcc/nios2-elf/4.1.2/mno-hw-mul/libgcc.a(_sf_to_df.o)
 .comment       0x00000000       0x27 /opt/altera/13.0sp1/nios2eds/bin/gnu/H-i686-pc-linux-gnu/bin/../lib/gcc/nios2-elf/4.1.2/mno-hw-mul/libgcc.a(_addsub_df.o)
 .comment       0x00000000       0x27 /opt/altera/13.0sp1/nios2eds/bin/gnu/H-i686-pc-linux-gnu/bin/../lib/gcc/nios2-elf/4.1.2/mno-hw-mul/libgcc.a(_div_df.o)
 .comment       0x00000000       0x27 /opt/altera/13.0sp1/nios2eds/bin/gnu/H-i686-pc-linux-gnu/bin/../lib/gcc/nios2-elf/4.1.2/mno-hw-mul/libgcc.a(_si_to_df.o)
 .comment       0x00000000       0x27 /opt/altera/13.0sp1/nios2eds/bin/gnu/H-i686-pc-linux-gnu/bin/../lib/gcc/nios2-elf/4.1.2/mno-hw-mul/libgcc.a(_df_to_si.o)
 .comment       0x00000000       0x27 /opt/altera/13.0sp1/nios2eds/bin/gnu/H-i686-pc-linux-gnu/bin/../lib/gcc/nios2-elf/4.1.2/mno-hw-mul/libgcc.a(_make_df.o)
 .comment       0x00000000       0x27 /opt/altera/13.0sp1/nios2eds/bin/gnu/H-i686-pc-linux-gnu/bin/../lib/gcc/nios2-elf/4.1.2/mno-hw-mul/libgcc.a(_thenan_df.o)
 .comment       0x00000000       0x27 /opt/altera/13.0sp1/nios2eds/bin/gnu/H-i686-pc-linux-gnu/bin/../lib/gcc/nios2-elf/4.1.2/mno-hw-mul/libgcc.a(lib2-divmod.o)
 .comment       0x00000000       0x27 /opt/altera/13.0sp1/nios2eds/bin/gnu/H-i686-pc-linux-gnu/bin/../lib/gcc/nios2-elf/4.1.2/mno-hw-mul/libgcc.a(lib2-mul.o)
 .comment       0x00000000       0x27 /opt/altera/13.0sp1/nios2eds/bin/gnu/H-i686-pc-linux-gnu/bin/../lib/gcc/nios2-elf/4.1.2/mno-hw-mul/libgcc.a(_clzsi2.o)
 .comment       0x00000000       0x27 /opt/altera/13.0sp1/nios2eds/bin/gnu/H-i686-pc-linux-gnu/bin/../lib/gcc/nios2-elf/4.1.2/mno-hw-mul/libgcc.a(_pack_sf.o)
 .comment       0x00000000       0x27 /opt/altera/13.0sp1/nios2eds/bin/gnu/H-i686-pc-linux-gnu/bin/../lib/gcc/nios2-elf/4.1.2/mno-hw-mul/libgcc.a(_unpack_sf.o)
 .comment       0x00000000       0x27 /opt/altera/13.0sp1/nios2eds/bin/gnu/H-i686-pc-linux-gnu/bin/../lib/gcc/nios2-elf/4.1.2/mno-hw-mul/libgcc.a(_pack_df.o)
 .comment       0x00000000       0x27 /opt/altera/13.0sp1/nios2eds/bin/gnu/H-i686-pc-linux-gnu/bin/../lib/gcc/nios2-elf/4.1.2/mno-hw-mul/libgcc.a(_unpack_df.o)
 .comment       0x00000000       0x27 /opt/altera/13.0sp1/nios2eds/bin/gnu/H-i686-pc-linux-gnu/bin/../lib/gcc/nios2-elf/4.1.2/mno-hw-mul/libgcc.a(_clz.o)
 .comment       0x00000000       0x27 /opt/altera/13.0sp1/nios2eds/bin/gnu/H-i686-pc-linux-gnu/bin/../lib/gcc/nios2-elf/4.1.2/../../../../nios2-elf/lib/mno-hw-mul/libc.a(lib_a-printf.o)
 .comment       0x00000000       0x27 /opt/altera/13.0sp1/nios2eds/bin/gnu/H-i686-pc-linux-gnu/bin/../lib/gcc/nios2-elf/4.1.2/../../../../nios2-elf/lib/mno-hw-mul/libc.a(lib_a-puts.o)
 .comment       0x00000000       0x27 /opt/altera/13.0sp1/nios2eds/bin/gnu/H-i686-pc-linux-gnu/bin/../lib/gcc/nios2-elf/4.1.2/../../../../nios2-elf/lib/mno-hw-mul/libc.a(lib_a-strlen.o)
 .comment       0x00000000       0x27 /opt/altera/13.0sp1/nios2eds/bin/gnu/H-i686-pc-linux-gnu/bin/../lib/gcc/nios2-elf/4.1.2/../../../../nios2-elf/lib/mno-hw-mul/libc.a(lib_a-vfprintf.o)
 .comment       0x00000000       0x27 /opt/altera/13.0sp1/nios2eds/bin/gnu/H-i686-pc-linux-gnu/bin/../lib/gcc/nios2-elf/4.1.2/../../../../nios2-elf/lib/mno-hw-mul/libc.a(lib_a-wsetup.o)
 .comment       0x00000000       0x27 /opt/altera/13.0sp1/nios2eds/bin/gnu/H-i686-pc-linux-gnu/bin/../lib/gcc/nios2-elf/4.1.2/../../../../nios2-elf/lib/mno-hw-mul/libc.a(lib_a-dtoa.o)