Archive member included because of file (symbol)

/opt/altera/13.0sp1/nios2eds/bin/gnu/H-i686-pc-linux-gnu/bin/../lib/gcc/nios2-elf/4.1.2/mno-hw-mul/libgcc.a(_si_to_sf.o)
                              obj/default/cruise_skeleton.o (__floatsisf)
/opt/altera/13.0sp1/nios2eds/bin/gnu/H-i686-pc-linux-gnu/bin/../lib/gcc/nios2-elf/4.1.2/mno-hw-mul/libgcc.a(_sf_to_df.o)
                              obj/default/cruise_skeleton.o (__extendsfdf2)
/opt/altera/13.0sp1/nios2eds/bin/gnu/H-i686-pc-linux-gnu/bin/../lib/gcc/nios2-elf/4.1.2/mno-hw-mul/libgcc.a(_addsub_df.o)
                              obj/default/cruise_skeleton.o (__adddf3)
/opt/altera/13.0sp1/nios2eds/bin/gnu/H-i686-pc-linux-gnu/bin/../lib/gcc/nios2-elf/4.1.2/mno-hw-mul/libgcc.a(_div_df.o)
                              obj/default/cruise_skeleton.o (__divdf3)
/opt/altera/13.0sp1/nios2eds/bin/gnu/H-i686-pc-linux-gnu/bin/../lib/gcc/nios2-elf/4.1.2/mno-hw-mul/libgcc.a(_si_to_df.o)
                              obj/default/cruise_skeleton.o (__floatsidf)
/opt/altera/13.0sp1/nios2eds/bin/gnu/H-i686-pc-linux-gnu/bin/../lib/gcc/nios2-elf/4.1.2/mno-hw-mul/libgcc.a(_df_to_si.o)
                              obj/default/cruise_skeleton.o (__fixdfsi)
/opt/altera/13.0sp1/nios2eds/bin/gnu/H-i686-pc-linux-gnu/bin/../lib/gcc/nios2-elf/4.1.2/mno-hw-mul/libgcc.a(_make_df.o)
                              /opt/altera/13.0sp1/nios2eds/bin/gnu/H-i686-pc-linux-gnu/bin/../lib/gcc/nios2-elf/4.1.2/mno-hw-mul/libgcc.a(_sf_to_df.o) (__make_dp)
/opt/altera/13.0sp1/nios2eds/bin/gnu/H-i686-pc-linux-gnu/bin/../lib/gcc/nios2-elf/4.1.2/mno-hw-mul/libgcc.a(_thenan_df.o)
                              /opt/altera/13.0sp1/nios2eds/bin/gnu/H-i686-pc-linux-gnu/bin/../lib/gcc/nios2-elf/4.1.2/mno-hw-mul/libgcc.a(_addsub_df.o) (__thenan_df)
/opt/altera/13.0sp1/nios2eds/bin/gnu/H-i686-pc-linux-gnu/bin/../lib/gcc/nios2-elf/4.1.2/mno-hw-mul/libgcc.a(lib2-divmod.o)
                              obj/default/cruise_skeleton.o (__divsi3)
/opt/altera/13.0sp1/nios2eds/bin/gnu/H-i686-pc-linux-gnu/bin/../lib/gcc/nios2-elf/4.1.2/mno-hw-mul/libgcc.a(lib2-mul.o)
                              obj/default/cruise_skeleton.o (__mulsi3)
/opt/altera/13.0sp1/nios2eds/bin/gnu/H-i686-pc-linux-gnu/bin/../lib/gcc/nios2-elf/4.1.2/mno-hw-mul/libgcc.a(_clzsi2.o)
                              /opt/altera/13.0sp1/nios2eds/bin/gnu/H-i686-pc-linux-gnu/bin/../lib/gcc/nios2-elf/4.1.2/mno-hw-mul/libgcc.a(_si_to_sf.o) (__clzsi2)
/opt/altera/13.0sp1/nios2eds/bin/gnu/H-i686-pc-linux-gnu/bin/../lib/gcc/nios2-elf/4.1.2/mno-hw-mul/libgcc.a(_pack_sf.o)
                              /opt/altera/13.0sp1/nios2eds/bin/gnu/H-i686-pc-linux-gnu/bin/../lib/gcc/nios2-elf/4.1.2/mno-hw-mul/libgcc.a(_si_to_sf.o) (__pack_f)
/opt/altera/13.0sp1/nios2eds/bin/gnu/H-i686-pc-linux-gnu/bin/../lib/gcc/nios2-elf/4.1.2/mno-hw-mul/libgcc.a(_unpack_sf.o)
                              /opt/altera/13.0sp1/nios2eds/bin/gnu/H-i686-pc-linux-gnu/bin/../lib/gcc/nios2-elf/4.1.2/mno-hw-mul/libgcc.a(_sf_to_df.o) (__unpack_f)
/opt/altera/13.0sp1/nios2eds/bin/gnu/H-i686-pc-linux-gnu/bin/../lib/gcc/nios2-elf/4.1.2/mno-hw-mul/libgcc.a(_pack_df.o)
                              /opt/altera/13.0sp1/nios2eds/bin/gnu/H-i686-pc-linux-gnu/bin/../lib/gcc/nios2-elf/4.1.2/mno-hw-mul/libgcc.a(_addsub_df.o) (__pack_d)
/opt/altera/13.0sp1/nios2eds/bin/gnu/H-i686-pc-linux-gnu/bin/../lib/gcc/nios2-elf/4.1.2/mno-hw-mul/libgcc.a(_unpack_df.o)
                              /opt/altera/13.0sp1/nios2eds/bin/gnu/H-i686-pc-linux-gnu/bin/../lib/gcc/nios2-elf/4.1.2/mno-hw-mul/libgcc.a(_addsub_df.o) (__unpack_d)
/opt/altera/13.0sp1/nios2eds/bin/gnu/H-i686-pc-linux-gnu/bin/../lib/gcc/nios2-elf/4.1.2/mno-hw-mul/libgcc.a(_clz.o)
                              /opt/altera/13.0sp1/nios2eds/bin/gnu/H-i686-pc-linux-gnu/bin/../lib/gcc/nios2-elf/4.1.2/mno-hw-mul/libgcc.a(_clzsi2.o) (__clz_tab)
/opt/altera/13.0sp1/nios2eds/bin/gnu/H-i686-pc-linux-gnu/bin/../lib/gcc/nios2-elf/4.1.2/../../../../nios2-elf/lib/mno-hw-mul/libc.a(lib_a-printf.o)
                              obj/default/cruise_skeleton.o (printf)
/opt/altera/13.0sp1/nios2eds/bin/gnu/H-i686-pc-linux-gnu/bin/../lib/gcc/nios2-elf/4.1.2/../../../../nios2-elf/lib/mno-hw-mul/libc.a(lib_a-puts.o)
                              obj/default/cruise_skeleton.o (puts)
/opt/altera/13.0sp1/nios2eds/bin/gnu/H-i686-pc-linux-gnu/bin/../lib/gcc/nios2-elf/4.1.2/../../../../nios2-elf/lib/mno-hw-mul/libc.a(lib_a-strlen.o)
                              /opt/altera/13.0sp1/nios2eds/bin/gnu/H-i686-pc-linux-gnu/bin/../lib/gcc/nios2-elf/4.1.2/../../../../nios2-elf/lib/mno-hw-mul/libc.a(lib_a-puts.o) (strlen)
/opt/altera/13.0sp1/nios2eds/bin/gnu/H-i686-pc-linux-gnu/bin/../lib/gcc/nios2-elf/4.1.2/../../../../nios2-elf/lib/mno-hw-mul/libc.a(lib_a-vfprintf.o)
                              /opt/altera/13.0sp1/nios2eds/bin/gnu/H-i686-pc-linux-gnu/bin/../lib/gcc/nios2-elf/4.1.2/../../../../nios2-elf/lib/mno-hw-mul/libc.a(lib_a-printf.o) (___vfprintf_internal_r)
[...]
Memory Configuration

Name             Origin             Length             Attributes
onchip_memory    0x00000000         0x00006400
sram             0x00100000         0x00080000
reset            0x01000000         0x00000020
sdram            0x01000020         0x007fffe0
*default*        0x00000000         0xffffffff

Linker script and memory map

LOAD ../bsp//obj/HAL/src/crt0.o
LOAD obj/default/cruise_skeleton.o
LOAD /opt/altera/13.0sp1/nios2eds/bin/gnu/H-i686-pc-linux-gnu/bin/../lib/gcc/nios2-elf/4.1.2/../../../../nios2-elf/lib/mno-hw-mul/libstdc++.a
LOAD /opt/altera/13.0sp1/nios2eds/bin/gnu/H-i686-pc-linux-gnu/bin/../lib/gcc/nios2-elf/4.1.2/../../../../nios2-elf/lib/mno-hw-mul/libm.a
LOAD /opt/altera/13.0sp1/nios2eds/bin/gnu/H-i686-pc-linux-gnu/bin/../lib/gcc/nios2-elf/4.1.2/mno-hw-mul/libgcc.a
START GROUP
LOAD /opt/altera/13.0sp1/nios2eds/bin/gnu/H-i686-pc-linux-gnu/bin/../lib/gcc/nios2-elf/4.1.2/../../../../nios2-elf/lib/mno-hw-mul/libc.a
LOAD /opt/altera/13.0sp1/nios2eds/bin/gnu/H-i686-pc-linux-gnu/bin/../lib/gcc/nios2-elf/4.1.2/mno-hw-mul/libgcc.a
LOAD ../bsp//libucosii_bsp.a
END GROUP
LOAD /opt/altera/13.0sp1/nios2eds/bin/gnu/H-i686-pc-linux-gnu/bin/../lib/gcc/nios2-elf/4.1.2/mno-hw-mul/libgcc.a
                0x00000000                __alt_mem_onchip_memory = 0x0
                0x00100000                __alt_mem_sram = 0x100000
                0x01000000                __alt_mem_sdram = 0x1000000

.entry          0x01000000       0x20
 *(.entry)
 .entry         0x01000000       0x20 ../bsp//obj/HAL/src/crt0.o
                0x01000000                __reset

.exceptions     0x01000020      0x124 load address 0x00100000
                0x01000020                PROVIDE (__ram_exceptions_start, ABSOLUTE (.))
                0x01000020                . = ALIGN (0x20)
 *(.irq)
 *(.exceptions.entry.label)
 .exceptions.entry.label
                0x01000020        0x0 ../bsp//libucosii_bsp.a(alt_irq_entry.o)
                0x01000020                alt_irq_entry
 .exceptions.entry.label
                0x01000020        0x0 ../bsp//libucosii_bsp.a(alt_exception_entry.o)
                0x01000020                alt_exception
 *(.exceptions.entry.user)
 *(.exceptions.entry)
 .exceptions.entry
                0x01000020       0x54 ../bsp//libucosii_bsp.a(alt_exception_entry.o)
 *(.exceptions.irqtest.user)
 *(.exceptions.irqtest)
 .exceptions.irqtest
                0x01000074       0x10 ../bsp//libucosii_bsp.a(alt_irq_entry.o)
 *(.exceptions.irqhandler.user)
 *(.exceptions.irqhandler)
 .exceptions.irqhandler
                0x01000084        0x4 ../bsp//libucosii_bsp.a(alt_irq_entry.o)
 *(.exceptions.irqreturn.user)
 *(.exceptions.irqreturn)
 .exceptions.irqreturn
                0x01000088        0x4 ../bsp//libucosii_bsp.a(alt_irq_entry.o)
 *(.exceptions.notirq.label)
 .exceptions.notirq.label
                0x0100008c        0x0 ../bsp//libucosii_bsp.a(alt_irq_entry.o)
 *(.exceptions.notirq.user)
 *(.exceptions.notirq)
 .exceptions.notirq
                0x0100008c        0x8 ../bsp//libucosii_bsp.a(alt_exception_entry.o)
 *(.exceptions.soft.user)
 *(.exceptions.soft)
 *(.exceptions.unknown.user)
 *(.exceptions.unknown)
 .exceptions.unknown
                0x01000094        0x4 ../bsp//libucosii_bsp.a(alt_exception_entry.o)
 *(.exceptions.exit.label)
 .exceptions.exit.label
                0x01000098        0x0 ../bsp//libucosii_bsp.a(alt_irq_entry.o)
 .exceptions.exit.label
                0x01000098        0x0 ../bsp//libucosii_bsp.a(alt_exception_entry.o)
 *(.exceptions.exit.user)
 *(.exceptions.exit)
 .exceptions.exit
                0x01000098       0x54 ../bsp//libucosii_bsp.a(alt_exception_entry.o)
 *(.exceptions)
 .exceptions    0x010000ec       0x58 ../bsp//libucosii_bsp.a(alt_irq_handler.o)
                0x010000ec                alt_irq_handler
                0x01000144                PROVIDE (__ram_exceptions_end, ABSOLUTE (.))
                0x00100000                PROVIDE (__flash_exceptions_start, LOADADDR (.exceptions))

.text           0x00100124    0x11d58
                0x00100124                PROVIDE (stext, ABSOLUTE (.))
 *(.interp)
 *(.hash)
 *(.dynsym)
 *(.dynstr)
 *(.gnu.version)
 *(.gnu.version_d)
 *(.gnu.version_r)
 *(.rel.init)
 *(.rela.init)
 *(.rel.text .rel.text.* .rel.gnu.linkonce.t.*)
 *(.rela.text .rela.text.* .rela.gnu.linkonce.t.*)
 *(.rel.fini)
 *(.rela.fini)
 *(.rel.rodata .rel.rodata.* .rel.gnu.linkonce.r.*)
 *(.rela.rodata .rela.rodata.* .rela.gnu.linkonce.r.*)
 *(.rel.data .rel.data.* .rel.gnu.linkonce.d.*)
 *(.rela.data .rela.data.* .rela.gnu.linkonce.d.*)
 *(.rel.tdata .rel.tdata.* .rel.gnu.linkonce.td.*)
 *(.rela.tdata .rela.tdata.* .rela.gnu.linkonce.td.*)
 *(.rel.tbss .rel.tbss.* .rel.gnu.linkonce.tb.*)
 *(.rela.tbss .rela.tbss.* .rela.gnu.linkonce.tb.*)
 *(.rel.ctors)
 *(.rela.ctors)
 *(.rel.dtors)
 *(.rela.dtors)
 *(.rel.got)
 *(.rela.got)
 *(.rel.sdata .rel.sdata.* .rel.gnu.linkonce.s.*)
 *(.rela.sdata .rela.sdata.* .rela.gnu.linkonce.s.*)
 *(.rel.sbss .rel.sbss.* .rel.gnu.linkonce.sb.*)
 *(.rela.sbss .rela.sbss.* .rela.gnu.linkonce.sb.*)
 *(.rel.sdata2 .rel.sdata2.* .rel.gnu.linkonce.s2.*)
 *(.rela.sdata2 .rela.sdata2.* .rela.gnu.linkonce.s2.*)
 *(.rel.sbss2 .rel.sbss2.* .rel.gnu.linkonce.sb2.*)
 *(.rela.sbss2 .rela.sbss2.* .rela.gnu.linkonce.sb2.*)
 *(.rel.bss .rel.bss.* .rel.gnu.linkonce.b.*)
 *(.rela.bss .rela.bss.* .rela.gnu.linkonce.b.*)
 *(.rel.plt)
 *(.rela.plt)
 *(.rel.dyn)
 *(.init)
 *(.plt)
 *(.text .stub .text.* .gnu.linkonce.t.*)
 .text          0x00100124       0x3c ../bsp//obj/HAL/src/crt0.o
                0x00100124                _start
 .text          0x00100160      0x8fc obj/default/cruise_skeleton.o
                0x00100160                buttons_pressed
                0x00100188                switches_pressed
                0x001001ac                alarm_handler
                0x001001dc                int2seven
                0x00100218                show_velocity_on_sevenseg
                0x00100308                show_target_velocity
                0x00100328                show_position
                0x00100348                adjust_position
                0x001003ec                adjust_velocity
                0x0010052c                VehicleTask
                0x00100814                ControlTask
                0x00100880                StartTask
                0x001009e0                main
 .text          0x00100a5c       0x98 /opt/altera/13.0sp1/nios2eds/bin/gnu/H-i686-pc-linux-gnu/bin/../lib/gcc/nios2-elf/4.1.2/mno-hw-mul/libgcc.a(_si_to_sf.o)
                0x00100a5c                __floatsisf
 .text          0x00100af4       0x54 /opt/altera/13.0sp1/nios2eds/bin/gnu/H-i686-pc-linux-gnu/bin/../lib/gcc/nios2-elf/4.1.2/mno-hw-mul/libgcc.a(_sf_to_df.o)
                0x00100af4                __extendsfdf2
 .text          0x00100b48      0x504 /opt/altera/13.0sp1/nios2eds/bin/gnu/H-i686-pc-linux-gnu/bin/../lib/gcc/nios2-elf/4.1.2/mno-hw-mul/libgcc.a(_addsub_df.o)
                0x00100f58                __subdf3
                0x00100fd8                __adddf3
 .text          0x0010104c      0x258 /opt/altera/13.0sp1/nios2eds/bin/gnu/H-i686-pc-linux-gnu/bin/../lib/gcc/nios2-elf/4.1.2/mno-hw-mul/libgcc.a(_div_df.o)
                0x0010104c                __divdf3
 .text          0x001012a4       0xf8 /opt/altera/13.0sp1/nios2eds/bin/gnu/H-i686-pc-linux-gnu/bin/../lib/gcc/nios2-elf/4.1.2/mno-hw-mul/libgcc.a(_si_to_df.o)
                0x001012a4                __floatsidf
 .text          0x0010139c       0xd8 /opt/altera/13.0sp1/nios2eds/bin/gnu/H-i686-pc-linux-gnu/bin/../lib/gcc/nios2-elf/4.1.2/mno-hw-mul/libgcc.a(_df_to_si.o)
                0x0010139c                __fixdfsi
 .text          0x00101474       0x38 /opt/altera/13.0sp1/nios2eds/bin/gnu/H-i686-pc-linux-gnu/bin/../lib/gcc/nios2-elf/4.1.2/mno-hw-mul/libgcc.a(_make_df.o)
                0x00101474                __make_dp
 .text          0x001014ac        0x0 /opt/altera/13.0sp1/nios2eds/bin/gnu/H-i686-pc-linux-gnu/bin/../lib/gcc/nios2-elf/4.1.2/mno-hw-mul/libgcc.a(_thenan_df.o)
 .text          0x001014ac      0x14c /opt/altera/13.0sp1/nios2eds/bin/gnu/H-i686-pc-linux-gnu/bin/../lib/gcc/nios2-elf/4.1.2/mno-hw-mul/libgcc.a(lib2-divmod.o)
                0x00101528                __divsi3
                0x00101588                __modsi3
                0x001015e8                __udivsi3
                0x001015f0                __umodsi3
 .text          0x001015f8       0x38 /opt/altera/13.0sp1/nios2eds/bin/gnu/H-i686-pc-linux-gnu/bin/../lib/gcc/nios2-elf/4.1.2/mno-hw-mul/libgcc.a(lib2-mul.o)
                0x001015f8                __mulsi3
 .text          0x00101630       0x80 /opt/altera/13.0sp1/nios2eds/bin/gnu/H-i686-pc-linux-gnu/bin/../lib/gcc/nios2-elf/4.1.2/mno-hw-mul/libgcc.a(_clzsi2.o)
                0x00101630                __clzsi2
 .text          0x001016b0      0x160 /opt/altera/13.0sp1/nios2eds/bin/gnu/H-i686-pc-linux-gnu/bin/../lib/gcc/nios2-elf/4.1.2/mno-hw-mul/libgcc.a(_pack_sf.o)
                0x001016b0                __pack_f
 .text          0x00101810       0xc8 /opt/altera/13.0sp1/nios2eds/bin/gnu/H-i686-pc-linux-gnu/bin/../lib/gcc/nios2-elf/4.1.2/mno-hw-mul/libgcc.a(_unpack_sf.o)
                0x00101810                __unpack_f
 .text          0x001018d8      0x314 /opt/altera/13.0sp1/nios2eds/bin/gnu/H-i686-pc-linux-gnu/bin/../lib/gcc/nios2-elf/4.1.2/mno-hw-mul/libgcc.a(_pack_df.o)
                0x001018d8                __pack_d
 .text          0x00101bec      0x138 /opt/altera/13.0sp1/nios2eds/bin/gnu/H-i686-pc-linux-gnu/bin/../lib/gcc/nios2-elf/4.1.2/mno-hw-mul/libgcc.a(_unpack_df.o)
                0x00101bec                __unpack_d
 .text          0x00101d24        0x0 /opt/altera/13.0sp1/nios2eds/bin/gnu/H-i686-pc-linux-gnu/bin/../lib/gcc/nios2-elf/4.1.2/mno-hw-mul/libgcc.a(_clz.o)
 .text          0x00101d24       0x78 /opt/altera/13.0sp1/nios2eds/bin/gnu/H-i686-pc-linux-gnu/bin/../lib/gcc/nios2-elf/4.1.2/../../../../nios2-elf/lib/mno-hw-mul/libc.a(lib_a-printf.o)
                0x00101d24                printf
                0x00101d68                _printf_r
 .text          0x00101d9c       0xb4 /opt/altera/13.0sp1/nios2eds/bin/gnu/H-i686-pc-linux-gnu/bin/../lib/gcc/nios2-elf/4.1.2/../../../../nios2-elf/lib/mno-hw-mul/libc.a(lib_a-puts.o)
                0x00101d9c                _puts_r
                0x00101e3c                puts
 .text          0x00101e50       0x74 /opt/altera/13.0sp1/nios2eds/bin/gnu/H-i686-pc-linux-gnu/bin/../lib/gcc/nios2-elf/4.1.2/../../../../nios2-elf/lib/mno-hw-mul/libc.a(lib_a-strlen.o)
                0x00101e50                strlen
 .text          0x00101ec4     0x1f40 /opt/altera/13.0sp1/nios2eds/bin/gnu/H-i686-pc-linux-gnu/bin/../lib/gcc/nios2-elf/4.1.2/../../../../nios2-elf/lib/mno-hw-mul/libc.a(lib_a-vfprintf.o)
                0x00101f1c                ___vfprintf_internal_r
                0x00103de0                __vfprintf_internal
 .text          0x00103e04      0x13c /opt/altera/13.0sp1/nios2eds/bin/gnu/H-i686-pc-linux-gnu/bin/../lib/gcc/nios2-elf/4.1.2/../../../../nios2-elf/lib/mno-hw-mul/libc.a(lib_a-wsetup.o)
                0x00103e04                __swsetup_r
 .text          0x00103f40     0x17f8 /opt/altera/13.0sp1/nios2eds/bin/gnu/H-i686-pc-linux-gnu/bin/../lib/gcc/nios2-elf/4.1.2/../../../../nios2-elf/lib/mno-hw-mul/libc.a(lib_a-dtoa.o)
                0x00104184                _dtoa_r
 .text          0x00105738      0x230 /opt/altera/13.0sp1/nios2eds/bin/gnu/H-i686-pc-linux-gnu/bin/../lib/gcc/nios2-elf/4.1.2/../../../../nios2-elf/lib/mno-hw-mul/libc.a(lib_a-fflush.o)
                0x00105738                _fflush_r
                0x00105934                fflush
 .text          0x00105968      0x2f4 /opt/altera/13.0sp1/nios2eds/bin/gnu/H-i686-pc-linux-gnu/bin/../lib/gcc/nios2-elf/4.1.2/../../../../nios2-elf/lib/mno-hw-mul/libc.a(lib_a-findfp.o)
                0x001059c0                __sfp_lock_acquire
                0x001059c4                __sfp_lock_release
                0x001059c8                __sinit_lock_acquire
                0x001059cc                __sinit_lock_release
                0x001059d0                __sinit
                0x00105a84                __fp_unlock_all
                0x00105a9c                __fp_lock_all
                0x00105ab4                _cleanup_r
                0x00105ac0                _cleanup
                0x00105ad0                __sfmoreglue
                0x00105b6c                __sfp
 .text          0x00105c5c      0x440 /opt/altera/13.0sp1/nios2eds/bin/gnu/H-i686-pc-linux-gnu/bin/../lib/gcc/nios2-elf/4.1.2/../../../../nios2-elf/lib/mno-hw-mul/libc.a(lib_a-freer.o)
                0x00105c5c                _malloc_trim_r
                0x00105d88                _free_r
 .text          0x0010609c      0x49c /opt/altera/13.0sp1/nios2eds/bin/gnu/H-i686-pc-linux-gnu/bin/../lib/gcc/nios2-elf/4.1.2/../../../../nios2-elf/lib/mno-hw-mul/libc.a(lib_a-fvwrite.o)
                0x0010609c                __sfvwrite_r
 .text          0x00106538      0x180 /opt/altera/13.0sp1/nios2eds/bin/gnu/H-i686-pc-linux-gnu/bin/../lib/gcc/nios2-elf/4.1.2/../../../../nios2-elf/lib/mno-hw-mul/libc.a(lib_a-fwalk.o)
                0x00106538                _fwalk_reent
                0x00106600                _fwalk
 .text          0x001066b8        0x0 /opt/altera/13.0sp1/nios2eds/bin/gnu/H-i686-pc-linux-gnu/bin/../lib/gcc/nios2-elf/4.1.2/../../../../nios2-elf/lib/mno-hw-mul/libc.a(lib_a-impure.o)
 .text          0x001066b8       0xc4 /opt/altera/13.0sp1/nios2eds/bin/gnu/H-i686-pc-linux-gnu/bin/../lib/gcc/nios2-elf/4.1.2/../../../../nios2-elf/lib/mno-hw-mul/libc.a(lib_a-locale.o)
                0x001066b8                __locale_charset
                0x001066c0                _localeconv_r
                0x001066cc                localeconv
                0x001066dc                _setlocale_r
                0x00106760                setlocale
 .text          0x0010677c      0x194 /opt/altera/13.0sp1/nios2eds/bin/gnu/H-i686-pc-linux-gnu/bin/../lib/gcc/nios2-elf/4.1.2/../../../../nios2-elf/lib/mno-hw-mul/libc.a(lib_a-makebuf.o)
                0x0010677c                __smakebuf_r
 .text          0x00106910      0x740 /opt/altera/13.0sp1/nios2eds/bin/gnu/H-i686-pc-linux-gnu/bin/../lib/gcc/nios2-elf/4.1.2/../../../../nios2-elf/lib/mno-hw-mul/libc.a(lib_a-mallocr.o)
                0x00106910                _malloc_r
 .text          0x00107050       0xe4 /opt/altera/13.0sp1/nios2eds/bin/gnu/H-i686-pc-linux-gnu/bin/../lib/gcc/nios2-elf/4.1.2/../../../../nios2-elf/lib/mno-hw-mul/libc.a(lib_a-memchr.o)
                0x00107050                memchr
 .text          0x00107134       0xa0 /opt/altera/13.0sp1/nios2eds/bin/gnu/H-i686-pc-linux-gnu/bin/../lib/gcc/nios2-elf/4.1.2/../../../../nios2-elf/lib/mno-hw-mul/libc.a(lib_a-memcpy.o)
                0x00107134                memcpy
 .text          0x001071d4       0xe0 /opt/altera/13.0sp1/nios2eds/bin/gnu/H-i686-pc-linux-gnu/bin/../lib/gcc/nios2-elf/4.1.2/../../../../nios2-elf/lib/mno-hw-mul/libc.a(lib_a-memmove.o)
                0x001071d4                memmove
 .text          0x001072b4       0x98 /opt/altera/13.0sp1/nios2eds/bin/gnu/H-i686-pc-linux-gnu/bin/../lib/gcc/nios2-elf/4.1.2/../../../../nios2-elf/lib/mno-hw-mul/libc.a(lib_a-memset.o)
                0x001072b4                memset
 .text          0x0010734c     0x108c /opt/altera/13.0sp1/nios2eds/bin/gnu/H-i686-pc-linux-gnu/bin/../lib/gcc/nios2-elf/4.1.2/../../../../nios2-elf/lib/mno-hw-mul/libc.a(lib_a-mprec.o)
                0x0010734c                _Bfree
                0x00107374                __hi0bits
                0x001073e4                __lo0bits
                0x001074a8                __mcmp
                0x00107508                __ulp
                0x00107588                __b2d
                0x001076a8                __ratio
                0x00107758                _mprec_log10
                0x001077ec                __copybits
                0x00107844                __any_on
                0x001078cc                _Balloc
                0x00107988                __d2b
                0x00107b04                __mdiff
                0x00107c90                __lshift
                0x00107ddc                __multiply
                0x00108030                __i2b
                0x0010806c                __multadd
                0x00108198                __pow5mult
                0x001082b8                __s2b
 .text          0x001083d8      0x5f4 /opt/altera/13.0sp1/nios2eds/bin/gnu/H-i686-pc-linux-gnu/bin/../lib/gcc/nios2-elf/4.1.2/../../../../nios2-elf/lib/mno-hw-mul/libc.a(lib_a-reallocr.o)
                0x001083d8                _realloc_r
 .text          0x001089cc       0x40 /opt/altera/13.0sp1/nios2eds/bin/gnu/H-i686-pc-linux-gnu/bin/../lib/gcc/nios2-elf/4.1.2/../../../../nios2-elf/lib/mno-hw-mul/libc.a(lib_a-s_isinfd.o)
                0x001089cc                __isinfd
 .text          0x00108a0c       0x30 /opt/altera/13.0sp1/nios2eds/bin/gnu/H-i686-pc-linux-gnu/bin/../lib/gcc/nios2-elf/4.1.2/../../../../nios2-elf/lib/mno-hw-mul/libc.a(lib_a-s_isnand.o)
                0x00108a0c                __isnand
 .text          0x00108a3c       0x70 /opt/altera/13.0sp1/nios2eds/bin/gnu/H-i686-pc-linux-gnu/bin/../lib/gcc/nios2-elf/4.1.2/../../../../nios2-elf/lib/mno-hw-mul/libc.a(lib_a-sbrkr.o)
                0x00108a3c                _sbrk_r
 .text          0x00108aac      0x14c /opt/altera/13.0sp1/nios2eds/bin/gnu/H-i686-pc-linux-gnu/bin/../lib/gcc/nios2-elf/4.1.2/../../../../nios2-elf/lib/mno-hw-mul/libc.a(lib_a-stdio.o)
                0x00108aac                __sclose
                0x00108ab4                __sseek
                0x00108b1c                __swrite
                0x00108b98                __sread
 .text          0x00108bf8       0xbc /opt/altera/13.0sp1/nios2eds/bin/gnu/H-i686-pc-linux-gnu/bin/../lib/gcc/nios2-elf/4.1.2/../../../../nios2-elf/lib/mno-hw-mul/libc.a(lib_a-strcmp.o)
                0x00108bf8                strcmp
 .text          0x00108cb4       0x78 /opt/altera/13.0sp1/nios2eds/bin/gnu/H-i686-pc-linux-gnu/bin/../lib/gcc/nios2-elf/4.1.2/../../../../nios2-elf/lib/mno-hw-mul/libc.a(lib_a-writer.o)
                0x00108cb4                _write_r
 .text          0x00108d2c       0xc8 /opt/altera/13.0sp1/nios2eds/bin/gnu/H-i686-pc-linux-gnu/bin/../lib/gcc/nios2-elf/4.1.2/../../../../nios2-elf/lib/mno-hw-mul/libc.a(lib_a-callocr.o)
                0x00108d2c                _calloc_r
 .text          0x00108df4       0x70 /opt/altera/13.0sp1/nios2eds/bin/gnu/H-i686-pc-linux-gnu/bin/../lib/gcc/nios2-elf/4.1.2/../../../../nios2-elf/lib/mno-hw-mul/libc.a(lib_a-closer.o)
                0x00108df4                _close_r
 .text          0x00108e64      0x124 /opt/altera/13.0sp1/nios2eds/bin/gnu/H-i686-pc-linux-gnu/bin/../lib/gcc/nios2-elf/4.1.2/../../../../nios2-elf/lib/mno-hw-mul/libc.a(lib_a-fclose.o)
                0x00108e64                _fclose_r
                0x00108f74                fclose
 .text          0x00108f88       0x74 /opt/altera/13.0sp1/nios2eds/bin/gnu/H-i686-pc-linux-gnu/bin/../lib/gcc/nios2-elf/4.1.2/../../../../nios2-elf/lib/mno-hw-mul/libc.a(lib_a-fstatr.o)
                0x00108f88                _fstat_r
 .text          0x00108ffc        0x0 /opt/altera/13.0sp1/nios2eds/bin/gnu/H-i686-pc-linux-gnu/bin/../lib/gcc/nios2-elf/4.1.2/../../../../nios2-elf/lib/mno-hw-mul/libc.a(lib_a-int_errno.o)
 .text          0x00108ffc       0x70 /opt/altera/13.0sp1/nios2eds/bin/gnu/H-i686-pc-linux-gnu/bin/../lib/gcc/nios2-elf/4.1.2/../../../../nios2-elf/lib/mno-hw-mul/libc.a(lib_a-isattyr.o)
                0x00108ffc                _isatty_r
 .text          0x0010906c       0x78 /opt/altera/13.0sp1/nios2eds/bin/gnu/H-i686-pc-linux-gnu/bin/../lib/gcc/nios2-elf/4.1.2/../../../../nios2-elf/lib/mno-hw-mul/libc.a(lib_a-lseekr.o)
                0x0010906c                _lseek_r
 .text          0x001090e4       0x78 /opt/altera/13.0sp1/nios2eds/bin/gnu/H-i686-pc-linux-gnu/bin/../lib/gcc/nios2-elf/4.1.2/../../../../nios2-elf/lib/mno-hw-mul/libc.a(lib_a-readr.o)
                0x001090e4                _read_r
 .text          0x0010915c      0x66c /opt/altera/13.0sp1/nios2eds/bin/gnu/H-i686-pc-linux-gnu/bin/../lib/gcc/nios2-elf/4.1.2/mno-hw-mul/libgcc.a(_udivdi3.o)
                0x0010915c                __udivdi3
 .text          0x001097c8      0x660 /opt/altera/13.0sp1/nios2eds/bin/gnu/H-i686-pc-linux-gnu/bin/../lib/gcc/nios2-elf/4.1.2/mno-hw-mul/libgcc.a(_umoddi3.o)
                0x001097c8                __umoddi3
 .text          0x00109e28      0x3c4 /opt/altera/13.0sp1/nios2eds/bin/gnu/H-i686-pc-linux-gnu/bin/../lib/gcc/nios2-elf/4.1.2/mno-hw-mul/libgcc.a(_mul_df.o)
                0x00109e28                __muldf3
 .text          0x0010a1ec       0x88 /opt/altera/13.0sp1/nios2eds/bin/gnu/H-i686-pc-linux-gnu/bin/../lib/gcc/nios2-elf/4.1.2/mno-hw-mul/libgcc.a(_eq_df.o)
                0x0010a1ec                __eqdf2
 .text          0x0010a274       0x88 /opt/altera/13.0sp1/nios2eds/bin/gnu/H-i686-pc-linux-gnu/bin/../lib/gcc/nios2-elf/4.1.2/mno-hw-mul/libgcc.a(_ne_df.o)
                0x0010a274                __nedf2
 .text          0x0010a2fc       0x88 /opt/altera/13.0sp1/nios2eds/bin/gnu/H-i686-pc-linux-gnu/bin/../lib/gcc/nios2-elf/4.1.2/mno-hw-mul/libgcc.a(_gt_df.o)
                0x0010a2fc                __gtdf2
 .text          0x0010a384       0x88 /opt/altera/13.0sp1/nios2eds/bin/gnu/H-i686-pc-linux-gnu/bin/../lib/gcc/nios2-elf/4.1.2/mno-hw-mul/libgcc.a(_ge_df.o)
                0x0010a384                __gedf2
 .text          0x0010a40c       0x88 /opt/altera/13.0sp1/nios2eds/bin/gnu/H-i686-pc-linux-gnu/bin/../lib/gcc/nios2-elf/4.1.2/mno-hw-mul/libgcc.a(_lt_df.o)
                0x0010a40c                __ltdf2
 .text          0x0010a494      0x194 /opt/altera/13.0sp1/nios2eds/bin/gnu/H-i686-pc-linux-gnu/bin/../lib/gcc/nios2-elf/4.1.2/mno-hw-mul/libgcc.a(_usi_to_df.o)
                0x0010a494                __floatunsidf
 .text          0x0010a628      0x124 /opt/altera/13.0sp1/nios2eds/bin/gnu/H-i686-pc-linux-gnu/bin/../lib/gcc/nios2-elf/4.1.2/mno-hw-mul/libgcc.a(_muldi3.o)
                0x0010a628                __muldi3
 .text          0x0010a74c       0xc8 /opt/altera/13.0sp1/nios2eds/bin/gnu/H-i686-pc-linux-gnu/bin/../lib/gcc/nios2-elf/4.1.2/mno-hw-mul/libgcc.a(_fpcmp_parts_df.o)
                0x0010a74c                __fpcmp_parts_d
 .text          0x0010a814       0x90 ../bsp//libucosii_bsp.a(alt_alarm_start.o)
                0x0010a814                alt_alarm_start
 .text          0x0010a8a4       0xbc ../bsp//libucosii_bsp.a(alt_close.o)
                0x0010a8c4                close
 .text          0x0010a960        0x8 ../bsp//libucosii_bsp.a(alt_dev.o)
 .text          0x0010a968        0x0 ../bsp//libucosii_bsp.a(alt_errno.o)
 .text          0x0010a968       0x9c ../bsp//libucosii_bsp.a(alt_fstat.o)
                0x0010a968                fstat
 .text          0x0010aa04       0x94 ../bsp//libucosii_bsp.a(alt_isatty.o)
                0x0010aa04                isatty
 .text          0x0010aa98       0x8c ../bsp//libucosii_bsp.a(alt_load.o)
                0x0010aab8                alt_load
 .text          0x0010ab24       0xb8 ../bsp//libucosii_bsp.a(alt_lseek.o)
                0x0010ab24                lseek
 .text          0x0010abdc       0xa8 ../bsp//libucosii_bsp.a(alt_main.o)
                0x0010abdc                alt_main
 .text          0x0010ac84       0xd8 ../bsp//libucosii_bsp.a(alt_read.o)
                0x0010aca4                read
 .text          0x0010ad5c       0x5c ../bsp//libucosii_bsp.a(alt_release_fd.o)
                0x0010ad5c                alt_release_fd
 .text          0x0010adb8       0x50 ../bsp//libucosii_bsp.a(alt_sbrk.o)
                0x0010adb8                sbrk
 .text          0x0010ae08       0xe0 ../bsp//libucosii_bsp.a(alt_tick.o)
                0x0010ae08                alt_alarm_stop
                0x0010ae3c                alt_tick
 .text          0x0010aee8       0xd4 ../bsp//libucosii_bsp.a(alt_write.o)
                0x0010af08                write
 .text          0x0010afbc       0xa8 ../bsp//libucosii_bsp.a(alt_env_lock.o)
                0x0010afbc                __env_unlock
                0x0010afe4                __env_lock
 .text          0x0010b064      0x110 ../bsp//libucosii_bsp.a(alt_malloc_lock.o)
                0x0010b064                __malloc_unlock
                0x0010b0c0                __malloc_lock
 .text          0x0010b174     0x1118 ../bsp//libucosii_bsp.a(os_core.o)
                0x0010b174                OSVersion
                0x0010b17c                OS_Dummy
                0x0010b180                OS_EventTaskWait
                0x0010b204                OS_EventTaskWaitMulti
                0x0010b2a4                OS_EventTaskRemove
                0x0010b2f0                OS_EventTaskRemoveMulti
                0x0010b34c                OS_EventTaskRdy
                0x0010b440                OS_EventWaitListInit
                0x0010b45c                OS_MemClr
                0x0010b478                OS_MemCopy
                0x0010b49c                OS_StrCopy
                0x0010b4c8                OS_StrLen
                0x0010b4e8                OS_TaskStatStkChk
                0x0010b56c                OS_Sched
                0x0010b624                OSStart
                0x0010b690                OSInit
                0x0010b870                OSEventNameGet
                0x0010b928                OSEventPendMulti
                0x0010bc80                OSIntEnter
                0x0010bcbc                OSSchedLock
                0x0010bd00                OSSchedUnlock
                0x0010bd54                OSStatInit
                0x0010bdb8                OSTimeTick
                0x0010bec4                OS_TaskIdle
                0x0010bef4                OS_TaskStat
                0x0010bf78                OS_TCBInit
                0x0010c0fc                OSIntExit
                0x0010c1d0                OSEventNameSet
 .text          0x0010c28c        0x4 ../bsp//libucosii_bsp.a(os_dbg.o)
                0x0010c28c                OSDebugInit
 .text          0x0010c290      0xc5c ../bsp//libucosii_bsp.a(os_flag.o)
                0x0010c348                OS_FlagUnlink
                0x0010c414                OS_FlagInit
                0x0010c484                OSFlagQuery
                0x0010c4e0                OSFlagAccept
                0x0010c650                OSFlagCreate
                0x0010c6d8                OSFlagDel
                0x0010c838                OSFlagNameGet
                0x0010c8f8                OSFlagNameSet
                0x0010c9cc                OSFlagPend
                0x0010cccc                OSFlagPendGetFlagsRdy
                0x0010ccf8                OSFlagPost
 .text          0x0010ceec      0x67c ../bsp//libucosii_bsp.a(os_mbox.o)
                0x0010ceec                OSMboxQuery
                0x0010cf68                OSMboxAccept
                0x0010cfa0                OSMboxCreate
                0x0010d02c                OSMboxDel
                0x0010d174                OSMboxPend
                0x0010d304                OSMboxPendAbort
                0x0010d3e8                OSMboxPost
                0x0010d484                OSMboxPostOpt
 .text          0x0010d568      0x3b8 ../bsp//libucosii_bsp.a(os_mem.o)
                0x0010d568                OS_MemInit
                0x0010d5d0                OSMemQuery
                0x0010d634                OSMemCreate
                0x0010d704                OSMemGet
                0x0010d770                OSMemNameGet
                0x0010d80c                OSMemNameSet
                0x0010d8c8                OSMemPut
 .text          0x0010d920      0x9c4 ../bsp//libucosii_bsp.a(os_q.o)
                0x0010d920                OS_QInit
                0x0010d970                OSQQuery
                0x0010da08                OSQAccept
                0x0010daa4                OSQCreate
                0x0010dba4                OSQDel
                0x0010dd28                OSQFlush
                0x0010dd78                OSQPend
                0x0010df38                OSQPendAbort
                0x0010e020                OSQPost
                0x0010e0dc                OSQPostFront
                0x0010e1a0                OSQPostOpt
 .text          0x0010e2e4      0x5e0 ../bsp//libucosii_bsp.a(os_sem.o)
                0x0010e2e4                OSSemSet
                0x0010e348                OSSemAccept
                0x0010e38c                OSSemCreate
                0x0010e418                OSSemDel
                0x0010e56c                OSSemPend
                0x0010e6d4                OSSemPendAbort
                0x0010e7c0                OSSemPost
                0x0010e85c                OSSemQuery
 .text          0x0010e8c4      0xe74 ../bsp//libucosii_bsp.a(os_task.o)
                0x0010e8c4                OS_TaskStkClr
                0x0010e8f4                OSTaskQuery
                0x0010e9bc                OSTaskChangePrio
                0x0010ec58                OSTaskCreate
                0x0010ed64                OSTaskCreateExt
                0x0010eedc                OSTaskDel
                0x0010f128                OSTaskDelReq
                0x0010f1dc                OSTaskNameGet
                0x0010f2e4                OSTaskNameSet
                0x0010f400                OSTaskResume
                0x0010f504                OSTaskStkChk
                0x0010f5f4                OSTaskSuspend
 .text          0x0010f738      0x378 ../bsp//libucosii_bsp.a(os_time.o)
                0x0010f738                OSTimeSet
                0x0010f75c                OSTimeDly
                0x0010f7f4                OSTimeDlyHMSM
                0x0010f994                OSTimeDlyResume
                0x0010fa8c                OSTimeGet
 .text          0x0010fab0      0xb94 ../bsp//libucosii_bsp.a(os_tmr.o)
                0x0010fc1c                OSTmr_Init
                0x0010fe78                OSTmrStop
                0x0010ffd4                OSTmrStart
                0x001100d8                OSTmrStateGet
                0x00110180                OSTmrRemainGet
                0x00110298                OSTmrDel
                0x00110394                OSTmrSignal
                0x001103bc                OSTmrNameGet
                0x001104a8                OSTmrCreate
 .text          0x00110644       0x9c ../bsp//libucosii_bsp.a(alt_sys_init.o)
                0x00110650                alt_sys_init
                0x001106c0                alt_irq_init
 .text          0x001106e0       0x3c ../bsp//libucosii_bsp.a(altera_avalon_jtag_uart_fd.o)
                0x001106e0                altera_avalon_jtag_uart_ioctl_fd
                0x001106ec                altera_avalon_jtag_uart_close_fd
                0x001106fc                altera_avalon_jtag_uart_write_fd
                0x0011070c                altera_avalon_jtag_uart_read_fd
 .text          0x0011071c      0x2f4 ../bsp//libucosii_bsp.a(altera_avalon_jtag_uart_init.o)
                0x0011071c                altera_avalon_jtag_uart_close
                0x001107dc                altera_avalon_jtag_uart_init
 .text          0x00110a10       0x7c ../bsp//libucosii_bsp.a(altera_avalon_jtag_uart_ioctl.o)
                0x00110a10                altera_avalon_jtag_uart_ioctl
 .text          0x00110a8c      0x1ac ../bsp//libucosii_bsp.a(altera_avalon_jtag_uart_read.o)
                0x00110a8c                altera_avalon_jtag_uart_read
 .text          0x00110c38      0x1b8 ../bsp//libucosii_bsp.a(altera_avalon_jtag_uart_write.o)
                0x00110c38                altera_avalon_jtag_uart_write
 .text          0x00110df0       0x8c ../bsp//libucosii_bsp.a(altera_avalon_timer_sc.o)
                0x00110df0                alt_avalon_timer_sc_init
 .text          0x00110e7c      0x250 ../bsp//libucosii_bsp.a(altera_up_avalon_character_lcd.o)
                0x00110e7c                get_DDRAM_addr
                0x00110e94                alt_up_character_lcd_string
                0x00110eb0                alt_up_character_lcd_write
                0x00110ed4                alt_up_character_lcd_write_fd
                0x00110ef4                alt_up_character_lcd_init
                0x00110f04                alt_up_character_lcd_send_cmd
                0x00110f14                alt_up_character_lcd_cursor_blink_on
                0x00110f1c                alt_up_character_lcd_cursor_off
                0x00110f24                alt_up_character_lcd_erase_pos
                0x00110f88                alt_up_character_lcd_shift_display
                0x00110ff8                alt_up_character_lcd_shift_cursor
                0x00111068                alt_up_character_lcd_set_cursor_pos
                0x001110c0                alt_up_character_lcd_open_dev
 .text          0x001110cc        0x4 ../bsp//libucosii_bsp.a(alt_dcache_flush_all.o)
                0x001110cc                alt_dcache_flush_all
 .text          0x001110d0       0x70 ../bsp//libucosii_bsp.a(alt_dev_llist_insert.o)
                0x001110d0                alt_dev_llist_insert
 .text          0x00111140       0x40 ../bsp//libucosii_bsp.a(alt_do_ctors.o)
                0x00111140                _do_ctors
 .text          0x00111180       0x40 ../bsp//libucosii_bsp.a(alt_do_dtors.o)
                0x00111180                _do_dtors
 .text          0x001111c0       0x70 ../bsp//libucosii_bsp.a(alt_find_dev.o)
                0x001111c0                alt_find_dev
 .text          0x00111230        0x4 ../bsp//libucosii_bsp.a(alt_icache_flush_all.o)
                0x00111230                alt_icache_flush_all
 .text          0x00111234       0x9c ../bsp//libucosii_bsp.a(alt_iic.o)
                0x00111234                alt_ic_irq_enabled
                0x0011124c                alt_ic_irq_enable
                0x0011128c                alt_ic_irq_disable
                0x001112cc                alt_ic_isr_register
 .text          0x001112d0       0x6c ../bsp//libucosii_bsp.a(alt_iic_isr_register.o)
                0x001112d0                alt_iic_isr_register
 .text          0x0011133c      0x114 ../bsp//libucosii_bsp.a(alt_io_redirect.o)
                0x001113c4                alt_io_redirect
 .text          0x00111450        0x0 ../bsp//libucosii_bsp.a(alt_irq_entry.o)
 .text          0x00111450        0x0 ../bsp//libucosii_bsp.a(alt_irq_handler.o)
 .text          0x00111450        0x0 ../bsp//libucosii_bsp.a(alt_irq_vars.o)
 .text          0x00111450      0x17c ../bsp//libucosii_bsp.a(alt_open.o)
                0x00111450                open
 .text          0x001115cc        0x8 ../bsp//libucosii_bsp.a(altera_nios2_qsys_irq.o)
                0x001115cc                altera_nios2_qsys_irq_init
 .text          0x001115d4       0xd0 ../bsp//libucosii_bsp.a(os_cpu_a.o)
                0x001115d4                OSCtxSw
                0x001115d4                OSIntCtxSw
                0x00111660                OSStartHighRdy
                0x00111680                OSStartTsk
 .text          0x001116a4      0x228 ../bsp//libucosii_bsp.a(os_cpu_c.o)
                0x001116a4                OSTaskCreateHook
                0x001116a8                OSTaskDelHook
                0x001116ac                OSTaskSwHook
                0x001116b0                OSTaskStatHook
                0x001116b4                OSInitHookBegin
                0x001116bc                OSInitHookEnd
                0x001116c0                OSTaskIdleHook
                0x001116c4                OSTCBInitHook
                0x001116c8                OSTimeTickHook
                0x00111720                OSTaskStkInit
 .text          0x001118cc        0x0 ../bsp//libucosii_bsp.a(alt_exception_entry.o)
 .text          0x001118cc       0x9c ../bsp//libucosii_bsp.a(alt_find_file.o)
                0x001118cc                alt_find_file
 .text          0x00111968       0xa4 ../bsp//libucosii_bsp.a(alt_get_fd.o)
                0x00111968                alt_get_fd
 .text          0x00111a0c       0x14 /opt/altera/13.0sp1/nios2eds/bin/gnu/H-i686-pc-linux-gnu/bin/../lib/gcc/nios2-elf/4.1.2/../../../../nios2-elf/lib/mno-hw-mul/libc.a(lib_a-atexit.o)
                0x00111a0c                atexit
 .text          0x00111a20       0x38 /opt/altera/13.0sp1/nios2eds/bin/gnu/H-i686-pc-linux-gnu/bin/../lib/gcc/nios2-elf/4.1.2/../../../../nios2-elf/lib/mno-hw-mul/libc.a(lib_a-exit.o)
                0x00111a20                exit
 .text          0x00111a58       0x74 /opt/altera/13.0sp1/nios2eds/bin/gnu/H-i686-pc-linux-gnu/bin/../lib/gcc/nios2-elf/4.1.2/../../../../nios2-elf/lib/mno-hw-mul/libc.a(lib_a-memcmp.o)
                0x00111a58                memcmp
 .text          0x00111acc      0x134 /opt/altera/13.0sp1/nios2eds/bin/gnu/H-i686-pc-linux-gnu/bin/../lib/gcc/nios2-elf/4.1.2/../../../../nios2-elf/lib/mno-hw-mul/libc.a(lib_a-__atexit.o)
                0x00111acc                __register_exitproc
 .text          0x00111c00      0x1b4 /opt/altera/13.0sp1/nios2eds/bin/gnu/H-i686-pc-linux-gnu/bin/../lib/gcc/nios2-elf/4.1.2/../../../../nios2-elf/lib/mno-hw-mul/libc.a(lib_a-__call_atexit.o)
                0x00111c04                __call_exitprocs
 .text          0x00111db4       0xa4 /opt/altera/13.0sp1/nios2eds/bin/gnu/H-i686-pc-linux-gnu/bin/../lib/gcc/nios2-elf/4.1.2/mno-hw-mul/libgcc.a(_fixunsdfsi.o)
                0x00111db4                __fixunsdfsi
 .text          0x00111e58       0x20 ../bsp//libucosii_bsp.a(alt_exit.o)
                0x00111e58                _exit
 *(.gnu.warning.*)
 *(.fini)
                0x00111e78                PROVIDE (__etext, ABSOLUTE (.))
                0x00111e78                PROVIDE (_etext, ABSOLUTE (.))
                0x00111e78                PROVIDE (etext, ABSOLUTE (.))
 *(.eh_frame_hdr)
                0x00111e78                . = ALIGN (0x4)
                0x00111e78                PROVIDE (__preinit_array_start, ABSOLUTE (.))
 *(.preinit_array)
                0x00111e78                PROVIDE (__preinit_array_end, ABSOLUTE (.))
                0x00111e78                PROVIDE (__init_array_start, ABSOLUTE (.))
 *(.init_array)
                0x00111e78                PROVIDE (__init_array_end, ABSOLUTE (.))
                0x00111e78                PROVIDE (__fini_array_start, ABSOLUTE (.))
 *(.fini_array)
                0x00111e78                PROVIDE (__fini_array_end, ABSOLUTE (.))
 *(.eh_frame)
 *(.gcc_except_table)
 *(.dynamic)
                0x00111e78                PROVIDE (__CTOR_LIST__, ABSOLUTE (.))
 *(.ctors)
 *(SORT(.ctors.*))
 .ctors.65535   0x00111e78        0x4 /opt/altera/13.0sp1/nios2eds/bin/gnu/H-i686-pc-linux-gnu/bin/../lib/gcc/nios2-elf/4.1.2/../../../../nios2-elf/lib/mno-hw-mul/libc.a(lib_a-__call_atexit.o)
                0x00111e7c                PROVIDE (__CTOR_END__, ABSOLUTE (.))
                0x00111e7c                PROVIDE (__DTOR_LIST__, ABSOLUTE (.))
 *(.dtors)
 *(SORT(.dtors.*))
                0x00111e7c                PROVIDE (__DTOR_END__, ABSOLUTE (.))
 *(.jcr)
                0x00111e7c                . = ALIGN (0x4)

.rodata         0x00111e7c      0x57c
                0x00111e7c                PROVIDE (__ram_rodata_start, ABSOLUTE (.))
                0x00111e7c                . = ALIGN (0x4)
 *(.rodata .rodata.* .gnu.linkonce.r.*)
 .rodata        0x00111e7c       0xe4 obj/default/cruise_skeleton.o
 .rodata        0x00111f60       0x14 /opt/altera/13.0sp1/nios2eds/bin/gnu/H-i686-pc-linux-gnu/bin/../lib/gcc/nios2-elf/4.1.2/mno-hw-mul/libgcc.a(_thenan_df.o)
                0x00111f60                __thenan_df
 .rodata        0x00111f74      0x100 /opt/altera/13.0sp1/nios2eds/bin/gnu/H-i686-pc-linux-gnu/bin/../lib/gcc/nios2-elf/4.1.2/mno-hw-mul/libgcc.a(_clz.o)
                0x00111f74                __clz_tab
 .rodata.str1.4
                0x00112074        0x2 /opt/altera/13.0sp1/nios2eds/bin/gnu/H-i686-pc-linux-gnu/bin/../lib/gcc/nios2-elf/4.1.2/../../../../nios2-elf/lib/mno-hw-mul/libc.a(lib_a-puts.o)
                                  0x4 (size before relaxing)
 *fill*         0x00112076        0x2 00
 .rodata.str1.4
                0x00112078       0x5e /opt/altera/13.0sp1/nios2eds/bin/gnu/H-i686-pc-linux-gnu/bin/../lib/gcc/nios2-elf/4.1.2/../../../../nios2-elf/lib/mno-hw-mul/libc.a(lib_a-vfprintf.o)
                                 0x60 (size before relaxing)
 .rodata        0x001120d6       0x20 /opt/altera/13.0sp1/nios2eds/bin/gnu/H-i686-pc-linux-gnu/bin/../lib/gcc/nios2-elf/4.1.2/../../../../nios2-elf/lib/mno-hw-mul/libc.a(lib_a-vfprintf.o)
 *fill*         0x001120f6        0x2 00
 .rodata.str1.4
                0x001120f8       0x10 /opt/altera/13.0sp1/nios2eds/bin/gnu/H-i686-pc-linux-gnu/bin/../lib/gcc/nios2-elf/4.1.2/../../../../nios2-elf/lib/mno-hw-mul/libc.a(lib_a-dtoa.o)
                                 0x14 (size before relaxing)
 .rodata.str1.4
                0x00112108        0x2 /opt/altera/13.0sp1/nios2eds/bin/gnu/H-i686-pc-linux-gnu/bin/../lib/gcc/nios2-elf/4.1.2/../../../../nios2-elf/lib/mno-hw-mul/libc.a(lib_a-impure.o)
                                  0x4 (size before relaxing)
 *fill*         0x0011210a        0x2 00
 .rodata.str1.4
                0x0011210c        0xf /opt/altera/13.0sp1/nios2eds/bin/gnu/H-i686-pc-linux-gnu/bin/../lib/gcc/nios2-elf/4.1.2/../../../../nios2-elf/lib/mno-hw-mul/libc.a(lib_a-locale.o)
                                 0x18 (size before relaxing)
 *fill*         0x0011211b        0x1 00
 .rodata        0x0011211c       0x30 /opt/altera/13.0sp1/nios2eds/bin/gnu/H-i686-pc-linux-gnu/bin/../lib/gcc/nios2-elf/4.1.2/../../../../nios2-elf/lib/mno-hw-mul/libc.a(lib_a-locale.o)
 .rodata        0x0011214c      0x124 /opt/altera/13.0sp1/nios2eds/bin/gnu/H-i686-pc-linux-gnu/bin/../lib/gcc/nios2-elf/4.1.2/../../../../nios2-elf/lib/mno-hw-mul/libc.a(lib_a-mprec.o)
                0x0011214c                __mprec_tens
                0x00112214                __mprec_bigtens
                0x0011223c                __mprec_tinytens
 .rodata.str1.4
                0x00112270        0xa ../bsp//libucosii_bsp.a(alt_dev.o)
                                  0xc (size before relaxing)
 *fill*         0x0011227a        0x2 00
 .rodata.str1.4
                0x0011227c       0x11 ../bsp//libucosii_bsp.a(alt_main.o)
                                 0x14 (size before relaxing)
 *fill*         0x0011228d        0x3 00
 .rodata.str1.4
                0x00112290       0x1e ../bsp//libucosii_bsp.a(os_core.o)
                                 0x20 (size before relaxing)
 .rodata        0x001122ae      0x100 ../bsp//libucosii_bsp.a(os_core.o)
                0x001122ae                OSUnMapTbl
 *fill*         0x001123ae        0x2 00
 .rodata.str1.4
                0x001123b0       0x35 ../bsp//libucosii_bsp.a(os_tmr.o)
                                 0x38 (size before relaxing)
 *fill*         0x001123e5        0x3 00
 .rodata.str1.4
                0x001123e8       0x10 ../bsp//libucosii_bsp.a(alt_sys_init.o)
                                 0x24 (size before relaxing)
 .rodata.str1.4
                0x00000000        0x4 ../bsp//libucosii_bsp.a(os_cpu_c.o)
 *(.rodata1)
                0x001123f8                . = ALIGN (0x4)
                0x001123f8                PROVIDE (__ram_rodata_end, ABSOLUTE (.))
                0x00111e7c                PROVIDE (__flash_rodata_start, LOADADDR (.rodata))

.rwdata         0x001123f8     0x1b50 load address 0x00113f48
                0x001123f8                PROVIDE (__ram_rwdata_start, ABSOLUTE (.))
                0x001123f8                . = ALIGN (0x4)
 *(.got.plt)
 *(.got)
 *(.data1)
 *(.data .data.* .gnu.linkonce.d.*)
 .data          0x001123f8        0x0 ../bsp//obj/HAL/src/crt0.o
 .data          0x001123f8       0x2c obj/default/cruise_skeleton.o
 .data          0x00112424        0x0 /opt/altera/13.0sp1/nios2eds/bin/gnu/H-i686-pc-linux-gnu/bin/../lib/gcc/nios2-elf/4.1.2/mno-hw-mul/libgcc.a(_si_to_sf.o)
 .data          0x00112424        0x0 /opt/altera/13.0sp1/nios2eds/bin/gnu/H-i686-pc-linux-gnu/bin/../lib/gcc/nios2-elf/4.1.2/mno-hw-mul/libgcc.a(_sf_to_df.o)
 .data          0x00112424        0x0 /opt/altera/13.0sp1/nios2eds/bin/gnu/H-i686-pc-linux-gnu/bin/../lib/gcc/nios2-elf/4.1.2/mno-hw-mul/libgcc.a(_addsub_df.o)
 .data          0x00112424        0x0 /opt/altera/13.0sp1/nios2eds/bin/gnu/H-i686-pc-linux-gnu/bin/../lib/gcc/nios2-elf/4.1.2/mno-hw-mul/libgcc.a(_div_df.o)
 .data          0x00112424        0x0 /opt/altera/13.0sp1/nios2eds/bin/gnu/H-i686-pc-linux-gnu/bin/../lib/gcc/nios2-elf/4.1.2/mno-hw-mul/libgcc.a(_si_to_df.o)
 .data          0x00112424        0x0 /opt/altera/13.0sp1/nios2eds/bin/gnu/H-i686-pc-linux-gnu/bin/../lib/gcc/nios2-elf/4.1.2/mno-hw-mul/libgcc.a(_df_to_si.o)
 .data          0x00112424        0x0 /opt/altera/13.0sp1/nios2eds/bin/gnu/H-i686-pc-linux-gnu/bin/../lib/gcc/nios2-elf/4.1.2/mno-hw-mul/libgcc.a(_make_df.o)
 .data          0x00112424        0x0 /opt/altera/13.0sp1/nios2eds/bin/gnu/H-i686-pc-linux-gnu/bin/../lib/gcc/nios2-elf/4.1.2/mno-hw-mul/libgcc.a(_thenan_df.o)
 .data          0x00112424        0x0 /opt/altera/13.0sp1/nios2eds/bin/gnu/H-i686-pc-linux-gnu/bin/../lib/gcc/nios2-elf/4.1.2/mno-hw-mul/libgcc.a(lib2-divmod.o)
 .data          0x00112424        0x0 /opt/altera/13.0sp1/nios2eds/bin/gnu/H-i686-pc-linux-gnu/bin/../lib/gcc/nios2-elf/4.1.2/mno-hw-mul/libgcc.a(lib2-mul.o)
 .data          0x00112424        0x0 /opt/altera/13.0sp1/nios2eds/bin/gnu/H-i686-pc-linux-gnu/bin/../lib/gcc/nios2-elf/4.1.2/mno-hw-mul/libgcc.a(_clzsi2.o)
 .data          0x00112424        0x0 /opt/altera/13.0sp1/nios2eds/bin/gnu/H-i686-pc-linux-gnu/bin/../lib/gcc/nios2-elf/4.1.2/mno-hw-mul/libgcc.a(_pack_sf.o)
 .data          0x00112424        0x0 /opt/altera/13.0sp1/nios2eds/bin/gnu/H-i686-pc-linux-gnu/bin/../lib/gcc/nios2-elf/4.1.2/mno-hw-mul/libgcc.a(_unpack_sf.o)
 .data          0x00112424        0x0 /opt/altera/13.0sp1/nios2eds/bin/gnu/H-i686-pc-linux-gnu/bin/../lib/gcc/nios2-elf/4.1.2/mno-hw-mul/libgcc.a(_pack_df.o)
 .data          0x00112424        0x0 /opt/altera/13.0sp1/nios2eds/bin/gnu/H-i686-pc-linux-gnu/bin/../lib/gcc/nios2-elf/4.1.2/mno-hw-mul/libgcc.a(_unpack_df.o)
 .data          0x00112424        0x0 /opt/altera/13.0sp1/nios2eds/bin/gnu/H-i686-pc-linux-gnu/bin/../lib/gcc/nios2-elf/4.1.2/mno-hw-mul/libgcc.a(_clz.o)
 .data          0x00112424        0x0 /opt/altera/13.0sp1/nios2eds/bin/gnu/H-i686-pc-linux-gnu/bin/../lib/gcc/nios2-elf/4.1.2/../../../../nios2-elf/lib/mno-hw-mul/libc.a(lib_a-printf.o)
 .data          0x00112424        0x0 /opt/altera/13.0sp1/nios2eds/bin/gnu/H-i686-pc-linux-gnu/bin/../lib/gcc/nios2-elf/4.1.2/../../../../nios2-elf/lib/mno-hw-mul/libc.a(lib_a-puts.o)
 .data          0x00112424        0x0 /opt/altera/13.0sp1/nios2eds/bin/gnu/H-i686-pc-linux-gnu/bin/../lib/gcc/nios2-elf/4.1.2/../../../../nios2-elf/lib/mno-hw-mul/libc.a(lib_a-strlen.o)
 .data          0x00112424        0x0 /opt/altera/13.0sp1/nios2eds/bin/gnu/H-i686-pc-linux-gnu/bin/../lib/gcc/nios2-elf/4.1.2/../../../../nios2-elf/lib/mno-hw-mul/libc.a(lib_a-vfprintf.o)
 .data          0x00112424        0x0 /opt/altera/13.0sp1/nios2eds/bin/gnu/H-i686-pc-linux-gnu/bin/../lib/gcc/nios2-elf/4.1.2/../../../../nios2-elf/lib/mno-hw-mul/libc.a(lib_a-wsetup.o)
 .data          0x00112424        0x0 /opt/altera/13.0sp1/nios2eds/bin/gnu/H-i686-pc-linux-gnu/bin/../lib/gcc/nios2-elf/4.1.2/../../../../nios2-elf/lib/mno-hw-mul/libc.a(lib_a-dtoa.o)
 .data          0x00112424        0x0 /opt/altera/13.0sp1/nios2eds/bin/gnu/H-i686-pc-linux-gnu/bin/../lib/gcc/nios2-elf/4.1.2/../../../../nios2-elf/lib/mno-hw-mul/libc.a(lib_a-fflush.o)
 .data          0x00112424        0x0 /opt/altera/13.0sp1/nios2eds/bin/gnu/H-i686-pc-linux-gnu/bin/../lib/gcc/nios2-elf/4.1.2/../../../../nios2-elf/lib/mno-hw-mul/libc.a(lib_a-findfp.o)
 .data          0x00112424        0x0 /opt/altera/13.0sp1/nios2eds/bin/gnu/H-i686-pc-linux-gnu/bin/../lib/gcc/nios2-elf/4.1.2/../../../../nios2-elf/lib/mno-hw-mul/libc.a(lib_a-freer.o)
 .data          0x00112424        0x0 /opt/altera/13.0sp1/nios2eds/bin/gnu/H-i686-pc-linux-gnu/bin/../lib/gcc/nios2-elf/4.1.2/../../../../nios2-elf/lib/mno-hw-mul/libc.a(lib_a-fvwrite.o)
 .data          0x00112424        0x0 /opt/altera/13.0sp1/nios2eds/bin/gnu/H-i686-pc-linux-gnu/bin/../lib/gcc/nios2-elf/4.1.2/../../../../nios2-elf/lib/mno-hw-mul/libc.a(lib_a-fwalk.o)
 .data          0x00112424      0x400 /opt/altera/13.0sp1/nios2eds/bin/gnu/H-i686-pc-linux-gnu/bin/../lib/gcc/nios2-elf/4.1.2/../../../../nios2-elf/lib/mno-hw-mul/libc.a(lib_a-impure.o)
 .data          0x00112824        0xc /opt/altera/13.0sp1/nios2eds/bin/gnu/H-i686-pc-linux-gnu/bin/../lib/gcc/nios2-elf/4.1.2/../../../../nios2-elf/lib/mno-hw-mul/libc.a(lib_a-locale.o)
                0x00112824                __lc_ctype
 .data          0x00112830        0x0 /opt/altera/13.0sp1/nios2eds/bin/gnu/H-i686-pc-linux-gnu/bin/../lib/gcc/nios2-elf/4.1.2/../../../../nios2-elf/lib/mno-hw-mul/libc.a(lib_a-makebuf.o)
 .data          0x00112830      0x408 /opt/altera/13.0sp1/nios2eds/bin/gnu/H-i686-pc-linux-gnu/bin/../lib/gcc/nios2-elf/4.1.2/../../../../nios2-elf/lib/mno-hw-mul/libc.a(lib_a-mallocr.o)
                0x00112830                __malloc_av_
 .data          0x00112c38        0x0 /opt/altera/13.0sp1/nios2eds/bin/gnu/H-i686-pc-linux-gnu/bin/../lib/gcc/nios2-elf/4.1.2/../../../../nios2-elf/lib/mno-hw-mul/libc.a(lib_a-memchr.o)
 .data          0x00112c38        0x0 /opt/altera/13.0sp1/nios2eds/bin/gnu/H-i686-pc-linux-gnu/bin/../lib/gcc/nios2-elf/4.1.2/../../../../nios2-elf/lib/mno-hw-mul/libc.a(lib_a-memcpy.o)
 .data          0x00112c38        0x0 /opt/altera/13.0sp1/nios2eds/bin/gnu/H-i686-pc-linux-gnu/bin/../lib/gcc/nios2-elf/4.1.2/../../../../nios2-elf/lib/mno-hw-mul/libc.a(lib_a-memmove.o)
 .data          0x00112c38        0x0 /opt/altera/13.0sp1/nios2eds/bin/gnu/H-i686-pc-linux-gnu/bin/../lib/gcc/nios2-elf/4.1.2/../../../../nios2-elf/lib/mno-hw-mul/libc.a(lib_a-memset.o)
 .data          0x00112c38        0x0 /opt/altera/13.0sp1/nios2eds/bin/gnu/H-i686-pc-linux-gnu/bin/../lib/gcc/nios2-elf/4.1.2/../../../../nios2-elf/lib/mno-hw-mul/libc.a(lib_a-mprec.o)
 .data          0x00112c38        0x0 /opt/altera/13.0sp1/nios2eds/bin/gnu/H-i686-pc-linux-gnu/bin/../lib/gcc/nios2-elf/4.1.2/../../../../nios2-elf/lib/mno-hw-mul/libc.a(lib_a-reallocr.o)
 .data          0x00112c38        0x0 /opt/altera/13.0sp1/nios2eds/bin/gnu/H-i686-pc-linux-gnu/bin/../lib/gcc/nios2-elf/4.1.2/../../../../nios2-elf/lib/mno-hw-mul/libc.a(lib_a-s_isinfd.o)
 .data          0x00112c38        0x0 /opt/altera/13.0sp1/nios2eds/bin/gnu/H-i686-pc-linux-gnu/bin/../lib/gcc/nios2-elf/4.1.2/../../../../nios2-elf/lib/mno-hw-mul/libc.a(lib_a-s_isnand.o)
 .data          0x00112c38        0x0 /opt/altera/13.0sp1/nios2eds/bin/gnu/H-i686-pc-linux-gnu/bin/../lib/gcc/nios2-elf/4.1.2/../../../../nios2-elf/lib/mno-hw-mul/libc.a(lib_a-sbrkr.o)
 .data          0x00112c38        0x0 /opt/altera/13.0sp1/nios2eds/bin/gnu/H-i686-pc-linux-gnu/bin/../lib/gcc/nios2-elf/4.1.2/../../../../nios2-elf/lib/mno-hw-mul/libc.a(lib_a-stdio.o)
 .data          0x00112c38        0x0 /opt/altera/13.0sp1/nios2eds/bin/gnu/H-i686-pc-linux-gnu/bin/../lib/gcc/nios2-elf/4.1.2/../../../../nios2-elf/lib/mno-hw-mul/libc.a(lib_a-strcmp.o)
 .data          0x00112c38        0x0 /opt/altera/13.0sp1/nios2eds/bin/gnu/H-i686-pc-linux-gnu/bin/../lib/gcc/nios2-elf/4.1.2/../../../../nios2-elf/lib/mno-hw-mul/libc.a(lib_a-writer.o)
 .data          0x00112c38        0x0 /opt/altera/13.0sp1/nios2eds/bin/gnu/H-i686-pc-linux-gnu/bin/../lib/gcc/nios2-elf/4.1.2/../../../../nios2-elf/lib/mno-hw-mul/libc.a(lib_a-callocr.o)
 .data          0x00112c38        0x0 /opt/altera/13.0sp1/nios2eds/bin/gnu/H-i686-pc-linux-gnu/bin/../lib/gcc/nios2-elf/4.1.2/../../../../nios2-elf/lib/mno-hw-mul/libc.a(lib_a-closer.o)
 .data          0x00112c38        0x0 /opt/altera/13.0sp1/nios2eds/bin/gnu/H-i686-pc-linux-gnu/bin/../lib/gcc/nios2-elf/4.1.2/../../../../nios2-elf/lib/mno-hw-mul/libc.a(lib_a-fclose.o)
 .data          0x00112c38        0x0 /opt/altera/13.0sp1/nios2eds/bin/gnu/H-i686-pc-linux-gnu/bin/../lib/gcc/nios2-elf/4.1.2/../../../../nios2-elf/lib/mno-hw-mul/libc.a(lib_a-fstatr.o)
 .data          0x00112c38        0x0 /opt/altera/13.0sp1/nios2eds/bin/gnu/H-i686-pc-linux-gnu/bin/../lib/gcc/nios2-elf/4.1.2/../../../../nios2-elf/lib/mno-hw-mul/libc.a(lib_a-int_errno.o)
 .data          0x00112c38        0x0 /opt/altera/13.0sp1/nios2eds/bin/gnu/H-i686-pc-linux-gnu/bin/../lib/gcc/nios2-elf/4.1.2/../../../../nios2-elf/lib/mno-hw-mul/libc.a(lib_a-isattyr.o)
 .data          0x00112c38        0x0 /opt/altera/13.0sp1/nios2eds/bin/gnu/H-i686-pc-linux-gnu/bin/../lib/gcc/nios2-elf/4.1.2/../../../../nios2-elf/lib/mno-hw-mul/libc.a(lib_a-lseekr.o)
 .data          0x00112c38        0x0 /opt/altera/13.0sp1/nios2eds/bin/gnu/H-i686-pc-linux-gnu/bin/../lib/gcc/nios2-elf/4.1.2/../../../../nios2-elf/lib/mno-hw-mul/libc.a(lib_a-readr.o)
 .data          0x00112c38        0x0 /opt/altera/13.0sp1/nios2eds/bin/gnu/H-i686-pc-linux-gnu/bin/../lib/gcc/nios2-elf/4.1.2/mno-hw-mul/libgcc.a(_udivdi3.o)
 .data          0x00112c38        0x0 /opt/altera/13.0sp1/nios2eds/bin/gnu/H-i686-pc-linux-gnu/bin/../lib/gcc/nios2-elf/4.1.2/mno-hw-mul/libgcc.a(_umoddi3.o)
 .data          0x00112c38        0x0 /opt/altera/13.0sp1/nios2eds/bin/gnu/H-i686-pc-linux-gnu/bin/../lib/gcc/nios2-elf/4.1.2/mno-hw-mul/libgcc.a(_mul_df.o)
 .data          0x00112c38        0x0 /opt/altera/13.0sp1/nios2eds/bin/gnu/H-i686-pc-linux-gnu/bin/../lib/gcc/nios2-elf/4.1.2/mno-hw-mul/libgcc.a(_eq_df.o)
 .data          0x00112c38        0x0 /opt/altera/13.0sp1/nios2eds/bin/gnu/H-i686-pc-linux-gnu/bin/../lib/gcc/nios2-elf/4.1.2/mno-hw-mul/libgcc.a(_ne_df.o)
 .data          0x00112c38        0x0 /opt/altera/13.0sp1/nios2eds/bin/gnu/H-i686-pc-linux-gnu/bin/../lib/gcc/nios2-elf/4.1.2/mno-hw-mul/libgcc.a(_gt_df.o)
 .data          0x00112c38        0x0 /opt/altera/13.0sp1/nios2eds/bin/gnu/H-i686-pc-linux-gnu/bin/../lib/gcc/nios2-elf/4.1.2/mno-hw-mul/libgcc.a(_ge_df.o)
 .data          0x00112c38        0x0 /opt/altera/13.0sp1/nios2eds/bin/gnu/H-i686-pc-linux-gnu/bin/../lib/gcc/nios2-elf/4.1.2/mno-hw-mul/libgcc.a(_lt_df.o)
 .data          0x00112c38        0x0 /opt/altera/13.0sp1/nios2eds/bin/gnu/H-i686-pc-linux-gnu/bin/../lib/gcc/nios2-elf/4.1.2/mno-hw-mul/libgcc.a(_usi_to_df.o)
 .data          0x00112c38        0x0 /opt/altera/13.0sp1/nios2eds/bin/gnu/H-i686-pc-linux-gnu/bin/../lib/gcc/nios2-elf/4.1.2/mno-hw-mul/libgcc.a(_muldi3.o)
 .data          0x00112c38        0x0 /opt/altera/13.0sp1/nios2eds/bin/gnu/H-i686-pc-linux-gnu/bin/../lib/gcc/nios2-elf/4.1.2/mno-hw-mul/libgcc.a(_fpcmp_parts_df.o)
 .data          0x00112c38        0x0 ../bsp//libucosii_bsp.a(alt_alarm_start.o)
 .data          0x00112c38        0x0 ../bsp//libucosii_bsp.a(alt_close.o)
 .data          0x00112c38      0x1a8 ../bsp//libucosii_bsp.a(alt_dev.o)
                0x00112c38                alt_dev_null
                0x00112c60                alt_fd_list
 .data          0x00112de0        0x0 ../bsp//libucosii_bsp.a(alt_errno.o)
 .data          0x00112de0        0x0 ../bsp//libucosii_bsp.a(alt_fstat.o)
 .data          0x00112de0        0x0 ../bsp//libucosii_bsp.a(alt_isatty.o)
 .data          0x00112de0        0x0 ../bsp//libucosii_bsp.a(alt_load.o)
 .data          0x00112de0        0x0 ../bsp//libucosii_bsp.a(alt_lseek.o)
 .data          0x00112de0        0x0 ../bsp//libucosii_bsp.a(alt_main.o)
 .data          0x00112de0        0x0 ../bsp//libucosii_bsp.a(alt_read.o)
 .data          0x00112de0        0x0 ../bsp//libucosii_bsp.a(alt_release_fd.o)
 .data          0x00112de0        0x0 ../bsp//libucosii_bsp.a(alt_sbrk.o)
 .data          0x00112de0        0x0 ../bsp//libucosii_bsp.a(alt_tick.o)
 .data          0x00112de0        0x0 ../bsp//libucosii_bsp.a(alt_write.o)
 .data          0x00112de0        0x0 ../bsp//libucosii_bsp.a(alt_env_lock.o)
 .data          0x00112de0        0x0 ../bsp//libucosii_bsp.a(alt_malloc_lock.o)
 .data          0x00112de0        0x0 ../bsp//libucosii_bsp.a(os_core.o)
 .data          0x00112de0        0x0 ../bsp//libucosii_bsp.a(os_dbg.o)
 .data          0x00112de0        0x0 ../bsp//libucosii_bsp.a(os_flag.o)
 .data          0x00112de0        0x0 ../bsp//libucosii_bsp.a(os_mbox.o)
 .data          0x00112de0        0x0 ../bsp//libucosii_bsp.a(os_mem.o)
 .data          0x00112de0        0x0 ../bsp//libucosii_bsp.a(os_q.o)
 .data          0x00112de0        0x0 ../bsp//libucosii_bsp.a(os_sem.o)
 .data          0x00112de0        0x0 ../bsp//libucosii_bsp.a(os_task.o)
 .data          0x00112de0        0x0 ../bsp//libucosii_bsp.a(os_time.o)
 .data          0x00112de0        0x0 ../bsp//libucosii_bsp.a(os_tmr.o)
 .data          0x00112de0     0x1098 ../bsp//libucosii_bsp.a(alt_sys_init.o)
 .data          0x00113e78        0x0 ../bsp//libucosii_bsp.a(altera_avalon_jtag_uart_fd.o)
 .data          0x00113e78        0x0 ../bsp//libucosii_bsp.a(altera_avalon_jtag_uart_init.o)
 .data          0x00113e78        0x0 ../bsp//libucosii_bsp.a(altera_avalon_jtag_uart_ioctl.o)
 .data          0x00113e78        0x0 ../bsp//libucosii_bsp.a(altera_avalon_jtag_uart_read.o)
 .data          0x00113e78        0x0 ../bsp//libucosii_bsp.a(altera_avalon_jtag_uart_write.o)
 .data          0x00113e78        0x0 ../bsp//libucosii_bsp.a(altera_avalon_timer_sc.o)
 .data          0x00113e78        0x0 ../bsp//libucosii_bsp.a(altera_up_avalon_character_lcd.o)
 .data          0x00113e78        0x0 ../bsp//libucosii_bsp.a(alt_dcache_flush_all.o)
 .data          0x00113e78        0x0 ../bsp//libucosii_bsp.a(alt_dev_llist_insert.o)
 .data          0x00113e78        0x0 ../bsp//libucosii_bsp.a(alt_do_ctors.o)
 .data          0x00113e78        0x0 ../bsp//libucosii_bsp.a(alt_do_dtors.o)
 .data          0x00113e78        0x0 ../bsp//libucosii_bsp.a(alt_find_dev.o)
 .data          0x00113e78        0x0 ../bsp//libucosii_bsp.a(alt_icache_flush_all.o)
 .data          0x00113e78        0x0 ../bsp//libucosii_bsp.a(alt_iic.o)
 .data          0x00113e78        0x0 ../bsp//libucosii_bsp.a(alt_iic_isr_register.o)
 .data          0x00113e78        0x0 ../bsp//libucosii_bsp.a(alt_io_redirect.o)
 .data          0x00113e78        0x0 ../bsp//libucosii_bsp.a(alt_irq_entry.o)
 .data          0x00113e78        0x0 ../bsp//libucosii_bsp.a(alt_irq_handler.o)
 .data          0x00113e78        0x0 ../bsp//libucosii_bsp.a(alt_irq_vars.o)
 .data          0x00113e78        0x0 ../bsp//libucosii_bsp.a(alt_open.o)
 .data          0x00113e78        0x0 ../bsp//libucosii_bsp.a(altera_nios2_qsys_irq.o)
 .data          0x00113e78        0x0 ../bsp//libucosii_bsp.a(os_cpu_a.o)
 .data          0x00113e78        0x0 ../bsp//libucosii_bsp.a(os_cpu_c.o)
 .data          0x00113e78        0x0 ../bsp//libucosii_bsp.a(alt_exception_entry.o)
 .data          0x00113e78        0x0 ../bsp//libucosii_bsp.a(alt_find_file.o)
 .data          0x00113e78        0x0 ../bsp//libucosii_bsp.a(alt_get_fd.o)
 .data          0x00113e78        0x0 /opt/altera/13.0sp1/nios2eds/bin/gnu/H-i686-pc-linux-gnu/bin/../lib/gcc/nios2-elf/4.1.2/../../../../nios2-elf/lib/mno-hw-mul/libc.a(lib_a-atexit.o)
 .data          0x00113e78        0x0 /opt/altera/13.0sp1/nios2eds/bin/gnu/H-i686-pc-linux-gnu/bin/../lib/gcc/nios2-elf/4.1.2/../../../../nios2-elf/lib/mno-hw-mul/libc.a(lib_a-exit.o)
 .data          0x00113e78        0x0 /opt/altera/13.0sp1/nios2eds/bin/gnu/H-i686-pc-linux-gnu/bin/../lib/gcc/nios2-elf/4.1.2/../../../../nios2-elf/lib/mno-hw-mul/libc.a(lib_a-memcmp.o)
 .data          0x00113e78        0x0 /opt/altera/13.0sp1/nios2eds/bin/gnu/H-i686-pc-linux-gnu/bin/../lib/gcc/nios2-elf/4.1.2/../../../../nios2-elf/lib/mno-hw-mul/libc.a(lib_a-__atexit.o)
 .data          0x00113e78        0x0 /opt/altera/13.0sp1/nios2eds/bin/gnu/H-i686-pc-linux-gnu/bin/../lib/gcc/nios2-elf/4.1.2/../../../../nios2-elf/lib/mno-hw-mul/libc.a(lib_a-__call_atexit.o)
 .data          0x00113e78        0x0 /opt/altera/13.0sp1/nios2eds/bin/gnu/H-i686-pc-linux-gnu/bin/../lib/gcc/nios2-elf/4.1.2/mno-hw-mul/libgcc.a(_fixunsdfsi.o)
 .data          0x00113e78        0x0 ../bsp//libucosii_bsp.a(alt_exit.o)
                0x0011be78                _gp = ABSOLUTE ((. + 0x8000))
                0x0011be78                PROVIDE (gp, _gp)
 *(.rwdata .rwdata.*)
 *(.sdata .sdata.* .gnu.linkonce.s.*)
 .sdata         0x00113e78       0x14 obj/default/cruise_skeleton.o
                0x00113e78                gas_pedal
                0x00113e7c                brake_pedal
                0x00113e80                top_gear
                0x00113e84                engine
                0x00113e88                cruise_control
 .sdata         0x00113e8c        0x8 /opt/altera/13.0sp1/nios2eds/bin/gnu/H-i686-pc-linux-gnu/bin/../lib/gcc/nios2-elf/4.1.2/../../../../nios2-elf/lib/mno-hw-mul/libc.a(lib_a-impure.o)
                0x00113e8c                _impure_ptr
                0x00113e90                _global_impure_ptr
 .sdata         0x00113e94        0x8 /opt/altera/13.0sp1/nios2eds/bin/gnu/H-i686-pc-linux-gnu/bin/../lib/gcc/nios2-elf/4.1.2/../../../../nios2-elf/lib/mno-hw-mul/libc.a(lib_a-locale.o)
                0x00113e94                __mb_cur_max
 .sdata         0x00113e9c        0x8 /opt/altera/13.0sp1/nios2eds/bin/gnu/H-i686-pc-linux-gnu/bin/../lib/gcc/nios2-elf/4.1.2/../../../../nios2-elf/lib/mno-hw-mul/libc.a(lib_a-mallocr.o)
                0x00113e9c                __malloc_trim_threshold
                0x00113ea0                __malloc_sbrk_base
 .sdata         0x00113ea4       0x14 ../bsp//libucosii_bsp.a(alt_dev.o)
                0x00113ea4                alt_fs_list
                0x00113eac                alt_dev_list
                0x00113eb4                alt_max_fd
 .sdata         0x00113eb8        0x4 ../bsp//libucosii_bsp.a(alt_errno.o)
                0x00113eb8                alt_errno
 .sdata         0x00113ebc        0x4 ../bsp//libucosii_bsp.a(alt_sbrk.o)
 .sdata         0x00113ec0        0x8 ../bsp//libucosii_bsp.a(alt_tick.o)
                0x00113ec0                alt_alarm_list
 .sdata         0x00113ec8        0x4 ../bsp//libucosii_bsp.a(alt_env_lock.o)
 .sdata         0x00113ecc        0x4 ../bsp//libucosii_bsp.a(alt_malloc_lock.o)
 .sdata         0x00113ed0       0x74 ../bsp//libucosii_bsp.a(os_dbg.o)
                0x00113ed0                OSDebugEn
                0x00113ed4                OSEndiannessTest
                0x00113ed8                OSEventEn
                0x00113eda                OSEventMax
                0x00113edc                OSEventNameSize
                0x00113ede                OSEventSize
                0x00113ee0                OSEventTblSize
                0x00113ee2                OSEventMultiEn
                0x00113ee4                OSFlagEn
                0x00113ee6                OSFlagGrpSize
                0x00113ee8                OSFlagNodeSize
                0x00113eea                OSFlagWidth
                0x00113eec                OSFlagMax
                0x00113eee                OSFlagNameSize
                0x00113ef0                OSLowestPrio
                0x00113ef2                OSMboxEn
                0x00113ef4                OSMemEn
                0x00113ef6                OSMemMax
                0x00113ef8                OSMemNameSize
                0x00113efa                OSMemSize
                0x00113efc                OSMemTblSize
                0x00113efe                OSMutexEn
                0x00113f00                OSPtrSize
                0x00113f02                OSQEn
                0x00113f04                OSQMax
                0x00113f06                OSQSize
                0x00113f08                OSRdyTblSize
                0x00113f0a                OSSemEn
                0x00113f0c                OSStkWidth
                0x00113f0e                OSTaskCreateEn
                0x00113f10                OSTaskCreateExtEn
                0x00113f12                OSTaskDelEn
                0x00113f14                OSTaskIdleStkSize
                0x00113f16                OSTaskProfileEn
                0x00113f18                OSTaskMax
                0x00113f1a                OSTaskNameSize
                0x00113f1c                OSTaskStatEn
                0x00113f1e                OSTaskStatStkSize
                0x00113f20                OSTaskStatStkChkEn
                0x00113f22                OSTaskSwHookEn
                0x00113f24                OSTCBPrioTblMax
                0x00113f26                OSTCBSize
                0x00113f28                OSTicksPerSec
                0x00113f2a                OSTimeTickHookEn
                0x00113f2c                OSVersionNbr
                0x00113f2e                OSTmrEn
                0x00113f30                OSTmrCfgMax
                0x00113f32                OSTmrCfgNameSize
                0x00113f34                OSTmrCfgWheelSize
                0x00113f36                OSTmrCfgTicksPerSec
                0x00113f38                OSTmrSize
                0x00113f3a                OSTmrTblSize
                0x00113f3c                OSTmrWheelSize
                0x00113f3e                OSTmrWheelTblSize
                0x00113f40                OSDataSize
 .sdata         0x00113f44        0x4 ../bsp//libucosii_bsp.a(alt_irq_vars.o)
                0x00113f44                alt_priority_mask
 *(.sdata2 .sdata2.* .gnu.linkonce.s2.*)
                0x00113f48                . = ALIGN (0x4)
                0x00113f48                _edata = ABSOLUTE (.)
                0x00113f48                PROVIDE (edata, ABSOLUTE (.))
                0x00113f48                PROVIDE (__ram_rwdata_end, ABSOLUTE (.))
                0x00113f48                PROVIDE (__flash_rwdata_start, LOADADDR (.rwdata))

.bss            0x00115a98     0xa110
                0x00115a98                __bss_start = ABSOLUTE (.)
                0x00115a98                PROVIDE (__sbss_start, ABSOLUTE (.))
                0x00115a98                PROVIDE (___sbss_start, ABSOLUTE (.))
 *(.dynsbss)
 *(.sbss .sbss.* .gnu.linkonce.sb.*)
 .sbss          0x00115a98        0x8 obj/default/cruise_skeleton.o
                0x00115a98                led_green
                0x00115a9c                led_red
 .sbss          0x00115aa0       0x10 obj/default/cruise_skeleton.o
                0x00115aa0                Mbox_Throttle
                0x00115aa4                Mbox_Velocity
                0x00115aa8                delay
                0x00115aac                Mbox_Brake
 .sbss          0x00115ab0        0xc /opt/altera/13.0sp1/nios2eds/bin/gnu/H-i686-pc-linux-gnu/bin/../lib/gcc/nios2-elf/4.1.2/../../../../nios2-elf/lib/mno-hw-mul/libc.a(lib_a-locale.o)
                0x00115ab0                __nlocale_changed
                0x00115ab4                __mlocale_changed
                0x00115ab8                _PathLocale
 .sbss          0x00115abc        0xc /opt/altera/13.0sp1/nios2eds/bin/gnu/H-i686-pc-linux-gnu/bin/../lib/gcc/nios2-elf/4.1.2/../../../../nios2-elf/lib/mno-hw-mul/libc.a(lib_a-mallocr.o)
                0x00115abc                __malloc_top_pad
                0x00115ac0                __malloc_max_sbrked_mem
                0x00115ac4                __malloc_max_total_mem
 .sbss          0x00115ac8        0x4 /opt/altera/13.0sp1/nios2eds/bin/gnu/H-i686-pc-linux-gnu/bin/../lib/gcc/nios2-elf/4.1.2/../../../../nios2-elf/lib/mno-hw-mul/libc.a(lib_a-int_errno.o)
                0x00115ac8                errno
 .sbss          0x00115acc        0x4 ../bsp//libucosii_bsp.a(alt_dev.o)
                0x00115acc                alt_fd_list_lock
 .sbss          0x00115ad0        0xc ../bsp//libucosii_bsp.a(alt_main.o)
                0x00115ad0                alt_argc
                0x00115ad4                alt_argv
                0x00115ad8                alt_envp
 .sbss          0x00115adc        0x8 ../bsp//libucosii_bsp.a(alt_tick.o)
                0x00115adc                _alt_tick_rate
                0x00115ae0                _alt_nticks
 .sbss          0x00115ae4        0x8 ../bsp//libucosii_bsp.a(alt_env_lock.o)
                0x00115ae8                alt_envsem
 .sbss          0x00115aec        0x8 ../bsp//libucosii_bsp.a(alt_malloc_lock.o)
                0x00115af0                alt_heapsem
 .sbss          0x00115af4       0x68 ../bsp//libucosii_bsp.a(os_core.o)
                0x00115af4                OSTmrFreeList
                0x00115af8                OSLockNesting
                0x00115afc                OSTmrSemSignal
                0x00115b00                OSRunning
                0x00115b04                OSIdleCtr
                0x00115b08                OSTmrUsed
                0x00115b0a                OSPrioHighRdy
                0x00115b0b                OSPrioCur
                0x00115b0c                OSTCBList
                0x00115b10                OSTickStepState
                0x00115b14                OSCtxSwCtr
                0x00115b18                OSTmrFree
                0x00115b1c                OSIdleCtrMax
                0x00115b20                OSTCBFreeList
                0x00115b24                OSCPUUsage
                0x00115b25                OSTaskCtr
                0x00115b28                OSMemFreeList
                0x00115b2c                OSTCBHighRdy
                0x00115b30                OSQFreeList
                0x00115b34                OSRdyGrp
                0x00115b35                OSRdyTbl
                0x00115b38                OSEventFreeList
                0x00115b3c                OSIntNesting
                0x00115b40                OSTCBCur
                0x00115b44                OSTmrTime
                0x00115b48                OSTime
                0x00115b4c                OSTmrSem
                0x00115b50                OSFlagFreeList
                0x00115b54                OSStatRdy
                0x00115b58                OSIdleCtrRun
 .sbss          0x00115b5c        0x4 ../bsp//libucosii_bsp.a(alt_irq_vars.o)
                0x00115b5c                alt_irq_active
 .sbss          0x00115b60        0x2 ../bsp//libucosii_bsp.a(os_cpu_c.o)
 *(.sbss2 .sbss2.* .gnu.linkonce.sb2.*)
 *(.scommon)
                0x00115b62                PROVIDE (__sbss_end, ABSOLUTE (.))
                0x00115b62                PROVIDE (___sbss_end, ABSOLUTE (.))
 *(.dynbss)
 *(.bss .bss.* .gnu.linkonce.b.*)
 .bss           0x00115b62        0x0 ../bsp//obj/HAL/src/crt0.o
 *fill*         0x00115b62        0x2 00
 .bss           0x00115b64       0x18 obj/default/cruise_skeleton.o
 .bss           0x00115b7c        0x0 /opt/altera/13.0sp1/nios2eds/bin/gnu/H-i686-pc-linux-gnu/bin/../lib/gcc/nios2-elf/4.1.2/mno-hw-mul/libgcc.a(_si_to_sf.o)
 .bss           0x00115b7c        0x0 /opt/altera/13.0sp1/nios2eds/bin/gnu/H-i686-pc-linux-gnu/bin/../lib/gcc/nios2-elf/4.1.2/mno-hw-mul/libgcc.a(_sf_to_df.o)
 .bss           0x00115b7c        0x0 /opt/altera/13.0sp1/nios2eds/bin/gnu/H-i686-pc-linux-gnu/bin/../lib/gcc/nios2-elf/4.1.2/mno-hw-mul/libgcc.a(_addsub_df.o)
 .bss           0x00115b7c        0x0 /opt/altera/13.0sp1/nios2eds/bin/gnu/H-i686-pc-linux-gnu/bin/../lib/gcc/nios2-elf/4.1.2/mno-hw-mul/libgcc.a(_div_df.o)
 .bss           0x00115b7c        0x0 /opt/altera/13.0sp1/nios2eds/bin/gnu/H-i686-pc-linux-gnu/bin/../lib/gcc/nios2-elf/4.1.2/mno-hw-mul/libgcc.a(_si_to_df.o)
 .bss           0x00115b7c        0x0 /opt/altera/13.0sp1/nios2eds/bin/gnu/H-i686-pc-linux-gnu/bin/../lib/gcc/nios2-elf/4.1.2/mno-hw-mul/libgcc.a(_df_to_si.o)
 .bss           0x00115b7c        0x0 /opt/altera/13.0sp1/nios2eds/bin/gnu/H-i686-pc-linux-gnu/bin/../lib/gcc/nios2-elf/4.1.2/mno-hw-mul/libgcc.a(_make_df.o)
 .bss           0x00115b7c        0x0 /opt/altera/13.0sp1/nios2eds/bin/gnu/H-i686-pc-linux-gnu/bin/../lib/gcc/nios2-elf/4.1.2/mno-hw-mul/libgcc.a(_thenan_df.o)
 .bss           0x00115b7c        0x0 /opt/altera/13.0sp1/nios2eds/bin/gnu/H-i686-pc-linux-gnu/bin/../lib/gcc/nios2-elf/4.1.2/mno-hw-mul/libgcc.a(lib2-divmod.o)
 .bss           0x00115b7c        0x0 /opt/altera/13.0sp1/nios2eds/bin/gnu/H-i686-pc-linux-gnu/bin/../lib/gcc/nios2-elf/4.1.2/mno-hw-mul/libgcc.a(lib2-mul.o)
 .bss           0x00115b7c        0x0 /opt/altera/13.0sp1/nios2eds/bin/gnu/H-i686-pc-linux-gnu/bin/../lib/gcc/nios2-elf/4.1.2/mno-hw-mul/libgcc.a(_clzsi2.o)
 .bss           0x00115b7c        0x0 /opt/altera/13.0sp1/nios2eds/bin/gnu/H-i686-pc-linux-gnu/bin/../lib/gcc/nios2-elf/4.1.2/mno-hw-mul/libgcc.a(_pack_sf.o)
 .bss           0x00115b7c        0x0 /opt/altera/13.0sp1/nios2eds/bin/gnu/H-i686-pc-linux-gnu/bin/../lib/gcc/nios2-elf/4.1.2/mno-hw-mul/libgcc.a(_unpack_sf.o)
 .bss           0x00115b7c        0x0 /opt/altera/13.0sp1/nios2eds/bin/gnu/H-i686-pc-linux-gnu/bin/../lib/gcc/nios2-elf/4.1.2/mno-hw-mul/libgcc.a(_pack_df.o)
 .bss           0x00115b7c        0x0 /opt/altera/13.0sp1/nios2eds/bin/gnu/H-i686-pc-linux-gnu/bin/../lib/gcc/nios2-elf/4.1.2/mno-hw-mul/libgcc.a(_unpack_df.o)
 .bss           0x00115b7c        0x0 /opt/altera/13.0sp1/nios2eds/bin/gnu/H-i686-pc-linux-gnu/bin/../lib/gcc/nios2-elf/4.1.2/mno-hw-mul/libgcc.a(_clz.o)
 .bss           0x00115b7c        0x0 /opt/altera/13.0sp1/nios2eds/bin/gnu/H-i686-pc-linux-gnu/bin/../lib/gcc/nios2-elf/4.1.2/../../../../nios2-elf/lib/mno-hw-mul/libc.a(lib_a-printf.o)
 .bss           0x00115b7c        0x0 /opt/altera/13.0sp1/nios2eds/bin/gnu/H-i686-pc-linux-gnu/bin/../lib/gcc/nios2-elf/4.1.2/../../../../nios2-elf/lib/mno-hw-mul/libc.a(lib_a-puts.o)
 .bss           0x00115b7c        0x0 /opt/altera/13.0sp1/nios2eds/bin/gnu/H-i686-pc-linux-gnu/bin/../lib/gcc/nios2-elf/4.1.2/../../../../nios2-elf/lib/mno-hw-mul/libc.a(lib_a-strlen.o)
 .bss           0x00115b7c        0x0 /opt/altera/13.0sp1/nios2eds/bin/gnu/H-i686-pc-linux-gnu/bin/../lib/gcc/nios2-elf/4.1.2/../../../../nios2-elf/lib/mno-hw-mul/libc.a(lib_a-vfprintf.o)
 .bss           0x00115b7c        0x0 /opt/altera/13.0sp1/nios2eds/bin/gnu/H-i686-pc-linux-gnu/bin/../lib/gcc/nios2-elf/4.1.2/../../../../nios2-elf/lib/mno-hw-mul/libc.a(lib_a-wsetup.o)
 .bss           0x00115b7c        0x0 /opt/altera/13.0sp1/nios2eds/bin/gnu/H-i686-pc-linux-gnu/bin/../lib/gcc/nios2-elf/4.1.2/../../../../nios2-elf/lib/mno-hw-mul/libc.a(lib_a-dtoa.o)
 .bss           0x00115b7c        0x0 /opt/altera/13.0sp1/nios2eds/bin/gnu/H-i686-pc-linux-gnu/bin/../lib/gcc/nios2-elf/4.1.2/../../../../nios2-elf/lib/mno-hw-mul/libc.a(lib_a-fflush.o)
 .bss           0x00115b7c        0x0 /opt/altera/13.0sp1/nios2eds/bin/gnu/H-i686-pc-linux-gnu/bin/../lib/gcc/nios2-elf/4.1.2/../../../../nios2-elf/lib/mno-hw-mul/libc.a(lib_a-findfp.o)
 .bss           0x00115b7c        0x0 /opt/altera/13.0sp1/nios2eds/bin/gnu/H-i686-pc-linux-gnu/bin/../lib/gcc/nios2-elf/4.1.2/../../../../nios2-elf/lib/mno-hw-mul/libc.a(lib_a-freer.o)
 .bss           0x00115b7c        0x0 /opt/altera/13.0sp1/nios2eds/bin/gnu/H-i686-pc-linux-gnu/bin/../lib/gcc/nios2-elf/4.1.2/../../../../nios2-elf/lib/mno-hw-mul/libc.a(lib_a-fvwrite.o)
 .bss           0x00115b7c        0x0 /opt/altera/13.0sp1/nios2eds/bin/gnu/H-i686-pc-linux-gnu/bin/../lib/gcc/nios2-elf/4.1.2/../../../../nios2-elf/lib/mno-hw-mul/libc.a(lib_a-fwalk.o)
 .bss           0x00115b7c        0x0 /opt/altera/13.0sp1/nios2eds/bin/gnu/H-i686-pc-linux-gnu/bin/../lib/gcc/nios2-elf/4.1.2/../../../../nios2-elf/lib/mno-hw-mul/libc.a(lib_a-impure.o)
 .bss           0x00115b7c        0x0 /opt/altera/13.0sp1/nios2eds/bin/gnu/H-i686-pc-linux-gnu/bin/../lib/gcc/nios2-elf/4.1.2/../../../../nios2-elf/lib/mno-hw-mul/libc.a(lib_a-locale.o)
 .bss           0x00115b7c        0x0 /opt/altera/13.0sp1/nios2eds/bin/gnu/H-i686-pc-linux-gnu/bin/../lib/gcc/nios2-elf/4.1.2/../../../../nios2-elf/lib/mno-hw-mul/libc.a(lib_a-makebuf.o)
 .bss           0x00115b7c       0x28 /opt/altera/13.0sp1/nios2eds/bin/gnu/H-i686-pc-linux-gnu/bin/../lib/gcc/nios2-elf/4.1.2/../../../../nios2-elf/lib/mno-hw-mul/libc.a(lib_a-mallocr.o)
                0x00115b7c                __malloc_current_mallinfo
 .bss           0x00115ba4        0x0 /opt/altera/13.0sp1/nios2eds/bin/gnu/H-i686-pc-linux-gnu/bin/../lib/gcc/nios2-elf/4.1.2/../../../../nios2-elf/lib/mno-hw-mul/libc.a(lib_a-memchr.o)
 .bss           0x00115ba4        0x0 /opt/altera/13.0sp1/nios2eds/bin/gnu/H-i686-pc-linux-gnu/bin/../lib/gcc/nios2-elf/4.1.2/../../../../nios2-elf/lib/mno-hw-mul/libc.a(lib_a-memcpy.o)
 .bss           0x00115ba4        0x0 /opt/altera/13.0sp1/nios2eds/bin/gnu/H-i686-pc-linux-gnu/bin/../lib/gcc/nios2-elf/4.1.2/../../../../nios2-elf/lib/mno-hw-mul/libc.a(lib_a-memmove.o)
 .bss           0x00115ba4        0x0 /opt/altera/13.0sp1/nios2eds/bin/gnu/H-i686-pc-linux-gnu/bin/../lib/gcc/nios2-elf/4.1.2/../../../../nios2-elf/lib/mno-hw-mul/libc.a(lib_a-memset.o)
 .bss           0x00115ba4        0x0 /opt/altera/13.0sp1/nios2eds/bin/gnu/H-i686-pc-linux-gnu/bin/../lib/gcc/nios2-elf/4.1.2/../../../../nios2-elf/lib/mno-hw-mul/libc.a(lib_a-mprec.o)
 .bss           0x00115ba4        0x0 /opt/altera/13.0sp1/nios2eds/bin/gnu/H-i686-pc-linux-gnu/bin/../lib/gcc/nios2-elf/4.1.2/../../../../nios2-elf/lib/mno-hw-mul/libc.a(lib_a-reallocr.o)
 .bss           0x00115ba4        0x0 /opt/altera/13.0sp1/nios2eds/bin/gnu/H-i686-pc-linux-gnu/bin/../lib/gcc/nios2-elf/4.1.2/../../../../nios2-elf/lib/mno-hw-mul/libc.a(lib_a-s_isinfd.o)
 .bss           0x00115ba4        0x0 /opt/altera/13.0sp1/nios2eds/bin/gnu/H-i686-pc-linux-gnu/bin/../lib/gcc/nios2-elf/4.1.2/../../../../nios2-elf/lib/mno-hw-mul/libc.a(lib_a-s_isnand.o)
 .bss           0x00115ba4        0x0 /opt/altera/13.0sp1/nios2eds/bin/gnu/H-i686-pc-linux-gnu/bin/../lib/gcc/nios2-elf/4.1.2/../../../../nios2-elf/lib/mno-hw-mul/libc.a(lib_a-sbrkr.o)
 .bss           0x00115ba4        0x0 /opt/altera/13.0sp1/nios2eds/bin/gnu/H-i686-pc-linux-gnu/bin/../lib/gcc/nios2-elf/4.1.2/../../../../nios2-elf/lib/mno-hw-mul/libc.a(lib_a-stdio.o)
 .bss           0x00115ba4        0x0 /opt/altera/13.0sp1/nios2eds/bin/gnu/H-i686-pc-linux-gnu/bin/../lib/gcc/nios2-elf/4.1.2/../../../../nios2-elf/lib/mno-hw-mul/libc.a(lib_a-strcmp.o)
 .bss           0x00115ba4        0x0 /opt/altera/13.0sp1/nios2eds/bin/gnu/H-i686-pc-linux-gnu/bin/../lib/gcc/nios2-elf/4.1.2/../../../../nios2-elf/lib/mno-hw-mul/libc.a(lib_a-writer.o)
 .bss           0x00115ba4        0x0 /opt/altera/13.0sp1/nios2eds/bin/gnu/H-i686-pc-linux-gnu/bin/../lib/gcc/nios2-elf/4.1.2/../../../../nios2-elf/lib/mno-hw-mul/libc.a(lib_a-callocr.o)
 .bss           0x00115ba4        0x0 /opt/altera/13.0sp1/nios2eds/bin/gnu/H-i686-pc-linux-gnu/bin/../lib/gcc/nios2-elf/4.1.2/../../../../nios2-elf/lib/mno-hw-mul/libc.a(lib_a-closer.o)
 .bss           0x00115ba4        0x0 /opt/altera/13.0sp1/nios2eds/bin/gnu/H-i686-pc-linux-gnu/bin/../lib/gcc/nios2-elf/4.1.2/../../../../nios2-elf/lib/mno-hw-mul/libc.a(lib_a-fclose.o)
 .bss           0x00115ba4        0x0 /opt/altera/13.0sp1/nios2eds/bin/gnu/H-i686-pc-linux-gnu/bin/../lib/gcc/nios2-elf/4.1.2/../../../../nios2-elf/lib/mno-hw-mul/libc.a(lib_a-fstatr.o)
 .bss           0x00115ba4        0x0 /opt/altera/13.0sp1/nios2eds/bin/gnu/H-i686-pc-linux-gnu/bin/../lib/gcc/nios2-elf/4.1.2/../../../../nios2-elf/lib/mno-hw-mul/libc.a(lib_a-int_errno.o)
 .bss           0x00115ba4        0x0 /opt/altera/13.0sp1/nios2eds/bin/gnu/H-i686-pc-linux-gnu/bin/../lib/gcc/nios2-elf/4.1.2/../../../../nios2-elf/lib/mno-hw-mul/libc.a(lib_a-isattyr.o)
 .bss           0x00115ba4        0x0 /opt/altera/13.0sp1/nios2eds/bin/gnu/H-i686-pc-linux-gnu/bin/../lib/gcc/nios2-elf/4.1.2/../../../../nios2-elf/lib/mno-hw-mul/libc.a(lib_a-lseekr.o)
 .bss           0x00115ba4        0x0 /opt/altera/13.0sp1/nios2eds/bin/gnu/H-i686-pc-linux-gnu/bin/../lib/gcc/nios2-elf/4.1.2/../../../../nios2-elf/lib/mno-hw-mul/libc.a(lib_a-readr.o)
 .bss           0x00115ba4        0x0 /opt/altera/13.0sp1/nios2eds/bin/gnu/H-i686-pc-linux-gnu/bin/../lib/gcc/nios2-elf/4.1.2/mno-hw-mul/libgcc.a(_udivdi3.o)
 .bss           0x00115ba4        0x0 /opt/altera/13.0sp1/nios2eds/bin/gnu/H-i686-pc-linux-gnu/bin/../lib/gcc/nios2-elf/4.1.2/mno-hw-mul/libgcc.a(_umoddi3.o)
 .bss           0x00115ba4        0x0 /opt/altera/13.0sp1/nios2eds/bin/gnu/H-i686-pc-linux-gnu/bin/../lib/gcc/nios2-elf/4.1.2/mno-hw-mul/libgcc.a(_mul_df.o)
 .bss           0x00115ba4        0x0 /opt/altera/13.0sp1/nios2eds/bin/gnu/H-i686-pc-linux-gnu/bin/../lib/gcc/nios2-elf/4.1.2/mno-hw-mul/libgcc.a(_eq_df.o)
 .bss           0x00115ba4        0x0 /opt/altera/13.0sp1/nios2eds/bin/gnu/H-i686-pc-linux-gnu/bin/../lib/gcc/nios2-elf/4.1.2/mno-hw-mul/libgcc.a(_ne_df.o)
 .bss           0x00115ba4        0x0 /opt/altera/13.0sp1/nios2eds/bin/gnu/H-i686-pc-linux-gnu/bin/../lib/gcc/nios2-elf/4.1.2/mno-hw-mul/libgcc.a(_gt_df.o)
 .bss           0x00115ba4        0x0 /opt/altera/13.0sp1/nios2eds/bin/gnu/H-i686-pc-linux-gnu/bin/../lib/gcc/nios2-elf/4.1.2/mno-hw-mul/libgcc.a(_ge_df.o)
 .bss           0x00115ba4        0x0 /opt/altera/13.0sp1/nios2eds/bin/gnu/H-i686-pc-linux-gnu/bin/../lib/gcc/nios2-elf/4.1.2/mno-hw-mul/libgcc.a(_lt_df.o)
 .bss           0x00115ba4        0x0 /opt/altera/13.0sp1/nios2eds/bin/gnu/H-i686-pc-linux-gnu/bin/../lib/gcc/nios2-elf/4.1.2/mno-hw-mul/libgcc.a(_usi_to_df.o)
 .bss           0x00115ba4        0x0 /opt/altera/13.0sp1/nios2eds/bin/gnu/H-i686-pc-linux-gnu/bin/../lib/gcc/nios2-elf/4.1.2/mno-hw-mul/libgcc.a(_muldi3.o)
 .bss           0x00115ba4        0x0 /opt/altera/13.0sp1/nios2eds/bin/gnu/H-i686-pc-linux-gnu/bin/../lib/gcc/nios2-elf/4.1.2/mno-hw-mul/libgcc.a(_fpcmp_parts_df.o)
 .bss           0x00115ba4        0x0 ../bsp//libucosii_bsp.a(alt_alarm_start.o)
 .bss           0x00115ba4        0x0 ../bsp//libucosii_bsp.a(alt_close.o)
 .bss           0x00115ba4        0x0 ../bsp//libucosii_bsp.a(alt_dev.o)
 .bss           0x00115ba4        0x0 ../bsp//libucosii_bsp.a(alt_errno.o)
 .bss           0x00115ba4        0x0 ../bsp//libucosii_bsp.a(alt_fstat.o)
 .bss           0x00115ba4        0x0 ../bsp//libucosii_bsp.a(alt_isatty.o)
 .bss           0x00115ba4        0x0 ../bsp//libucosii_bsp.a(alt_load.o)
 .bss           0x00115ba4        0x0 ../bsp//libucosii_bsp.a(alt_lseek.o)
 .bss           0x00115ba4        0x0 ../bsp//libucosii_bsp.a(alt_main.o)
 .bss           0x00115ba4        0x0 ../bsp//libucosii_bsp.a(alt_read.o)
 .bss           0x00115ba4        0x0 ../bsp//libucosii_bsp.a(alt_release_fd.o)
 .bss           0x00115ba4        0x0 ../bsp//libucosii_bsp.a(alt_sbrk.o)
 .bss           0x00115ba4        0x0 ../bsp//libucosii_bsp.a(alt_tick.o)
 .bss           0x00115ba4        0x0 ../bsp//libucosii_bsp.a(alt_write.o)
 .bss           0x00115ba4        0x0 ../bsp//libucosii_bsp.a(alt_env_lock.o)
 .bss           0x00115ba4        0x0 ../bsp//libucosii_bsp.a(alt_malloc_lock.o)
 .bss           0x00115ba4        0x0 ../bsp//libucosii_bsp.a(os_core.o)
 .bss           0x00115ba4        0x0 ../bsp//libucosii_bsp.a(os_dbg.o)
 .bss           0x00115ba4        0x0 ../bsp//libucosii_bsp.a(os_flag.o)
 .bss           0x00115ba4        0x0 ../bsp//libucosii_bsp.a(os_mbox.o)
 .bss           0x00115ba4        0x0 ../bsp//libucosii_bsp.a(os_mem.o)
 .bss           0x00115ba4        0x0 ../bsp//libucosii_bsp.a(os_q.o)
 .bss           0x00115ba4        0x0 ../bsp//libucosii_bsp.a(os_sem.o)
 .bss           0x00115ba4        0x0 ../bsp//libucosii_bsp.a(os_task.o)
 .bss           0x00115ba4        0x0 ../bsp//libucosii_bsp.a(os_time.o)
 .bss           0x00115ba4        0x0 ../bsp//libucosii_bsp.a(os_tmr.o)
 .bss           0x00115ba4        0x0 ../bsp//libucosii_bsp.a(alt_sys_init.o)
 .bss           0x00115ba4        0x0 ../bsp//libucosii_bsp.a(altera_avalon_jtag_uart_fd.o)
 .bss           0x00115ba4        0x0 ../bsp//libucosii_bsp.a(altera_avalon_jtag_uart_init.o)
 .bss           0x00115ba4        0x0 ../bsp//libucosii_bsp.a(altera_avalon_jtag_uart_ioctl.o)
 .bss           0x00115ba4        0x0 ../bsp//libucosii_bsp.a(altera_avalon_jtag_uart_read.o)
 .bss           0x00115ba4        0x0 ../bsp//libucosii_bsp.a(altera_avalon_jtag_uart_write.o)
 .bss           0x00115ba4        0x0 ../bsp//libucosii_bsp.a(altera_avalon_timer_sc.o)
 .bss           0x00115ba4        0x0 ../bsp//libucosii_bsp.a(altera_up_avalon_character_lcd.o)
 .bss           0x00115ba4        0x0 ../bsp//libucosii_bsp.a(alt_dcache_flush_all.o)
 .bss           0x00115ba4        0x0 ../bsp//libucosii_bsp.a(alt_dev_llist_insert.o)
 .bss           0x00115ba4        0x0 ../bsp//libucosii_bsp.a(alt_do_ctors.o)
 .bss           0x00115ba4        0x0 ../bsp//libucosii_bsp.a(alt_do_dtors.o)
 .bss           0x00115ba4        0x0 ../bsp//libucosii_bsp.a(alt_find_dev.o)
 .bss           0x00115ba4        0x0 ../bsp//libucosii_bsp.a(alt_icache_flush_all.o)
 .bss           0x00115ba4        0x0 ../bsp//libucosii_bsp.a(alt_iic.o)
 .bss           0x00115ba4        0x0 ../bsp//libucosii_bsp.a(alt_iic_isr_register.o)
 .bss           0x00115ba4        0x0 ../bsp//libucosii_bsp.a(alt_io_redirect.o)
 .bss           0x00115ba4        0x0 ../bsp//libucosii_bsp.a(alt_irq_entry.o)
 .bss           0x00115ba4        0x0 ../bsp//libucosii_bsp.a(alt_irq_handler.o)
 .bss           0x00115ba4        0x0 ../bsp//libucosii_bsp.a(alt_irq_vars.o)
 .bss           0x00115ba4        0x0 ../bsp//libucosii_bsp.a(alt_open.o)
 .bss           0x00115ba4        0x0 ../bsp//libucosii_bsp.a(altera_nios2_qsys_irq.o)
 .bss           0x00115ba4        0x0 ../bsp//libucosii_bsp.a(os_cpu_a.o)
 .bss           0x00115ba4        0x0 ../bsp//libucosii_bsp.a(os_cpu_c.o)
 .bss           0x00115ba4        0x0 ../bsp//libucosii_bsp.a(alt_exception_entry.o)
 .bss           0x00115ba4        0x0 ../bsp//libucosii_bsp.a(alt_find_file.o)
 .bss           0x00115ba4        0x0 ../bsp//libucosii_bsp.a(alt_get_fd.o)
 .bss           0x00115ba4        0x0 /opt/altera/13.0sp1/nios2eds/bin/gnu/H-i686-pc-linux-gnu/bin/../lib/gcc/nios2-elf/4.1.2/../../../../nios2-elf/lib/mno-hw-mul/libc.a(lib_a-atexit.o)
 .bss           0x00115ba4        0x0 /opt/altera/13.0sp1/nios2eds/bin/gnu/H-i686-pc-linux-gnu/bin/../lib/gcc/nios2-elf/4.1.2/../../../../nios2-elf/lib/mno-hw-mul/libc.a(lib_a-exit.o)
 .bss           0x00115ba4        0x0 /opt/altera/13.0sp1/nios2eds/bin/gnu/H-i686-pc-linux-gnu/bin/../lib/gcc/nios2-elf/4.1.2/../../../../nios2-elf/lib/mno-hw-mul/libc.a(lib_a-memcmp.o)
 .bss           0x00115ba4        0x0 /opt/altera/13.0sp1/nios2eds/bin/gnu/H-i686-pc-linux-gnu/bin/../lib/gcc/nios2-elf/4.1.2/../../../../nios2-elf/lib/mno-hw-mul/libc.a(lib_a-__atexit.o)
 .bss           0x00115ba4        0x0 /opt/altera/13.0sp1/nios2eds/bin/gnu/H-i686-pc-linux-gnu/bin/../lib/gcc/nios2-elf/4.1.2/../../../../nios2-elf/lib/mno-hw-mul/libc.a(lib_a-__call_atexit.o)
 .bss           0x00115ba4        0x0 /opt/altera/13.0sp1/nios2eds/bin/gnu/H-i686-pc-linux-gnu/bin/../lib/gcc/nios2-elf/4.1.2/mno-hw-mul/libgcc.a(_fixunsdfsi.o)
 .bss           0x00115ba4        0x0 ../bsp//libucosii_bsp.a(alt_exit.o)
 *(COMMON)
 COMMON         0x00115ba4     0x6000 obj/default/cruise_skeleton.o
                0x00115ba4                ControlTask_Stack
                0x00117ba4                VehicleTask_Stack
                0x00119ba4                StartTask_Stack
 COMMON         0x0011bba4     0x3d74 ../bsp//libucosii_bsp.a(os_core.o)
                0x0011bba4                OSTmrWheelTbl
                0x0011bbb4                OSFlagTbl
                0x0011bf24                OSTmrTbl
                0x0011c264                OSMemTbl
                0x0011ce94                OSTaskStatStk
                0x0011d694                OSQTbl
                0x0011d874                OSTmrTaskStk
                0x0011e074                OSTaskIdleStk
                0x0011e874                OSEventTbl
                0x0011f3b4                OSTCBTbl
                0x0011f8c4                OSTCBPrioTbl
 COMMON         0x0011f918      0x100 ../bsp//libucosii_bsp.a(alt_irq_handler.o)
                0x0011f918                alt_irq
 COMMON         0x0011fa18      0x190 /opt/altera/13.0sp1/nios2eds/bin/gnu/H-i686-pc-linux-gnu/bin/../lib/gcc/nios2-elf/4.1.2/../../../../nios2-elf/lib/mno-hw-mul/libc.a(lib_a-atexit.o)
                0x0011fa18                _atexit0
                0x0011fba8                . = ALIGN (0x4)
                0x0011fba8                __bss_end = ABSOLUTE (.)

.onchip_memory  0x00000000        0x0 load address 0x0011fba8
                0x00000000                PROVIDE (_alt_partition_onchip_memory_start, ABSOLUTE (.))
 *(.onchip_memory. onchip_memory.*)
                0x00000000                . = ALIGN (0x4)
                0x00000000                PROVIDE (_alt_partition_onchip_memory_end, ABSOLUTE (.))
                0x0011fba8                PROVIDE (_alt_partition_onchip_memory_load_addr, LOADADDR (.onchip_memory))

.sram           0x0011fba8        0x0
                0x0011fba8                PROVIDE (_alt_partition_sram_start, ABSOLUTE (.))
 *(.sram. sram.*)
                0x0011fba8                . = ALIGN (0x4)
                0x0011fba8                PROVIDE (_alt_partition_sram_end, ABSOLUTE (.))
                0x0011fba8                _end = ABSOLUTE (.)
                0x0011fba8                end = ABSOLUTE (.)
                0x0011fba8                __alt_stack_base = ABSOLUTE (.)
                0x0011fba8                PROVIDE (_alt_partition_sram_load_addr, LOADADDR (.sram))

.sdram          0x01000144        0x0 load address 0x0011fba8
                0x01000144                PROVIDE (_alt_partition_sdram_start, ABSOLUTE (.))
 *(.sdram. sdram.*)
                0x01000144                . = ALIGN (0x4)
                0x01000144                PROVIDE (_alt_partition_sdram_end, ABSOLUTE (.))
                0x0011fba8                PROVIDE (_alt_partition_sdram_load_addr, LOADADDR (.sdram))

.stab
 *(.stab)

.stabstr
 *(.stabstr)

.stab.excl
 *(.stab.excl)

.stab.exclstr
 *(.stab.exclstr)

.stab.index
 *(.stab.index)

.stab.indexstr
 *(.stab.indexstr)

.comment        0x00000000       0x26
 *(.comment)
 .comment       0x00000000       0x26 obj/default/cruise_skeleton.o
                                 0x27 (size before relaxing)
 .comment       0x00000000       0x27 /opt/altera/13.0sp1/nios2eds/bin/gnu/H-i686-pc-linux-gnu/bin/../lib/gcc/nios2-elf/4.1.2/mno-hw-mul/libgcc.a(_si_to_sf.o)
 .comment       0x00000000       0x27 /opt/altera/13.0sp1/nios2eds/bin/gnu/H-i686-pc-linux-gnu/bin/../lib/gcc/nios2-elf/4.1.2/mno-hw-mul/libgcc.a(_sf_to_df.o)
 .comment       0x00000000       0x27 /opt/altera/13.0sp1/nios2eds/bin/gnu/H-i686-pc-linux-gnu/bin/../lib/gcc/nios2-elf/4.1.2/mno-hw-mul/libgcc.a(_addsub_df.o)
 .comment       0x00000000       0x27 /opt/altera/13.0sp1/nios2eds/bin/gnu/H-i686-pc-linux-gnu/bin/../lib/gcc/nios2-elf/4.1.2/mno-hw-mul/libgcc.a(_div_df.o)
 .comment       0x00000000       0x27 /opt/altera/13.0sp1/nios2eds/bin/gnu/H-i686-pc-linux-gnu/bin/../lib/gcc/nios2-elf/4.1.2/mno-hw-mul/libgcc.a(_si_to_df.o)
 .comment       0x00000000       0x27 /opt/altera/13.0sp1/nios2eds/bin/gnu/H-i686-pc-linux-gnu/bin/../lib/gcc/nios2-elf/4.1.2/mno-hw-mul/libgcc.a(_df_to_si.o)
 .comment       0x00000000       0x27 /opt/altera/13.0sp1/nios2eds/bin/gnu/H-i686-pc-linux-gnu/bin/../lib/gcc/nios2-elf/4.1.2/mno-hw-mul/libgcc.a(_make_df.o)
 .comment       0x00000000       0x27 /opt/altera/13.0sp1/nios2eds/bin/gnu/H-i686-pc-linux-gnu/bin/../lib/gcc/nios2-elf/4.1.2/mno-hw-mul/libgcc.a(_thenan_df.o)
 .comment       0x00000000       0x27 /opt/altera/13.0sp1/nios2eds/bin/gnu/H-i686-pc-linux-gnu/bin/../lib/gcc/nios2-elf/4.1.2/mno-hw-mul/libgcc.a(lib2-divmod.o)
 .comment       0x00000000       0x27 /opt/altera/13.0sp1/nios2eds/bin/gnu/H-i686-pc-linux-gnu/bin/../lib/gcc/nios2-elf/4.1.2/mno-hw-mul/libgcc.a(lib2-mul.o)
 .comment       0x00000000       0x27 /opt/altera/13.0sp1/nios2eds/bin/gnu/H-i686-pc-linux-gnu/bin/../lib/gcc/nios2-elf/4.1.2/mno-hw-mul/libgcc.a(_clzsi2.o)
 .comment       0x00000000       0x27 /opt/altera/13.0sp1/nios2eds/bin/gnu/H-i686-pc-linux-gnu/bin/../lib/gcc/nios2-elf/4.1.2/mno-hw-mul/libgcc.a(_pack_sf.o)
 .comment       0x00000000       0x27 /opt/altera/13.0sp1/nios2eds/bin/gnu/H-i686-pc-linux-gnu/bin/../lib/gcc/nios2-elf/4.1.2/mno-hw-mul/libgcc.a(_unpack_sf.o)
 .comment       0x00000000       0x27 /opt/altera/13.0sp1/nios2eds/bin/gnu/H-i686-pc-linux-gnu/bin/../lib/gcc/nios2-elf/4.1.2/mno-hw-mul/libgcc.a(_pack_df.o)
 .comment       0x00000000       0x27 /opt/altera/13.0sp1/nios2eds/bin/gnu/H-i686-pc-linux-gnu/bin/../lib/gcc/nios2-elf/4.1.2/mno-hw-mul/libgcc.a(_unpack_df.o)
 .comment       0x00000000       0x27 /opt/altera/13.0sp1/nios2eds/bin/gnu/H-i686-pc-linux-gnu/bin/../lib/gcc/nios2-elf/4.1.2/mno-hw-mul/libgcc.a(_clz.o)
 .comment       0x00000000       0x27 /opt/altera/13.0sp1/nios2eds/bin/gnu/H-i686-pc-linux-gnu/bin/../lib/gcc/nios2-elf/4.1.2/../../../../nios2-elf/lib/mno-hw-mul/libc.a(lib_a-printf.o)
 .comment       0x00000000       0x27 /opt/altera/13.0sp1/nios2eds/bin/gnu/H-i686-pc-linux-gnu/bin/../lib/gcc/nios2-elf/4.1.2/../../../../nios2-elf/lib/mno-hw-mul/libc.a(lib_a-puts.o)
 .comment       0x00000000       0x27 /opt/altera/13.0sp1/nios2eds/bin/gnu/H-i686-pc-linux-gnu/bin/../lib/gcc/nios2-elf/4.1.2/../../../../nios2-elf/lib/mno-hw-mul/libc.a(lib_a-strlen.o)
 .comment       0x00000000       0x27 /opt/altera/13.0sp1/nios2eds/bin/gnu/H-i686-pc-linux-gnu/bin/../lib/gcc/nios2-elf/4.1.2/../../../../nios2-elf/lib/mno-hw-mul/libc.a(lib_a-vfprintf.o)
 .comment       0x00000000       0x27 /opt/altera/13.0sp1/nios2eds/bin/gnu/H-i686-pc-linux-gnu/bin/../lib/gcc/nios2-elf/4.1.2/../../../../nios2-elf/lib/mno-hw-mul/libc.a(lib_a-wsetup.o)
 .comment       0x00000000       0x27 /opt/altera/13.0sp1/nios2eds/bin/gnu/H-i686-pc-linux-gnu/bin/../lib/gcc/nios2-elf/4.1.2/../../../../nios2-elf/lib/mno-hw-mul/libc.a(lib_a-dtoa.o)
 .comment       0x00000000       0x27 /opt/altera/13.0sp1/nios2eds/bin/gnu/H-i686-pc-linux-gnu/bin/../lib/gcc/nios2-elf/4.1.2/../../../../nios2-elf/lib/mno-hw-mul/libc.a(lib_a-fflush.o)
 .comment       0x00000000       0x27 /opt/altera/13.0sp1/nios2eds/bin/gnu/H-i686-pc-linux-gnu/bin/../lib/gcc/nios2-elf/4.1.2/../../../../nios2-elf/lib/mno-hw-mul/libc.a(lib_a-findfp.o)