Archive member included because of file (symbol)

/opt/altera/13.0sp1/nios2eds/bin/gnu/H-i686-pc-linux-gnu/bin/../lib/gcc/nios2-elf/4.1.2/../../../../nios2-elf/lib/mno-hw-mul/libc.a(lib_a-impure.o)
                              obj/default/HandShake.o (_impure_ptr)
/opt/altera/13.0sp1/nios2eds/bin/gnu/H-i686-pc-linux-gnu/bin/../lib/gcc/nios2-elf/4.1.2/../../../../nios2-elf/lib/mno-hw-mul/libc.a(lib_a-putc.o)
                              obj/default/HandShake.o (putc)
/opt/altera/13.0sp1/nios2eds/bin/gnu/H-i686-pc-linux-gnu/bin/../lib/gcc/nios2-elf/4.1.2/../../../../nios2-elf/lib/mno-hw-mul/libc.a(lib_a-puts.o)
                              obj/default/HandShake.o (puts)
/opt/altera/13.0sp1/nios2eds/bin/gnu/H-i686-pc-linux-gnu/bin/../lib/gcc/nios2-elf/4.1.2/../../../../nios2-elf/lib/mno-hw-mul/libc.a(lib_a-strlen.o)
                              obj/default/HandShake.o (strlen)
/opt/altera/13.0sp1/nios2eds/bin/gnu/H-i686-pc-linux-gnu/bin/../lib/gcc/nios2-elf/4.1.2/../../../../nios2-elf/lib/mno-hw-mul/libc.a(lib_a-wbuf.o)
                              /opt/altera/13.0sp1/nios2eds/bin/gnu/H-i686-pc-linux-gnu/bin/../lib/gcc/nios2-elf/4.1.2/../../../../nios2-elf/lib/mno-hw-mul/libc.a(lib_a-putc.o) (__swbuf_r)
/opt/altera/13.0sp1/nios2eds/bin/gnu/H-i686-pc-linux-gnu/bin/../lib/gcc/nios2-elf/4.1.2/../../../../nios2-elf/lib/mno-hw-mul/libc.a(lib_a-wsetup.o)
                              /opt/altera/13.0sp1/nios2eds/bin/gnu/H-i686-pc-linux-gnu/bin/../lib/gcc/nios2-elf/4.1.2/../../../../nios2-elf/lib/mno-hw-mul/libc.a(lib_a-wbuf.o) (__swsetup_r)
/opt/altera/13.0sp1/nios2eds/bin/gnu/H-i686-pc-linux-gnu/bin/../lib/gcc/nios2-elf/4.1.2/../../../../nios2-elf/lib/mno-hw-mul/libc.a(lib_a-fflush.o)
                              /opt/altera/13.0sp1/nios2eds/bin/gnu/H-i686-pc-linux-gnu/bin/../lib/gcc/nios2-elf/4.1.2/../../../../nios2-elf/lib/mno-hw-mul/libc.a(lib_a-wbuf.o) (_fflush_r)
/opt/altera/13.0sp1/nios2eds/bin/gnu/H-i686-pc-linux-gnu/bin/../lib/gcc/nios2-elf/4.1.2/../../../../nios2-elf/lib/mno-hw-mul/libc.a(lib_a-findfp.o)
                              /opt/altera/13.0sp1/nios2eds/bin/gnu/H-i686-pc-linux-gnu/bin/../lib/gcc/nios2-elf/4.1.2/../../../../nios2-elf/lib/mno-hw-mul/libc.a(lib_a-putc.o) (__sinit)
/opt/altera/13.0sp1/nios2eds/bin/gnu/H-i686-pc-linux-gnu/bin/../lib/gcc/nios2-elf/4.1.2/../../../../nios2-elf/lib/mno-hw-mul/libc.a(lib_a-freer.o)
                              /opt/altera/13.0sp1/nios2eds/bin/gnu/H-i686-pc-linux-gnu/bin/../lib/gcc/nios2-elf/4.1.2/../../../../nios2-elf/lib/mno-hw-mul/libc.a(lib_a-wsetup.o) (_free_r)
/opt/altera/13.0sp1/nios2eds/bin/gnu/H-i686-pc-linux-gnu/bin/../lib/gcc/nios2-elf/4.1.2/../../../../nios2-elf/lib/mno-hw-mul/libc.a(lib_a-fvwrite.o)
                              /opt/altera/13.0sp1/nios2eds/bin/gnu/H-i686-pc-linux-gnu/bin/../lib/gcc/nios2-elf/4.1.2/../../../../nios2-elf/lib/mno-hw-mul/libc.a(lib_a-puts.o) (__sfvwrite_r)
/opt/altera/13.0sp1/nios2eds/bin/gnu/H-i686-pc-linux-gnu/bin/../lib/gcc/nios2-elf/4.1.2/../../../../nios2-elf/lib/mno-hw-mul/libc.a(lib_a-fwalk.o)
                              /opt/altera/13.0sp1/nios2eds/bin/gnu/H-i686-pc-linux-gnu/bin/../lib/gcc/nios2-elf/4.1.2/../../../../nios2-elf/lib/mno-hw-mul/libc.a(lib_a-fflush.o) (_fwalk_reent)
/opt/altera/13.0sp1/nios2eds/bin/gnu/H-i686-pc-linux-gnu/bin/../lib/gcc/nios2-elf/4.1.2/../../../../nios2-elf/lib/mno-hw-mul/libc.a(lib_a-makebuf.o)
                              /opt/altera/13.0sp1/nios2eds/bin/gnu/H-i686-pc-linux-gnu/bin/../lib/gcc/nios2-elf/4.1.2/../../../../nios2-elf/lib/mno-hw-mul/libc.a(lib_a-wsetup.o) (__smakebuf_r)
/opt/altera/13.0sp1/nios2eds/bin/gnu/H-i686-pc-linux-gnu/bin/../lib/gcc/nios2-elf/4.1.2/../../../../nios2-elf/lib/mno-hw-mul/libc.a(lib_a-mallocr.o)
                              /opt/altera/13.0sp1/nios2eds/bin/gnu/H-i686-pc-linux-gnu/bin/../lib/gcc/nios2-elf/4.1.2/../../../../nios2-elf/lib/mno-hw-mul/libc.a(lib_a-findfp.o) (_malloc_r)
/opt/altera/13.0sp1/nios2eds/bin/gnu/H-i686-pc-linux-gnu/bin/../lib/gcc/nios2-elf/4.1.2/../../../../nios2-elf/lib/mno-hw-mul/libc.a(lib_a-memchr.o)
                              /opt/altera/13.0sp1/nios2eds/bin/gnu/H-i686-pc-linux-gnu/bin/../lib/gcc/nios2-elf/4.1.2/../../../../nios2-elf/lib/mno-hw-mul/libc.a(lib_a-fvwrite.o) (memchr)
/opt/altera/13.0sp1/nios2eds/bin/gnu/H-i686-pc-linux-gnu/bin/../lib/gcc/nios2-elf/4.1.2/../../../../nios2-elf/lib/mno-hw-mul/libc.a(lib_a-memcpy.o)
                              /opt/altera/13.0sp1/nios2eds/bin/gnu/H-i686-pc-linux-gnu/bin/../lib/gcc/nios2-elf/4.1.2/../../../../nios2-elf/lib/mno-hw-mul/libc.a(lib_a-fvwrite.o) (memcpy)
/opt/altera/13.0sp1/nios2eds/bin/gnu/H-i686-pc-linux-gnu/bin/../lib/gcc/nios2-elf/4.1.2/../../../../nios2-elf/lib/mno-hw-mul/libc.a(lib_a-memmove.o)
                              /opt/altera/13.0sp1/nios2eds/bin/gnu/H-i686-pc-linux-gnu/bin/../lib/gcc/nios2-elf/4.1.2/../../../../nios2-elf/lib/mno-hw-mul/libc.a(lib_a-fvwrite.o) (memmove)
[...]
Memory Configuration

Name             Origin             Length             Attributes
onchip_memory    0x00000000         0x00006400
sram             0x00100000         0x00080000
reset            0x01000000         0x00000020
sdram            0x01000020         0x007fffe0
*default*        0x00000000         0xffffffff

Linker script and memory map

LOAD ../bsp//obj/HAL/src/crt0.o
LOAD obj/default/HandShake.o
LOAD /opt/altera/13.0sp1/nios2eds/bin/gnu/H-i686-pc-linux-gnu/bin/../lib/gcc/nios2-elf/4.1.2/../../../../nios2-elf/lib/mno-hw-mul/libstdc++.a
LOAD /opt/altera/13.0sp1/nios2eds/bin/gnu/H-i686-pc-linux-gnu/bin/../lib/gcc/nios2-elf/4.1.2/../../../../nios2-elf/lib/mno-hw-mul/libm.a
LOAD /opt/altera/13.0sp1/nios2eds/bin/gnu/H-i686-pc-linux-gnu/bin/../lib/gcc/nios2-elf/4.1.2/mno-hw-mul/libgcc.a
START GROUP
LOAD /opt/altera/13.0sp1/nios2eds/bin/gnu/H-i686-pc-linux-gnu/bin/../lib/gcc/nios2-elf/4.1.2/../../../../nios2-elf/lib/mno-hw-mul/libc.a
LOAD /opt/altera/13.0sp1/nios2eds/bin/gnu/H-i686-pc-linux-gnu/bin/../lib/gcc/nios2-elf/4.1.2/mno-hw-mul/libgcc.a
LOAD ../bsp//libucosii_bsp.a
END GROUP
LOAD /opt/altera/13.0sp1/nios2eds/bin/gnu/H-i686-pc-linux-gnu/bin/../lib/gcc/nios2-elf/4.1.2/mno-hw-mul/libgcc.a
                0x00000000                __alt_mem_onchip_memory = 0x0
                0x00100000                __alt_mem_sram = 0x100000
                0x01000000                __alt_mem_sdram = 0x1000000

.entry          0x01000000       0x20
 *(.entry)
 .entry         0x01000000       0x20 ../bsp//obj/HAL/src/crt0.o
                0x01000000                __reset

.exceptions     0x01000020      0x124 load address 0x00100000
                0x01000020                PROVIDE (__ram_exceptions_start, ABSOLUTE (.))
                0x01000020                . = ALIGN (0x20)
 *(.irq)
 *(.exceptions.entry.label)
 .exceptions.entry.label
                0x01000020        0x0 ../bsp//libucosii_bsp.a(alt_irq_entry.o)
                0x01000020                alt_irq_entry
 .exceptions.entry.label
                0x01000020        0x0 ../bsp//libucosii_bsp.a(alt_exception_entry.o)
                0x01000020                alt_exception
 *(.exceptions.entry.user)
 *(.exceptions.entry)
 .exceptions.entry
                0x01000020       0x54 ../bsp//libucosii_bsp.a(alt_exception_entry.o)
 *(.exceptions.irqtest.user)
 *(.exceptions.irqtest)
 .exceptions.irqtest
                0x01000074       0x10 ../bsp//libucosii_bsp.a(alt_irq_entry.o)
 *(.exceptions.irqhandler.user)
 *(.exceptions.irqhandler)
 .exceptions.irqhandler
                0x01000084        0x4 ../bsp//libucosii_bsp.a(alt_irq_entry.o)
 *(.exceptions.irqreturn.user)
 *(.exceptions.irqreturn)
 .exceptions.irqreturn
                0x01000088        0x4 ../bsp//libucosii_bsp.a(alt_irq_entry.o)
 *(.exceptions.notirq.label)
 .exceptions.notirq.label
                0x0100008c        0x0 ../bsp//libucosii_bsp.a(alt_irq_entry.o)
 *(.exceptions.notirq.user)
 *(.exceptions.notirq)
 .exceptions.notirq
                0x0100008c        0x8 ../bsp//libucosii_bsp.a(alt_exception_entry.o)
 *(.exceptions.soft.user)
 *(.exceptions.soft)
 *(.exceptions.unknown.user)
 *(.exceptions.unknown)
 .exceptions.unknown
                0x01000094        0x4 ../bsp//libucosii_bsp.a(alt_exception_entry.o)
 *(.exceptions.exit.label)
 .exceptions.exit.label
                0x01000098        0x0 ../bsp//libucosii_bsp.a(alt_irq_entry.o)
 .exceptions.exit.label
                0x01000098        0x0 ../bsp//libucosii_bsp.a(alt_exception_entry.o)
 *(.exceptions.exit.user)
 *(.exceptions.exit)
 .exceptions.exit
                0x01000098       0x54 ../bsp//libucosii_bsp.a(alt_exception_entry.o)
 *(.exceptions)
 .exceptions    0x010000ec       0x58 ../bsp//libucosii_bsp.a(alt_irq_handler.o)
                0x010000ec                alt_irq_handler
                0x01000144                PROVIDE (__ram_exceptions_end, ABSOLUTE (.))
                0x00100000                PROVIDE (__flash_exceptions_start, LOADADDR (.exceptions))

.text           0x00100124     0xb7c0
                0x00100124                PROVIDE (stext, ABSOLUTE (.))
 *(.interp)
 *(.hash)
 *(.dynsym)
 *(.dynstr)
 *(.gnu.version)
 *(.gnu.version_d)
 *(.gnu.version_r)
 *(.rel.init)
 *(.rela.init)
 *(.rel.text .rel.text.* .rel.gnu.linkonce.t.*)
 *(.rela.text .rela.text.* .rela.gnu.linkonce.t.*)
 *(.rel.fini)
 *(.rela.fini)
 *(.rel.rodata .rel.rodata.* .rel.gnu.linkonce.r.*)
 *(.rela.rodata .rela.rodata.* .rela.gnu.linkonce.r.*)
 *(.rel.data .rel.data.* .rel.gnu.linkonce.d.*)
 *(.rela.data .rela.data.* .rela.gnu.linkonce.d.*)
 *(.rel.tdata .rel.tdata.* .rel.gnu.linkonce.td.*)
 *(.rela.tdata .rela.tdata.* .rela.gnu.linkonce.td.*)
 *(.rel.tbss .rel.tbss.* .rel.gnu.linkonce.tb.*)
 *(.rela.tbss .rela.tbss.* .rela.gnu.linkonce.tb.*)
 *(.rel.ctors)
 *(.rela.ctors)
 *(.rel.dtors)
 *(.rela.dtors)
 *(.rel.got)
 *(.rela.got)
 *(.rel.sdata .rel.sdata.* .rel.gnu.linkonce.s.*)
 *(.rela.sdata .rela.sdata.* .rela.gnu.linkonce.s.*)
 *(.rel.sbss .rel.sbss.* .rel.gnu.linkonce.sb.*)
 *(.rela.sbss .rela.sbss.* .rela.gnu.linkonce.sb.*)
 *(.rel.sdata2 .rel.sdata2.* .rel.gnu.linkonce.s2.*)
 *(.rela.sdata2 .rela.sdata2.* .rela.gnu.linkonce.s2.*)
 *(.rel.sbss2 .rel.sbss2.* .rel.gnu.linkonce.sb2.*)
 *(.rela.sbss2 .rela.sbss2.* .rela.gnu.linkonce.sb2.*)
 *(.rel.bss .rel.bss.* .rel.gnu.linkonce.b.*)
 *(.rela.bss .rela.bss.* .rela.gnu.linkonce.b.*)
 *(.rel.plt)
 *(.rela.plt)
 *(.rel.dyn)
 *(.init)
 *(.plt)
 *(.text .stub .text.* .gnu.linkonce.t.*)
 .text          0x00100124       0x3c ../bsp//obj/HAL/src/crt0.o
                0x00100124                _start
 .text          0x00100160      0x3d4 obj/default/HandShake.o
                0x00100160                printStackSize
                0x0010019c                task1
                0x001002d8                task2
                0x00100414                statisticTask
                0x0010045c                main
 .text          0x00100534        0x0 /opt/altera/13.0sp1/nios2eds/bin/gnu/H-i686-pc-linux-gnu/bin/../lib/gcc/nios2-elf/4.1.2/../../../../nios2-elf/lib/mno-hw-mul/libc.a(lib_a-impure.o)
 .text          0x00100534      0x1ec /opt/altera/13.0sp1/nios2eds/bin/gnu/H-i686-pc-linux-gnu/bin/../lib/gcc/nios2-elf/4.1.2/../../../../nios2-elf/lib/mno-hw-mul/libc.a(lib_a-putc.o)
                0x00100534                putc
                0x00100638                _putc_r
 .text          0x00100720       0xb4 /opt/altera/13.0sp1/nios2eds/bin/gnu/H-i686-pc-linux-gnu/bin/../lib/gcc/nios2-elf/4.1.2/../../../../nios2-elf/lib/mno-hw-mul/libc.a(lib_a-puts.o)
                0x00100720                _puts_r
                0x001007c0                puts
 .text          0x001007d4       0x74 /opt/altera/13.0sp1/nios2eds/bin/gnu/H-i686-pc-linux-gnu/bin/../lib/gcc/nios2-elf/4.1.2/../../../../nios2-elf/lib/mno-hw-mul/libc.a(lib_a-strlen.o)
                0x001007d4                strlen
 .text          0x00100848      0x14c /opt/altera/13.0sp1/nios2eds/bin/gnu/H-i686-pc-linux-gnu/bin/../lib/gcc/nios2-elf/4.1.2/../../../../nios2-elf/lib/mno-hw-mul/libc.a(lib_a-wbuf.o)
                0x00100848                __swbuf_r
                0x00100978                __swbuf
 .text          0x00100994      0x13c /opt/altera/13.0sp1/nios2eds/bin/gnu/H-i686-pc-linux-gnu/bin/../lib/gcc/nios2-elf/4.1.2/../../../../nios2-elf/lib/mno-hw-mul/libc.a(lib_a-wsetup.o)
                0x00100994                __swsetup_r
 .text          0x00100ad0      0x230 /opt/altera/13.0sp1/nios2eds/bin/gnu/H-i686-pc-linux-gnu/bin/../lib/gcc/nios2-elf/4.1.2/../../../../nios2-elf/lib/mno-hw-mul/libc.a(lib_a-fflush.o)
                0x00100ad0                _fflush_r
                0x00100ccc                fflush
 .text          0x00100d00      0x2f4 /opt/altera/13.0sp1/nios2eds/bin/gnu/H-i686-pc-linux-gnu/bin/../lib/gcc/nios2-elf/4.1.2/../../../../nios2-elf/lib/mno-hw-mul/libc.a(lib_a-findfp.o)
                0x00100d58                __sfp_lock_acquire
                0x00100d5c                __sfp_lock_release
                0x00100d60                __sinit_lock_acquire
                0x00100d64                __sinit_lock_release
                0x00100d68                __sinit
                0x00100e1c                __fp_unlock_all
                0x00100e34                __fp_lock_all
                0x00100e4c                _cleanup_r
                0x00100e58                _cleanup
                0x00100e68                __sfmoreglue
                0x00100f04                __sfp
 .text          0x00100ff4      0x440 /opt/altera/13.0sp1/nios2eds/bin/gnu/H-i686-pc-linux-gnu/bin/../lib/gcc/nios2-elf/4.1.2/../../../../nios2-elf/lib/mno-hw-mul/libc.a(lib_a-freer.o)
                0x00100ff4                _malloc_trim_r
                0x00101120                _free_r
 .text          0x00101434      0x49c /opt/altera/13.0sp1/nios2eds/bin/gnu/H-i686-pc-linux-gnu/bin/../lib/gcc/nios2-elf/4.1.2/../../../../nios2-elf/lib/mno-hw-mul/libc.a(lib_a-fvwrite.o)
                0x00101434                __sfvwrite_r
 .text          0x001018d0      0x180 /opt/altera/13.0sp1/nios2eds/bin/gnu/H-i686-pc-linux-gnu/bin/../lib/gcc/nios2-elf/4.1.2/../../../../nios2-elf/lib/mno-hw-mul/libc.a(lib_a-fwalk.o)
                0x001018d0                _fwalk_reent
                0x00101998                _fwalk
 .text          0x00101a50      0x194 /opt/altera/13.0sp1/nios2eds/bin/gnu/H-i686-pc-linux-gnu/bin/../lib/gcc/nios2-elf/4.1.2/../../../../nios2-elf/lib/mno-hw-mul/libc.a(lib_a-makebuf.o)
                0x00101a50                __smakebuf_r
 .text          0x00101be4      0x740 /opt/altera/13.0sp1/nios2eds/bin/gnu/H-i686-pc-linux-gnu/bin/../lib/gcc/nios2-elf/4.1.2/../../../../nios2-elf/lib/mno-hw-mul/libc.a(lib_a-mallocr.o)
                0x00101be4                _malloc_r
 .text          0x00102324       0xe4 /opt/altera/13.0sp1/nios2eds/bin/gnu/H-i686-pc-linux-gnu/bin/../lib/gcc/nios2-elf/4.1.2/../../../../nios2-elf/lib/mno-hw-mul/libc.a(lib_a-memchr.o)
                0x00102324                memchr
 .text          0x00102408       0xa0 /opt/altera/13.0sp1/nios2eds/bin/gnu/H-i686-pc-linux-gnu/bin/../lib/gcc/nios2-elf/4.1.2/../../../../nios2-elf/lib/mno-hw-mul/libc.a(lib_a-memcpy.o)
                0x00102408                memcpy
 .text          0x001024a8       0xe0 /opt/altera/13.0sp1/nios2eds/bin/gnu/H-i686-pc-linux-gnu/bin/../lib/gcc/nios2-elf/4.1.2/../../../../nios2-elf/lib/mno-hw-mul/libc.a(lib_a-memmove.o)
                0x001024a8                memmove
 .text          0x00102588       0x98 /opt/altera/13.0sp1/nios2eds/bin/gnu/H-i686-pc-linux-gnu/bin/../lib/gcc/nios2-elf/4.1.2/../../../../nios2-elf/lib/mno-hw-mul/libc.a(lib_a-memset.o)
                0x00102588                memset
 .text          0x00102620      0x5f4 /opt/altera/13.0sp1/nios2eds/bin/gnu/H-i686-pc-linux-gnu/bin/../lib/gcc/nios2-elf/4.1.2/../../../../nios2-elf/lib/mno-hw-mul/libc.a(lib_a-reallocr.o)
                0x00102620                _realloc_r
 .text          0x00102c14       0x70 /opt/altera/13.0sp1/nios2eds/bin/gnu/H-i686-pc-linux-gnu/bin/../lib/gcc/nios2-elf/4.1.2/../../../../nios2-elf/lib/mno-hw-mul/libc.a(lib_a-sbrkr.o)
                0x00102c14                _sbrk_r
 .text          0x00102c84      0x14c /opt/altera/13.0sp1/nios2eds/bin/gnu/H-i686-pc-linux-gnu/bin/../lib/gcc/nios2-elf/4.1.2/../../../../nios2-elf/lib/mno-hw-mul/libc.a(lib_a-stdio.o)
                0x00102c84                __sclose
                0x00102c8c                __sseek
                0x00102cf4                __swrite
                0x00102d70                __sread
 .text          0x00102dd0       0x78 /opt/altera/13.0sp1/nios2eds/bin/gnu/H-i686-pc-linux-gnu/bin/../lib/gcc/nios2-elf/4.1.2/../../../../nios2-elf/lib/mno-hw-mul/libc.a(lib_a-writer.o)
                0x00102dd0                _write_r
 .text          0x00102e48       0x70 /opt/altera/13.0sp1/nios2eds/bin/gnu/H-i686-pc-linux-gnu/bin/../lib/gcc/nios2-elf/4.1.2/../../../../nios2-elf/lib/mno-hw-mul/libc.a(lib_a-closer.o)
                0x00102e48                _close_r
 .text          0x00102eb8      0x124 /opt/altera/13.0sp1/nios2eds/bin/gnu/H-i686-pc-linux-gnu/bin/../lib/gcc/nios2-elf/4.1.2/../../../../nios2-elf/lib/mno-hw-mul/libc.a(lib_a-fclose.o)
                0x00102eb8                _fclose_r
                0x00102fc8                fclose
 .text          0x00102fdc       0x74 /opt/altera/13.0sp1/nios2eds/bin/gnu/H-i686-pc-linux-gnu/bin/../lib/gcc/nios2-elf/4.1.2/../../../../nios2-elf/lib/mno-hw-mul/libc.a(lib_a-fstatr.o)
                0x00102fdc                _fstat_r
 .text          0x00103050        0x0 /opt/altera/13.0sp1/nios2eds/bin/gnu/H-i686-pc-linux-gnu/bin/../lib/gcc/nios2-elf/4.1.2/../../../../nios2-elf/lib/mno-hw-mul/libc.a(lib_a-int_errno.o)
 .text          0x00103050       0x70 /opt/altera/13.0sp1/nios2eds/bin/gnu/H-i686-pc-linux-gnu/bin/../lib/gcc/nios2-elf/4.1.2/../../../../nios2-elf/lib/mno-hw-mul/libc.a(lib_a-isattyr.o)
                0x00103050                _isatty_r
 .text          0x001030c0       0x78 /opt/altera/13.0sp1/nios2eds/bin/gnu/H-i686-pc-linux-gnu/bin/../lib/gcc/nios2-elf/4.1.2/../../../../nios2-elf/lib/mno-hw-mul/libc.a(lib_a-lseekr.o)
                0x001030c0                _lseek_r
 .text          0x00103138       0x78 /opt/altera/13.0sp1/nios2eds/bin/gnu/H-i686-pc-linux-gnu/bin/../lib/gcc/nios2-elf/4.1.2/../../../../nios2-elf/lib/mno-hw-mul/libc.a(lib_a-readr.o)
                0x00103138                _read_r
 .text          0x001031b0       0x38 /opt/altera/13.0sp1/nios2eds/bin/gnu/H-i686-pc-linux-gnu/bin/../lib/gcc/nios2-elf/4.1.2/mno-hw-mul/libgcc.a(lib2-mul.o)
                0x001031b0                __mulsi3
 .text          0x001031e8       0xbc ../bsp//libucosii_bsp.a(alt_close.o)
                0x00103208                close
 .text          0x001032a4        0x8 ../bsp//libucosii_bsp.a(alt_dev.o)
 .text          0x001032ac        0x0 ../bsp//libucosii_bsp.a(alt_errno.o)
 .text          0x001032ac       0x9c ../bsp//libucosii_bsp.a(alt_fstat.o)
                0x001032ac                fstat
 .text          0x00103348       0x94 ../bsp//libucosii_bsp.a(alt_isatty.o)
                0x00103348                isatty
 .text          0x001033dc       0x8c ../bsp//libucosii_bsp.a(alt_load.o)
                0x001033fc                alt_load
 .text          0x00103468       0xb8 ../bsp//libucosii_bsp.a(alt_lseek.o)
                0x00103468                lseek
 .text          0x00103520       0xa8 ../bsp//libucosii_bsp.a(alt_main.o)
                0x00103520                alt_main
 .text          0x001035c8       0xd8 ../bsp//libucosii_bsp.a(alt_read.o)
                0x001035e8                read
 .text          0x001036a0       0x5c ../bsp//libucosii_bsp.a(alt_release_fd.o)
                0x001036a0                alt_release_fd
 .text          0x001036fc       0x50 ../bsp//libucosii_bsp.a(alt_sbrk.o)
                0x001036fc                sbrk
 .text          0x0010374c       0xd4 ../bsp//libucosii_bsp.a(alt_write.o)
                0x0010376c                write
 .text          0x00103820       0xa8 ../bsp//libucosii_bsp.a(alt_env_lock.o)
                0x00103820                __env_unlock
                0x00103848                __env_lock
 .text          0x001038c8      0x110 ../bsp//libucosii_bsp.a(alt_malloc_lock.o)
                0x001038c8                __malloc_unlock
                0x00103924                __malloc_lock
 .text          0x001039d8     0x1118 ../bsp//libucosii_bsp.a(os_core.o)
                0x001039d8                OSVersion
                0x001039e0                OS_Dummy
                0x001039e4                OS_EventTaskWait
                0x00103a68                OS_EventTaskWaitMulti
                0x00103b08                OS_EventTaskRemove
                0x00103b54                OS_EventTaskRemoveMulti
                0x00103bb0                OS_EventTaskRdy
                0x00103ca4                OS_EventWaitListInit
                0x00103cc0                OS_MemClr
                0x00103cdc                OS_MemCopy
                0x00103d00                OS_StrCopy
                0x00103d2c                OS_StrLen
                0x00103d4c                OS_TaskStatStkChk
                0x00103dd0                OS_Sched
                0x00103e88                OSStart
                0x00103ef4                OSInit
                0x001040d4                OSEventNameGet
                0x0010418c                OSEventPendMulti
                0x001044e4                OSIntEnter
                0x00104520                OSSchedLock
                0x00104564                OSSchedUnlock
                0x001045b8                OSStatInit
                0x0010461c                OSTimeTick
                0x00104728                OS_TaskIdle
                0x00104758                OS_TaskStat
                0x001047dc                OS_TCBInit
                0x00104960                OSIntExit
                0x00104a34                OSEventNameSet
 .text          0x00104af0        0x4 ../bsp//libucosii_bsp.a(os_dbg.o)
                0x00104af0                OSDebugInit
 .text          0x00104af4      0xc5c ../bsp//libucosii_bsp.a(os_flag.o)
                0x00104bac                OS_FlagUnlink
                0x00104c78                OS_FlagInit
                0x00104ce8                OSFlagQuery
                0x00104d44                OSFlagAccept
                0x00104eb4                OSFlagCreate
                0x00104f3c                OSFlagDel
                0x0010509c                OSFlagNameGet
                0x0010515c                OSFlagNameSet
                0x00105230                OSFlagPend
                0x00105530                OSFlagPendGetFlagsRdy
                0x0010555c                OSFlagPost
 .text          0x00105750      0x3b8 ../bsp//libucosii_bsp.a(os_mem.o)
                0x00105750                OS_MemInit
                0x001057b8                OSMemQuery
                0x0010581c                OSMemCreate
                0x001058ec                OSMemGet
                0x00105958                OSMemNameGet
                0x001059f4                OSMemNameSet
                0x00105ab0                OSMemPut
 .text          0x00105b08      0x9c4 ../bsp//libucosii_bsp.a(os_q.o)
                0x00105b08                OS_QInit
                0x00105b58                OSQQuery
                0x00105bf0                OSQAccept
                0x00105c8c                OSQCreate
                0x00105d8c                OSQDel
                0x00105f10                OSQFlush
                0x00105f60                OSQPend
                0x00106120                OSQPendAbort
                0x00106208                OSQPost
                0x001062c4                OSQPostFront
                0x00106388                OSQPostOpt
 .text          0x001064cc      0x5e0 ../bsp//libucosii_bsp.a(os_sem.o)
                0x001064cc                OSSemSet
                0x00106530                OSSemAccept
                0x00106574                OSSemCreate
                0x00106600                OSSemDel
                0x00106754                OSSemPend
                0x001068bc                OSSemPendAbort
                0x001069a8                OSSemPost
                0x00106a44                OSSemQuery
 .text          0x00106aac      0xe74 ../bsp//libucosii_bsp.a(os_task.o)
                0x00106aac                OS_TaskStkClr
                0x00106adc                OSTaskQuery
                0x00106ba4                OSTaskChangePrio
                0x00106e40                OSTaskCreate
                0x00106f4c                OSTaskCreateExt
                0x001070c4                OSTaskDel
                0x00107310                OSTaskDelReq
                0x001073c4                OSTaskNameGet
                0x001074cc                OSTaskNameSet
                0x001075e8                OSTaskResume
                0x001076ec                OSTaskStkChk
                0x001077dc                OSTaskSuspend
 .text          0x00107920      0x378 ../bsp//libucosii_bsp.a(os_time.o)
                0x00107920                OSTimeSet
                0x00107944                OSTimeDly
                0x001079dc                OSTimeDlyHMSM
                0x00107b7c                OSTimeDlyResume
                0x00107c74                OSTimeGet
 .text          0x00107c98      0xb94 ../bsp//libucosii_bsp.a(os_tmr.o)
                0x00107e04                OSTmr_Init
                0x00108060                OSTmrStop
                0x001081bc                OSTmrStart
                0x001082c0                OSTmrStateGet
                0x00108368                OSTmrRemainGet
                0x00108480                OSTmrDel
                0x0010857c                OSTmrSignal
                0x001085a4                OSTmrNameGet
                0x00108690                OSTmrCreate
 .text          0x0010882c       0x9c ../bsp//libucosii_bsp.a(alt_sys_init.o)
                0x00108838                alt_sys_init
                0x001088a8                alt_irq_init
 .text          0x001088c8       0x3c ../bsp//libucosii_bsp.a(altera_avalon_jtag_uart_fd.o)
                0x001088c8                altera_avalon_jtag_uart_ioctl_fd
                0x001088d4                altera_avalon_jtag_uart_close_fd
                0x001088e4                altera_avalon_jtag_uart_write_fd
                0x001088f4                altera_avalon_jtag_uart_read_fd
 .text          0x00108904      0x2f4 ../bsp//libucosii_bsp.a(altera_avalon_jtag_uart_init.o)
                0x00108904                altera_avalon_jtag_uart_close
                0x001089c4                altera_avalon_jtag_uart_init
 .text          0x00108bf8       0x7c ../bsp//libucosii_bsp.a(altera_avalon_jtag_uart_ioctl.o)
                0x00108bf8                altera_avalon_jtag_uart_ioctl
 .text          0x00108c74      0x1ac ../bsp//libucosii_bsp.a(altera_avalon_jtag_uart_read.o)
                0x00108c74                altera_avalon_jtag_uart_read
 .text          0x00108e20      0x1b8 ../bsp//libucosii_bsp.a(altera_avalon_jtag_uart_write.o)
                0x00108e20                altera_avalon_jtag_uart_write
 .text          0x00108fd8       0x8c ../bsp//libucosii_bsp.a(altera_avalon_timer_sc.o)
                0x00108fd8                alt_avalon_timer_sc_init
 .text          0x00109064      0x250 ../bsp//libucosii_bsp.a(altera_up_avalon_character_lcd.o)
                0x00109064                get_DDRAM_addr
                0x0010907c                alt_up_character_lcd_string
                0x00109098                alt_up_character_lcd_write
                0x001090bc                alt_up_character_lcd_write_fd
                0x001090dc                alt_up_character_lcd_init
                0x001090ec                alt_up_character_lcd_send_cmd
                0x001090fc                alt_up_character_lcd_cursor_blink_on
                0x00109104                alt_up_character_lcd_cursor_off
                0x0010910c                alt_up_character_lcd_erase_pos
                0x00109170                alt_up_character_lcd_shift_display
                0x001091e0                alt_up_character_lcd_shift_cursor
                0x00109250                alt_up_character_lcd_set_cursor_pos
                0x001092a8                alt_up_character_lcd_open_dev
 .text          0x001092b4       0x90 ../bsp//libucosii_bsp.a(alt_alarm_start.o)
                0x001092b4                alt_alarm_start
 .text          0x00109344        0x4 ../bsp//libucosii_bsp.a(alt_dcache_flush_all.o)
                0x00109344                alt_dcache_flush_all
 .text          0x00109348       0x70 ../bsp//libucosii_bsp.a(alt_dev_llist_insert.o)
                0x00109348                alt_dev_llist_insert
 .text          0x001093b8       0x40 ../bsp//libucosii_bsp.a(alt_do_ctors.o)
                0x001093b8                _do_ctors
 .text          0x001093f8       0x40 ../bsp//libucosii_bsp.a(alt_do_dtors.o)
                0x001093f8                _do_dtors
 .text          0x00109438       0x70 ../bsp//libucosii_bsp.a(alt_find_dev.o)
                0x00109438                alt_find_dev
 .text          0x001094a8        0x4 ../bsp//libucosii_bsp.a(alt_icache_flush_all.o)
                0x001094a8                alt_icache_flush_all
 .text          0x001094ac       0x9c ../bsp//libucosii_bsp.a(alt_iic.o)
                0x001094ac                alt_ic_irq_enabled
                0x001094c4                alt_ic_irq_enable
                0x00109504                alt_ic_irq_disable
                0x00109544                alt_ic_isr_register
 .text          0x00109548       0x6c ../bsp//libucosii_bsp.a(alt_iic_isr_register.o)
                0x00109548                alt_iic_isr_register
 .text          0x001095b4      0x114 ../bsp//libucosii_bsp.a(alt_io_redirect.o)
                0x0010963c                alt_io_redirect
 .text          0x001096c8        0x0 ../bsp//libucosii_bsp.a(alt_irq_entry.o)
 .text          0x001096c8        0x0 ../bsp//libucosii_bsp.a(alt_irq_handler.o)
 .text          0x001096c8        0x0 ../bsp//libucosii_bsp.a(alt_irq_vars.o)
 .text          0x001096c8      0x17c ../bsp//libucosii_bsp.a(alt_open.o)
                0x001096c8                open
 .text          0x00109844       0xe0 ../bsp//libucosii_bsp.a(alt_tick.o)
                0x00109844                alt_alarm_stop
                0x00109878                alt_tick
 .text          0x00109924        0x8 ../bsp//libucosii_bsp.a(altera_nios2_qsys_irq.o)
                0x00109924                altera_nios2_qsys_irq_init
 .text          0x0010992c       0xd0 ../bsp//libucosii_bsp.a(os_cpu_a.o)
                0x0010992c                OSCtxSw
                0x0010992c                OSIntCtxSw
                0x001099b8                OSStartHighRdy
                0x001099d8                OSStartTsk
 .text          0x001099fc      0x228 ../bsp//libucosii_bsp.a(os_cpu_c.o)
                0x001099fc                OSTaskCreateHook
                0x00109a00                OSTaskDelHook
                0x00109a04                OSTaskSwHook
                0x00109a08                OSTaskStatHook
                0x00109a0c                OSInitHookBegin
                0x00109a14                OSInitHookEnd
                0x00109a18                OSTaskIdleHook
                0x00109a1c                OSTCBInitHook
                0x00109a20                OSTimeTickHook
                0x00109a78                OSTaskStkInit
 .text          0x00109c24        0x0 ../bsp//libucosii_bsp.a(alt_exception_entry.o)
 .text          0x00109c24       0x9c ../bsp//libucosii_bsp.a(alt_find_file.o)
                0x00109c24                alt_find_file
 .text          0x00109cc0       0xa4 ../bsp//libucosii_bsp.a(alt_get_fd.o)
                0x00109cc0                alt_get_fd
 .text          0x00109d64       0x14 /opt/altera/13.0sp1/nios2eds/bin/gnu/H-i686-pc-linux-gnu/bin/../lib/gcc/nios2-elf/4.1.2/../../../../nios2-elf/lib/mno-hw-mul/libc.a(lib_a-atexit.o)
                0x00109d64                atexit
 .text          0x00109d78       0x38 /opt/altera/13.0sp1/nios2eds/bin/gnu/H-i686-pc-linux-gnu/bin/../lib/gcc/nios2-elf/4.1.2/../../../../nios2-elf/lib/mno-hw-mul/libc.a(lib_a-exit.o)
                0x00109d78                exit
 .text          0x00109db0       0x74 /opt/altera/13.0sp1/nios2eds/bin/gnu/H-i686-pc-linux-gnu/bin/../lib/gcc/nios2-elf/4.1.2/../../../../nios2-elf/lib/mno-hw-mul/libc.a(lib_a-memcmp.o)
                0x00109db0                memcmp
 .text          0x00109e24      0x134 /opt/altera/13.0sp1/nios2eds/bin/gnu/H-i686-pc-linux-gnu/bin/../lib/gcc/nios2-elf/4.1.2/../../../../nios2-elf/lib/mno-hw-mul/libc.a(lib_a-__atexit.o)
                0x00109e24                __register_exitproc
 .text          0x00109f58      0x1b4 /opt/altera/13.0sp1/nios2eds/bin/gnu/H-i686-pc-linux-gnu/bin/../lib/gcc/nios2-elf/4.1.2/../../../../nios2-elf/lib/mno-hw-mul/libc.a(lib_a-__call_atexit.o)
                0x00109f5c                __call_exitprocs
 .text          0x0010a10c       0xa4 /opt/altera/13.0sp1/nios2eds/bin/gnu/H-i686-pc-linux-gnu/bin/../lib/gcc/nios2-elf/4.1.2/mno-hw-mul/libgcc.a(_fixunsdfsi.o)
                0x0010a10c                __fixunsdfsi
 .text          0x0010a1b0      0x504 /opt/altera/13.0sp1/nios2eds/bin/gnu/H-i686-pc-linux-gnu/bin/../lib/gcc/nios2-elf/4.1.2/mno-hw-mul/libgcc.a(_addsub_df.o)
                0x0010a5c0                __subdf3
                0x0010a640                __adddf3
 .text          0x0010a6b4      0x3c4 /opt/altera/13.0sp1/nios2eds/bin/gnu/H-i686-pc-linux-gnu/bin/../lib/gcc/nios2-elf/4.1.2/mno-hw-mul/libgcc.a(_mul_df.o)
                0x0010a6b4                __muldf3
 .text          0x0010aa78      0x258 /opt/altera/13.0sp1/nios2eds/bin/gnu/H-i686-pc-linux-gnu/bin/../lib/gcc/nios2-elf/4.1.2/mno-hw-mul/libgcc.a(_div_df.o)
                0x0010aa78                __divdf3
 .text          0x0010acd0       0x88 /opt/altera/13.0sp1/nios2eds/bin/gnu/H-i686-pc-linux-gnu/bin/../lib/gcc/nios2-elf/4.1.2/mno-hw-mul/libgcc.a(_ge_df.o)
                0x0010acd0                __gedf2
 .text          0x0010ad58       0xf8 /opt/altera/13.0sp1/nios2eds/bin/gnu/H-i686-pc-linux-gnu/bin/../lib/gcc/nios2-elf/4.1.2/mno-hw-mul/libgcc.a(_si_to_df.o)
                0x0010ad58                __floatsidf
 .text          0x0010ae50       0xd8 /opt/altera/13.0sp1/nios2eds/bin/gnu/H-i686-pc-linux-gnu/bin/../lib/gcc/nios2-elf/4.1.2/mno-hw-mul/libgcc.a(_df_to_si.o)
                0x0010ae50                __fixdfsi
 .text          0x0010af28        0x0 /opt/altera/13.0sp1/nios2eds/bin/gnu/H-i686-pc-linux-gnu/bin/../lib/gcc/nios2-elf/4.1.2/mno-hw-mul/libgcc.a(_thenan_df.o)
 .text          0x0010af28      0x194 /opt/altera/13.0sp1/nios2eds/bin/gnu/H-i686-pc-linux-gnu/bin/../lib/gcc/nios2-elf/4.1.2/mno-hw-mul/libgcc.a(_usi_to_df.o)
                0x0010af28                __floatunsidf
 .text          0x0010b0bc      0x14c /opt/altera/13.0sp1/nios2eds/bin/gnu/H-i686-pc-linux-gnu/bin/../lib/gcc/nios2-elf/4.1.2/mno-hw-mul/libgcc.a(lib2-divmod.o)
                0x0010b138                __divsi3
                0x0010b198                __modsi3
                0x0010b1f8                __udivsi3
                0x0010b200                __umodsi3
 .text          0x0010b208      0x124 /opt/altera/13.0sp1/nios2eds/bin/gnu/H-i686-pc-linux-gnu/bin/../lib/gcc/nios2-elf/4.1.2/mno-hw-mul/libgcc.a(_muldi3.o)
                0x0010b208                __muldi3
 .text          0x0010b32c       0x80 /opt/altera/13.0sp1/nios2eds/bin/gnu/H-i686-pc-linux-gnu/bin/../lib/gcc/nios2-elf/4.1.2/mno-hw-mul/libgcc.a(_clzsi2.o)
                0x0010b32c                __clzsi2
 .text          0x0010b3ac      0x314 /opt/altera/13.0sp1/nios2eds/bin/gnu/H-i686-pc-linux-gnu/bin/../lib/gcc/nios2-elf/4.1.2/mno-hw-mul/libgcc.a(_pack_df.o)
                0x0010b3ac                __pack_d
 .text          0x0010b6c0      0x138 /opt/altera/13.0sp1/nios2eds/bin/gnu/H-i686-pc-linux-gnu/bin/../lib/gcc/nios2-elf/4.1.2/mno-hw-mul/libgcc.a(_unpack_df.o)
                0x0010b6c0                __unpack_d
 .text          0x0010b7f8       0xc8 /opt/altera/13.0sp1/nios2eds/bin/gnu/H-i686-pc-linux-gnu/bin/../lib/gcc/nios2-elf/4.1.2/mno-hw-mul/libgcc.a(_fpcmp_parts_df.o)
                0x0010b7f8                __fpcmp_parts_d
 .text          0x0010b8c0        0x0 /opt/altera/13.0sp1/nios2eds/bin/gnu/H-i686-pc-linux-gnu/bin/../lib/gcc/nios2-elf/4.1.2/mno-hw-mul/libgcc.a(_clz.o)
 .text          0x0010b8c0       0x20 ../bsp//libucosii_bsp.a(alt_exit.o)
                0x0010b8c0                _exit
 *(.gnu.warning.*)
 *(.fini)
                0x0010b8e0                PROVIDE (__etext, ABSOLUTE (.))
                0x0010b8e0                PROVIDE (_etext, ABSOLUTE (.))
                0x0010b8e0                PROVIDE (etext, ABSOLUTE (.))
 *(.eh_frame_hdr)
                0x0010b8e0                . = ALIGN (0x4)
                0x0010b8e0                PROVIDE (__preinit_array_start, ABSOLUTE (.))
 *(.preinit_array)
                0x0010b8e0                PROVIDE (__preinit_array_end, ABSOLUTE (.))
                0x0010b8e0                PROVIDE (__init_array_start, ABSOLUTE (.))
 *(.init_array)
                0x0010b8e0                PROVIDE (__init_array_end, ABSOLUTE (.))
                0x0010b8e0                PROVIDE (__fini_array_start, ABSOLUTE (.))
 *(.fini_array)
                0x0010b8e0                PROVIDE (__fini_array_end, ABSOLUTE (.))
 *(.eh_frame)
 *(.gcc_except_table)
 *(.dynamic)
                0x0010b8e0                PROVIDE (__CTOR_LIST__, ABSOLUTE (.))
 *(.ctors)
 *(SORT(.ctors.*))
 .ctors.65535   0x0010b8e0        0x4 /opt/altera/13.0sp1/nios2eds/bin/gnu/H-i686-pc-linux-gnu/bin/../lib/gcc/nios2-elf/4.1.2/../../../../nios2-elf/lib/mno-hw-mul/libc.a(lib_a-__call_atexit.o)
                0x0010b8e4                PROVIDE (__CTOR_END__, ABSOLUTE (.))
                0x0010b8e4                PROVIDE (__DTOR_LIST__, ABSOLUTE (.))
 *(.dtors)
 *(SORT(.dtors.*))
                0x0010b8e4                PROVIDE (__DTOR_END__, ABSOLUTE (.))
 *(.jcr)
                0x0010b8e4                . = ALIGN (0x4)

.rodata         0x0010b8e4      0x2f8
                0x0010b8e4                PROVIDE (__ram_rodata_start, ABSOLUTE (.))
                0x0010b8e4                . = ALIGN (0x4)
 *(.rodata .rodata.* .gnu.linkonce.r.*)
 .rodata        0x0010b8e4       0x54 obj/default/HandShake.o
 .rodata.str1.4
                0x0010b938        0x2 /opt/altera/13.0sp1/nios2eds/bin/gnu/H-i686-pc-linux-gnu/bin/../lib/gcc/nios2-elf/4.1.2/../../../../nios2-elf/lib/mno-hw-mul/libc.a(lib_a-impure.o)
                                  0x4 (size before relaxing)
 *fill*         0x0010b93a        0x2 00
 .rodata.str1.4
                0x0010b93c        0x2 /opt/altera/13.0sp1/nios2eds/bin/gnu/H-i686-pc-linux-gnu/bin/../lib/gcc/nios2-elf/4.1.2/../../../../nios2-elf/lib/mno-hw-mul/libc.a(lib_a-puts.o)
                                  0x4 (size before relaxing)
 *fill*         0x0010b93e        0x2 00
 .rodata.str1.4
                0x0010b940        0xa ../bsp//libucosii_bsp.a(alt_dev.o)
                                  0xc (size before relaxing)
 *fill*         0x0010b94a        0x2 00
 .rodata.str1.4
                0x0010b94c       0x11 ../bsp//libucosii_bsp.a(alt_main.o)
                                 0x14 (size before relaxing)
 *fill*         0x0010b95d        0x3 00
 .rodata.str1.4
                0x0010b960       0x1e ../bsp//libucosii_bsp.a(os_core.o)
                                 0x20 (size before relaxing)
 .rodata        0x0010b97e      0x100 ../bsp//libucosii_bsp.a(os_core.o)
                0x0010b97e                OSUnMapTbl
 *fill*         0x0010ba7e        0x2 00
 .rodata.str1.4
                0x0010ba80       0x35 ../bsp//libucosii_bsp.a(os_tmr.o)
                                 0x38 (size before relaxing)
 *fill*         0x0010bab5        0x3 00
 .rodata.str1.4
                0x0010bab8       0x10 ../bsp//libucosii_bsp.a(alt_sys_init.o)
                                 0x24 (size before relaxing)
 .rodata.str1.4
                0x00000000        0x4 ../bsp//libucosii_bsp.a(os_cpu_c.o)
 .rodata        0x0010bac8       0x14 /opt/altera/13.0sp1/nios2eds/bin/gnu/H-i686-pc-linux-gnu/bin/../lib/gcc/nios2-elf/4.1.2/mno-hw-mul/libgcc.a(_thenan_df.o)
                0x0010bac8                __thenan_df
 .rodata        0x0010badc      0x100 /opt/altera/13.0sp1/nios2eds/bin/gnu/H-i686-pc-linux-gnu/bin/../lib/gcc/nios2-elf/4.1.2/mno-hw-mul/libgcc.a(_clz.o)
                0x0010badc                __clz_tab
 *(.rodata1)
                0x0010bbdc                . = ALIGN (0x4)
                0x0010bbdc                PROVIDE (__ram_rodata_end, ABSOLUTE (.))
                0x0010b8e4                PROVIDE (__flash_rodata_start, LOADADDR (.rodata))

.rwdata         0x0010bbdc     0x1afc load address 0x0010d6d8
                0x0010bbdc                PROVIDE (__ram_rwdata_start, ABSOLUTE (.))
                0x0010bbdc                . = ALIGN (0x4)
 *(.got.plt)
 *(.got)
 *(.data1)
 *(.data .data.* .gnu.linkonce.d.*)
 .data          0x0010bbdc        0x0 ../bsp//obj/HAL/src/crt0.o
 .data          0x0010bbdc        0x0 obj/default/HandShake.o
 .data          0x0010bbdc      0x400 /opt/altera/13.0sp1/nios2eds/bin/gnu/H-i686-pc-linux-gnu/bin/../lib/gcc/nios2-elf/4.1.2/../../../../nios2-elf/lib/mno-hw-mul/libc.a(lib_a-impure.o)
 .data          0x0010bfdc        0x0 /opt/altera/13.0sp1/nios2eds/bin/gnu/H-i686-pc-linux-gnu/bin/../lib/gcc/nios2-elf/4.1.2/../../../../nios2-elf/lib/mno-hw-mul/libc.a(lib_a-putc.o)
 .data          0x0010bfdc        0x0 /opt/altera/13.0sp1/nios2eds/bin/gnu/H-i686-pc-linux-gnu/bin/../lib/gcc/nios2-elf/4.1.2/../../../../nios2-elf/lib/mno-hw-mul/libc.a(lib_a-puts.o)
 .data          0x0010bfdc        0x0 /opt/altera/13.0sp1/nios2eds/bin/gnu/H-i686-pc-linux-gnu/bin/../lib/gcc/nios2-elf/4.1.2/../../../../nios2-elf/lib/mno-hw-mul/libc.a(lib_a-strlen.o)
 .data          0x0010bfdc        0x0 /opt/altera/13.0sp1/nios2eds/bin/gnu/H-i686-pc-linux-gnu/bin/../lib/gcc/nios2-elf/4.1.2/../../../../nios2-elf/lib/mno-hw-mul/libc.a(lib_a-wbuf.o)
 .data          0x0010bfdc        0x0 /opt/altera/13.0sp1/nios2eds/bin/gnu/H-i686-pc-linux-gnu/bin/../lib/gcc/nios2-elf/4.1.2/../../../../nios2-elf/lib/mno-hw-mul/libc.a(lib_a-wsetup.o)
 .data          0x0010bfdc        0x0 /opt/altera/13.0sp1/nios2eds/bin/gnu/H-i686-pc-linux-gnu/bin/../lib/gcc/nios2-elf/4.1.2/../../../../nios2-elf/lib/mno-hw-mul/libc.a(lib_a-fflush.o)
 .data          0x0010bfdc        0x0 /opt/altera/13.0sp1/nios2eds/bin/gnu/H-i686-pc-linux-gnu/bin/../lib/gcc/nios2-elf/4.1.2/../../../../nios2-elf/lib/mno-hw-mul/libc.a(lib_a-findfp.o)
 .data          0x0010bfdc        0x0 /opt/altera/13.0sp1/nios2eds/bin/gnu/H-i686-pc-linux-gnu/bin/../lib/gcc/nios2-elf/4.1.2/../../../../nios2-elf/lib/mno-hw-mul/libc.a(lib_a-freer.o)
 .data          0x0010bfdc        0x0 /opt/altera/13.0sp1/nios2eds/bin/gnu/H-i686-pc-linux-gnu/bin/../lib/gcc/nios2-elf/4.1.2/../../../../nios2-elf/lib/mno-hw-mul/libc.a(lib_a-fvwrite.o)
 .data          0x0010bfdc        0x0 /opt/altera/13.0sp1/nios2eds/bin/gnu/H-i686-pc-linux-gnu/bin/../lib/gcc/nios2-elf/4.1.2/../../../../nios2-elf/lib/mno-hw-mul/libc.a(lib_a-fwalk.o)
 .data          0x0010bfdc        0x0 /opt/altera/13.0sp1/nios2eds/bin/gnu/H-i686-pc-linux-gnu/bin/../lib/gcc/nios2-elf/4.1.2/../../../../nios2-elf/lib/mno-hw-mul/libc.a(lib_a-makebuf.o)
 .data          0x0010bfdc      0x408 /opt/altera/13.0sp1/nios2eds/bin/gnu/H-i686-pc-linux-gnu/bin/../lib/gcc/nios2-elf/4.1.2/../../../../nios2-elf/lib/mno-hw-mul/libc.a(lib_a-mallocr.o)
                0x0010bfdc                __malloc_av_
 .data          0x0010c3e4        0x0 /opt/altera/13.0sp1/nios2eds/bin/gnu/H-i686-pc-linux-gnu/bin/../lib/gcc/nios2-elf/4.1.2/../../../../nios2-elf/lib/mno-hw-mul/libc.a(lib_a-memchr.o)
 .data          0x0010c3e4        0x0 /opt/altera/13.0sp1/nios2eds/bin/gnu/H-i686-pc-linux-gnu/bin/../lib/gcc/nios2-elf/4.1.2/../../../../nios2-elf/lib/mno-hw-mul/libc.a(lib_a-memcpy.o)
 .data          0x0010c3e4        0x0 /opt/altera/13.0sp1/nios2eds/bin/gnu/H-i686-pc-linux-gnu/bin/../lib/gcc/nios2-elf/4.1.2/../../../../nios2-elf/lib/mno-hw-mul/libc.a(lib_a-memmove.o)
 .data          0x0010c3e4        0x0 /opt/altera/13.0sp1/nios2eds/bin/gnu/H-i686-pc-linux-gnu/bin/../lib/gcc/nios2-elf/4.1.2/../../../../nios2-elf/lib/mno-hw-mul/libc.a(lib_a-memset.o)
 .data          0x0010c3e4        0x0 /opt/altera/13.0sp1/nios2eds/bin/gnu/H-i686-pc-linux-gnu/bin/../lib/gcc/nios2-elf/4.1.2/../../../../nios2-elf/lib/mno-hw-mul/libc.a(lib_a-reallocr.o)
 .data          0x0010c3e4        0x0 /opt/altera/13.0sp1/nios2eds/bin/gnu/H-i686-pc-linux-gnu/bin/../lib/gcc/nios2-elf/4.1.2/../../../../nios2-elf/lib/mno-hw-mul/libc.a(lib_a-sbrkr.o)
 .data          0x0010c3e4        0x0 /opt/altera/13.0sp1/nios2eds/bin/gnu/H-i686-pc-linux-gnu/bin/../lib/gcc/nios2-elf/4.1.2/../../../../nios2-elf/lib/mno-hw-mul/libc.a(lib_a-stdio.o)
 .data          0x0010c3e4        0x0 /opt/altera/13.0sp1/nios2eds/bin/gnu/H-i686-pc-linux-gnu/bin/../lib/gcc/nios2-elf/4.1.2/../../../../nios2-elf/lib/mno-hw-mul/libc.a(lib_a-writer.o)
 .data          0x0010c3e4        0x0 /opt/altera/13.0sp1/nios2eds/bin/gnu/H-i686-pc-linux-gnu/bin/../lib/gcc/nios2-elf/4.1.2/../../../../nios2-elf/lib/mno-hw-mul/libc.a(lib_a-closer.o)
 .data          0x0010c3e4        0x0 /opt/altera/13.0sp1/nios2eds/bin/gnu/H-i686-pc-linux-gnu/bin/../lib/gcc/nios2-elf/4.1.2/../../../../nios2-elf/lib/mno-hw-mul/libc.a(lib_a-fclose.o)
 .data          0x0010c3e4        0x0 /opt/altera/13.0sp1/nios2eds/bin/gnu/H-i686-pc-linux-gnu/bin/../lib/gcc/nios2-elf/4.1.2/../../../../nios2-elf/lib/mno-hw-mul/libc.a(lib_a-fstatr.o)
 .data          0x0010c3e4        0x0 /opt/altera/13.0sp1/nios2eds/bin/gnu/H-i686-pc-linux-gnu/bin/../lib/gcc/nios2-elf/4.1.2/../../../../nios2-elf/lib/mno-hw-mul/libc.a(lib_a-int_errno.o)
 .data          0x0010c3e4        0x0 /opt/altera/13.0sp1/nios2eds/bin/gnu/H-i686-pc-linux-gnu/bin/../lib/gcc/nios2-elf/4.1.2/../../../../nios2-elf/lib/mno-hw-mul/libc.a(lib_a-isattyr.o)
 .data          0x0010c3e4        0x0 /opt/altera/13.0sp1/nios2eds/bin/gnu/H-i686-pc-linux-gnu/bin/../lib/gcc/nios2-elf/4.1.2/../../../../nios2-elf/lib/mno-hw-mul/libc.a(lib_a-lseekr.o)
 .data          0x0010c3e4        0x0 /opt/altera/13.0sp1/nios2eds/bin/gnu/H-i686-pc-linux-gnu/bin/../lib/gcc/nios2-elf/4.1.2/../../../../nios2-elf/lib/mno-hw-mul/libc.a(lib_a-readr.o)
 .data          0x0010c3e4        0x0 /opt/altera/13.0sp1/nios2eds/bin/gnu/H-i686-pc-linux-gnu/bin/../lib/gcc/nios2-elf/4.1.2/mno-hw-mul/libgcc.a(lib2-mul.o)
 .data          0x0010c3e4        0x0 ../bsp//libucosii_bsp.a(alt_close.o)
 .data          0x0010c3e4      0x1a8 ../bsp//libucosii_bsp.a(alt_dev.o)
                0x0010c3e4                alt_dev_null
                0x0010c40c                alt_fd_list
 .data          0x0010c58c        0x0 ../bsp//libucosii_bsp.a(alt_errno.o)
 .data          0x0010c58c        0x0 ../bsp//libucosii_bsp.a(alt_fstat.o)
 .data          0x0010c58c        0x0 ../bsp//libucosii_bsp.a(alt_isatty.o)
 .data          0x0010c58c        0x0 ../bsp//libucosii_bsp.a(alt_load.o)
 .data          0x0010c58c        0x0 ../bsp//libucosii_bsp.a(alt_lseek.o)
 .data          0x0010c58c        0x0 ../bsp//libucosii_bsp.a(alt_main.o)
 .data          0x0010c58c        0x0 ../bsp//libucosii_bsp.a(alt_read.o)
 .data          0x0010c58c        0x0 ../bsp//libucosii_bsp.a(alt_release_fd.o)
 .data          0x0010c58c        0x0 ../bsp//libucosii_bsp.a(alt_sbrk.o)
 .data          0x0010c58c        0x0 ../bsp//libucosii_bsp.a(alt_write.o)
 .data          0x0010c58c        0x0 ../bsp//libucosii_bsp.a(alt_env_lock.o)
 .data          0x0010c58c        0x0 ../bsp//libucosii_bsp.a(alt_malloc_lock.o)
 .data          0x0010c58c        0x0 ../bsp//libucosii_bsp.a(os_core.o)
 .data          0x0010c58c        0x0 ../bsp//libucosii_bsp.a(os_dbg.o)
 .data          0x0010c58c        0x0 ../bsp//libucosii_bsp.a(os_flag.o)
 .data          0x0010c58c        0x0 ../bsp//libucosii_bsp.a(os_mem.o)
 .data          0x0010c58c        0x0 ../bsp//libucosii_bsp.a(os_q.o)
 .data          0x0010c58c        0x0 ../bsp//libucosii_bsp.a(os_sem.o)
 .data          0x0010c58c        0x0 ../bsp//libucosii_bsp.a(os_task.o)
 .data          0x0010c58c        0x0 ../bsp//libucosii_bsp.a(os_time.o)
 .data          0x0010c58c        0x0 ../bsp//libucosii_bsp.a(os_tmr.o)
 .data          0x0010c58c     0x1098 ../bsp//libucosii_bsp.a(alt_sys_init.o)
 .data          0x0010d624        0x0 ../bsp//libucosii_bsp.a(altera_avalon_jtag_uart_fd.o)
 .data          0x0010d624        0x0 ../bsp//libucosii_bsp.a(altera_avalon_jtag_uart_init.o)
 .data          0x0010d624        0x0 ../bsp//libucosii_bsp.a(altera_avalon_jtag_uart_ioctl.o)
 .data          0x0010d624        0x0 ../bsp//libucosii_bsp.a(altera_avalon_jtag_uart_read.o)
 .data          0x0010d624        0x0 ../bsp//libucosii_bsp.a(altera_avalon_jtag_uart_write.o)
 .data          0x0010d624        0x0 ../bsp//libucosii_bsp.a(altera_avalon_timer_sc.o)
 .data          0x0010d624        0x0 ../bsp//libucosii_bsp.a(altera_up_avalon_character_lcd.o)
 .data          0x0010d624        0x0 ../bsp//libucosii_bsp.a(alt_alarm_start.o)
 .data          0x0010d624        0x0 ../bsp//libucosii_bsp.a(alt_dcache_flush_all.o)
 .data          0x0010d624        0x0 ../bsp//libucosii_bsp.a(alt_dev_llist_insert.o)
 .data          0x0010d624        0x0 ../bsp//libucosii_bsp.a(alt_do_ctors.o)
 .data          0x0010d624        0x0 ../bsp//libucosii_bsp.a(alt_do_dtors.o)
 .data          0x0010d624        0x0 ../bsp//libucosii_bsp.a(alt_find_dev.o)
 .data          0x0010d624        0x0 ../bsp//libucosii_bsp.a(alt_icache_flush_all.o)
 .data          0x0010d624        0x0 ../bsp//libucosii_bsp.a(alt_iic.o)
 .data          0x0010d624        0x0 ../bsp//libucosii_bsp.a(alt_iic_isr_register.o)
 .data          0x0010d624        0x0 ../bsp//libucosii_bsp.a(alt_io_redirect.o)
 .data          0x0010d624        0x0 ../bsp//libucosii_bsp.a(alt_irq_entry.o)
 .data          0x0010d624        0x0 ../bsp//libucosii_bsp.a(alt_irq_handler.o)
 .data          0x0010d624        0x0 ../bsp//libucosii_bsp.a(alt_irq_vars.o)
 .data          0x0010d624        0x0 ../bsp//libucosii_bsp.a(alt_open.o)
 .data          0x0010d624        0x0 ../bsp//libucosii_bsp.a(alt_tick.o)
 .data          0x0010d624        0x0 ../bsp//libucosii_bsp.a(altera_nios2_qsys_irq.o)
 .data          0x0010d624        0x0 ../bsp//libucosii_bsp.a(os_cpu_a.o)
 .data          0x0010d624        0x0 ../bsp//libucosii_bsp.a(os_cpu_c.o)
 .data          0x0010d624        0x0 ../bsp//libucosii_bsp.a(alt_exception_entry.o)
 .data          0x0010d624        0x0 ../bsp//libucosii_bsp.a(alt_find_file.o)
 .data          0x0010d624        0x0 ../bsp//libucosii_bsp.a(alt_get_fd.o)
 .data          0x0010d624        0x0 /opt/altera/13.0sp1/nios2eds/bin/gnu/H-i686-pc-linux-gnu/bin/../lib/gcc/nios2-elf/4.1.2/../../../../nios2-elf/lib/mno-hw-mul/libc.a(lib_a-atexit.o)
 .data          0x0010d624        0x0 /opt/altera/13.0sp1/nios2eds/bin/gnu/H-i686-pc-linux-gnu/bin/../lib/gcc/nios2-elf/4.1.2/../../../../nios2-elf/lib/mno-hw-mul/libc.a(lib_a-exit.o)
 .data          0x0010d624        0x0 /opt/altera/13.0sp1/nios2eds/bin/gnu/H-i686-pc-linux-gnu/bin/../lib/gcc/nios2-elf/4.1.2/../../../../nios2-elf/lib/mno-hw-mul/libc.a(lib_a-memcmp.o)
 .data          0x0010d624        0x0 /opt/altera/13.0sp1/nios2eds/bin/gnu/H-i686-pc-linux-gnu/bin/../lib/gcc/nios2-elf/4.1.2/../../../../nios2-elf/lib/mno-hw-mul/libc.a(lib_a-__atexit.o)
 .data          0x0010d624        0x0 /opt/altera/13.0sp1/nios2eds/bin/gnu/H-i686-pc-linux-gnu/bin/../lib/gcc/nios2-elf/4.1.2/../../../../nios2-elf/lib/mno-hw-mul/libc.a(lib_a-__call_atexit.o)
 .data          0x0010d624        0x0 /opt/altera/13.0sp1/nios2eds/bin/gnu/H-i686-pc-linux-gnu/bin/../lib/gcc/nios2-elf/4.1.2/mno-hw-mul/libgcc.a(_fixunsdfsi.o)
 .data          0x0010d624        0x0 /opt/altera/13.0sp1/nios2eds/bin/gnu/H-i686-pc-linux-gnu/bin/../lib/gcc/nios2-elf/4.1.2/mno-hw-mul/libgcc.a(_addsub_df.o)
 .data          0x0010d624        0x0 /opt/altera/13.0sp1/nios2eds/bin/gnu/H-i686-pc-linux-gnu/bin/../lib/gcc/nios2-elf/4.1.2/mno-hw-mul/libgcc.a(_mul_df.o)
 .data          0x0010d624        0x0 /opt/altera/13.0sp1/nios2eds/bin/gnu/H-i686-pc-linux-gnu/bin/../lib/gcc/nios2-elf/4.1.2/mno-hw-mul/libgcc.a(_div_df.o)
 .data          0x0010d624        0x0 /opt/altera/13.0sp1/nios2eds/bin/gnu/H-i686-pc-linux-gnu/bin/../lib/gcc/nios2-elf/4.1.2/mno-hw-mul/libgcc.a(_ge_df.o)
 .data          0x0010d624        0x0 /opt/altera/13.0sp1/nios2eds/bin/gnu/H-i686-pc-linux-gnu/bin/../lib/gcc/nios2-elf/4.1.2/mno-hw-mul/libgcc.a(_si_to_df.o)
 .data          0x0010d624        0x0 /opt/altera/13.0sp1/nios2eds/bin/gnu/H-i686-pc-linux-gnu/bin/../lib/gcc/nios2-elf/4.1.2/mno-hw-mul/libgcc.a(_df_to_si.o)
 .data          0x0010d624        0x0 /opt/altera/13.0sp1/nios2eds/bin/gnu/H-i686-pc-linux-gnu/bin/../lib/gcc/nios2-elf/4.1.2/mno-hw-mul/libgcc.a(_thenan_df.o)
 .data          0x0010d624        0x0 /opt/altera/13.0sp1/nios2eds/bin/gnu/H-i686-pc-linux-gnu/bin/../lib/gcc/nios2-elf/4.1.2/mno-hw-mul/libgcc.a(_usi_to_df.o)
 .data          0x0010d624        0x0 /opt/altera/13.0sp1/nios2eds/bin/gnu/H-i686-pc-linux-gnu/bin/../lib/gcc/nios2-elf/4.1.2/mno-hw-mul/libgcc.a(lib2-divmod.o)
 .data          0x0010d624        0x0 /opt/altera/13.0sp1/nios2eds/bin/gnu/H-i686-pc-linux-gnu/bin/../lib/gcc/nios2-elf/4.1.2/mno-hw-mul/libgcc.a(_muldi3.o)
 .data          0x0010d624        0x0 /opt/altera/13.0sp1/nios2eds/bin/gnu/H-i686-pc-linux-gnu/bin/../lib/gcc/nios2-elf/4.1.2/mno-hw-mul/libgcc.a(_clzsi2.o)
 .data          0x0010d624        0x0 /opt/altera/13.0sp1/nios2eds/bin/gnu/H-i686-pc-linux-gnu/bin/../lib/gcc/nios2-elf/4.1.2/mno-hw-mul/libgcc.a(_pack_df.o)
 .data          0x0010d624        0x0 /opt/altera/13.0sp1/nios2eds/bin/gnu/H-i686-pc-linux-gnu/bin/../lib/gcc/nios2-elf/4.1.2/mno-hw-mul/libgcc.a(_unpack_df.o)
 .data          0x0010d624        0x0 /opt/altera/13.0sp1/nios2eds/bin/gnu/H-i686-pc-linux-gnu/bin/../lib/gcc/nios2-elf/4.1.2/mno-hw-mul/libgcc.a(_fpcmp_parts_df.o)
 .data          0x0010d624        0x0 /opt/altera/13.0sp1/nios2eds/bin/gnu/H-i686-pc-linux-gnu/bin/../lib/gcc/nios2-elf/4.1.2/mno-hw-mul/libgcc.a(_clz.o)
 .data          0x0010d624        0x0 ../bsp//libucosii_bsp.a(alt_exit.o)
                0x00115624                _gp = ABSOLUTE ((. + 0x8000))
                0x00115624                PROVIDE (gp, _gp)
 *(.rwdata .rwdata.*)
 *(.sdata .sdata.* .gnu.linkonce.s.*)
 .sdata         0x0010d624        0x8 /opt/altera/13.0sp1/nios2eds/bin/gnu/H-i686-pc-linux-gnu/bin/../lib/gcc/nios2-elf/4.1.2/../../../../nios2-elf/lib/mno-hw-mul/libc.a(lib_a-impure.o)
                0x0010d624                _impure_ptr
                0x0010d628                _global_impure_ptr
 .sdata         0x0010d62c        0x8 /opt/altera/13.0sp1/nios2eds/bin/gnu/H-i686-pc-linux-gnu/bin/../lib/gcc/nios2-elf/4.1.2/../../../../nios2-elf/lib/mno-hw-mul/libc.a(lib_a-mallocr.o)
                0x0010d62c                __malloc_trim_threshold
                0x0010d630                __malloc_sbrk_base
 .sdata         0x0010d634       0x14 ../bsp//libucosii_bsp.a(alt_dev.o)
                0x0010d634                alt_fs_list
                0x0010d63c                alt_dev_list
                0x0010d644                alt_max_fd
 .sdata         0x0010d648        0x4 ../bsp//libucosii_bsp.a(alt_errno.o)
                0x0010d648                alt_errno
 .sdata         0x0010d64c        0x4 ../bsp//libucosii_bsp.a(alt_sbrk.o)
 .sdata         0x0010d650        0x4 ../bsp//libucosii_bsp.a(alt_env_lock.o)
 .sdata         0x0010d654        0x4 ../bsp//libucosii_bsp.a(alt_malloc_lock.o)
 .sdata         0x0010d658       0x74 ../bsp//libucosii_bsp.a(os_dbg.o)
                0x0010d658                OSDebugEn
                0x0010d65c                OSEndiannessTest
                0x0010d660                OSEventEn
                0x0010d662                OSEventMax
                0x0010d664                OSEventNameSize
                0x0010d666                OSEventSize
                0x0010d668                OSEventTblSize
                0x0010d66a                OSEventMultiEn
                0x0010d66c                OSFlagEn
                0x0010d66e                OSFlagGrpSize
                0x0010d670                OSFlagNodeSize
                0x0010d672                OSFlagWidth
                0x0010d674                OSFlagMax
                0x0010d676                OSFlagNameSize
                0x0010d678                OSLowestPrio
                0x0010d67a                OSMboxEn
                0x0010d67c                OSMemEn
                0x0010d67e                OSMemMax
                0x0010d680                OSMemNameSize
                0x0010d682                OSMemSize
                0x0010d684                OSMemTblSize
                0x0010d686                OSMutexEn
                0x0010d688                OSPtrSize
                0x0010d68a                OSQEn
                0x0010d68c                OSQMax
                0x0010d68e                OSQSize
                0x0010d690                OSRdyTblSize
                0x0010d692                OSSemEn
                0x0010d694                OSStkWidth
                0x0010d696                OSTaskCreateEn
                0x0010d698                OSTaskCreateExtEn
                0x0010d69a                OSTaskDelEn
                0x0010d69c                OSTaskIdleStkSize
                0x0010d69e                OSTaskProfileEn
                0x0010d6a0                OSTaskMax
                0x0010d6a2                OSTaskNameSize
                0x0010d6a4                OSTaskStatEn
                0x0010d6a6                OSTaskStatStkSize
                0x0010d6a8                OSTaskStatStkChkEn
                0x0010d6aa                OSTaskSwHookEn
                0x0010d6ac                OSTCBPrioTblMax
                0x0010d6ae                OSTCBSize
                0x0010d6b0                OSTicksPerSec
                0x0010d6b2                OSTimeTickHookEn
                0x0010d6b4                OSVersionNbr
                0x0010d6b6                OSTmrEn
                0x0010d6b8                OSTmrCfgMax
                0x0010d6ba                OSTmrCfgNameSize
                0x0010d6bc                OSTmrCfgWheelSize
                0x0010d6be                OSTmrCfgTicksPerSec
                0x0010d6c0                OSTmrSize
                0x0010d6c2                OSTmrTblSize
                0x0010d6c4                OSTmrWheelSize
                0x0010d6c6                OSTmrWheelTblSize
                0x0010d6c8                OSDataSize
 .sdata         0x0010d6cc        0x4 ../bsp//libucosii_bsp.a(alt_irq_vars.o)
                0x0010d6cc                alt_priority_mask
 .sdata         0x0010d6d0        0x8 ../bsp//libucosii_bsp.a(alt_tick.o)
                0x0010d6d0                alt_alarm_list
 *(.sdata2 .sdata2.* .gnu.linkonce.s2.*)
                0x0010d6d8                . = ALIGN (0x4)
                0x0010d6d8                _edata = ABSOLUTE (.)
                0x0010d6d8                PROVIDE (edata, ABSOLUTE (.))
                0x0010d6d8                PROVIDE (__ram_rwdata_end, ABSOLUTE (.))
                0x0010d6d8                PROVIDE (__flash_rwdata_start, LOADADDR (.rwdata))

.bss            0x0010f1d4     0xa0dc
                0x0010f1d4                __bss_start = ABSOLUTE (.)
                0x0010f1d4                PROVIDE (__sbss_start, ABSOLUTE (.))
                0x0010f1d4                PROVIDE (___sbss_start, ABSOLUTE (.))
 *(.dynsbss)
 *(.sbss .sbss.* .gnu.linkonce.sb.*)
 .sbss          0x0010f1d4        0x8 obj/default/HandShake.o
                0x0010f1d4                DispSem1
                0x0010f1d8                DispSem2
 .sbss          0x0010f1dc        0xc /opt/altera/13.0sp1/nios2eds/bin/gnu/H-i686-pc-linux-gnu/bin/../lib/gcc/nios2-elf/4.1.2/../../../../nios2-elf/lib/mno-hw-mul/libc.a(lib_a-mallocr.o)
                0x0010f1dc                __malloc_top_pad
                0x0010f1e0                __malloc_max_sbrked_mem
                0x0010f1e4                __malloc_max_total_mem
 .sbss          0x0010f1e8        0x4 /opt/altera/13.0sp1/nios2eds/bin/gnu/H-i686-pc-linux-gnu/bin/../lib/gcc/nios2-elf/4.1.2/../../../../nios2-elf/lib/mno-hw-mul/libc.a(lib_a-int_errno.o)
                0x0010f1e8                errno
 .sbss          0x0010f1ec        0x4 ../bsp//libucosii_bsp.a(alt_dev.o)
                0x0010f1ec                alt_fd_list_lock
 .sbss          0x0010f1f0        0xc ../bsp//libucosii_bsp.a(alt_main.o)
                0x0010f1f0                alt_argc
                0x0010f1f4                alt_argv
                0x0010f1f8                alt_envp
 .sbss          0x0010f1fc        0x8 ../bsp//libucosii_bsp.a(alt_env_lock.o)
                0x0010f200                alt_envsem
 .sbss          0x0010f204        0x8 ../bsp//libucosii_bsp.a(alt_malloc_lock.o)
                0x0010f208                alt_heapsem
 .sbss          0x0010f20c       0x68 ../bsp//libucosii_bsp.a(os_core.o)
                0x0010f20c                OSTmrFreeList
                0x0010f210                OSLockNesting
                0x0010f214                OSTmrSemSignal
                0x0010f218                OSRunning
                0x0010f21c                OSIdleCtr
                0x0010f220                OSTmrUsed
                0x0010f222                OSPrioHighRdy
                0x0010f223                OSPrioCur
                0x0010f224                OSTCBList
                0x0010f228                OSTickStepState
                0x0010f22c                OSCtxSwCtr
                0x0010f230                OSTmrFree
                0x0010f234                OSIdleCtrMax
                0x0010f238                OSTCBFreeList
                0x0010f23c                OSCPUUsage
                0x0010f23d                OSTaskCtr
                0x0010f240                OSMemFreeList
                0x0010f244                OSTCBHighRdy
                0x0010f248                OSQFreeList
                0x0010f24c                OSRdyGrp
                0x0010f24d                OSRdyTbl
                0x0010f250                OSEventFreeList
                0x0010f254                OSIntNesting
                0x0010f258                OSTCBCur
                0x0010f25c                OSTmrTime
                0x0010f260                OSTime
                0x0010f264                OSTmrSem
                0x0010f268                OSFlagFreeList
                0x0010f26c                OSStatRdy
                0x0010f270                OSIdleCtrRun
 .sbss          0x0010f274        0x4 ../bsp//libucosii_bsp.a(alt_irq_vars.o)
                0x0010f274                alt_irq_active
 .sbss          0x0010f278        0x8 ../bsp//libucosii_bsp.a(alt_tick.o)
                0x0010f278                _alt_tick_rate
                0x0010f27c                _alt_nticks
 .sbss          0x0010f280        0x2 ../bsp//libucosii_bsp.a(os_cpu_c.o)
 *(.sbss2 .sbss2.* .gnu.linkonce.sb2.*)
 *(.scommon)
                0x0010f282                PROVIDE (__sbss_end, ABSOLUTE (.))
                0x0010f282                PROVIDE (___sbss_end, ABSOLUTE (.))
 *(.dynbss)
 *(.bss .bss.* .gnu.linkonce.b.*)
 .bss           0x0010f282        0x0 ../bsp//obj/HAL/src/crt0.o
 .bss           0x0010f282        0x0 obj/default/HandShake.o
 .bss           0x0010f282        0x0 /opt/altera/13.0sp1/nios2eds/bin/gnu/H-i686-pc-linux-gnu/bin/../lib/gcc/nios2-elf/4.1.2/../../../../nios2-elf/lib/mno-hw-mul/libc.a(lib_a-impure.o)
 .bss           0x0010f282        0x0 /opt/altera/13.0sp1/nios2eds/bin/gnu/H-i686-pc-linux-gnu/bin/../lib/gcc/nios2-elf/4.1.2/../../../../nios2-elf/lib/mno-hw-mul/libc.a(lib_a-putc.o)
 .bss           0x0010f282        0x0 /opt/altera/13.0sp1/nios2eds/bin/gnu/H-i686-pc-linux-gnu/bin/../lib/gcc/nios2-elf/4.1.2/../../../../nios2-elf/lib/mno-hw-mul/libc.a(lib_a-puts.o)
 .bss           0x0010f282        0x0 /opt/altera/13.0sp1/nios2eds/bin/gnu/H-i686-pc-linux-gnu/bin/../lib/gcc/nios2-elf/4.1.2/../../../../nios2-elf/lib/mno-hw-mul/libc.a(lib_a-strlen.o)
 .bss           0x0010f282        0x0 /opt/altera/13.0sp1/nios2eds/bin/gnu/H-i686-pc-linux-gnu/bin/../lib/gcc/nios2-elf/4.1.2/../../../../nios2-elf/lib/mno-hw-mul/libc.a(lib_a-wbuf.o)
 .bss           0x0010f282        0x0 /opt/altera/13.0sp1/nios2eds/bin/gnu/H-i686-pc-linux-gnu/bin/../lib/gcc/nios2-elf/4.1.2/../../../../nios2-elf/lib/mno-hw-mul/libc.a(lib_a-wsetup.o)
 .bss           0x0010f282        0x0 /opt/altera/13.0sp1/nios2eds/bin/gnu/H-i686-pc-linux-gnu/bin/../lib/gcc/nios2-elf/4.1.2/../../../../nios2-elf/lib/mno-hw-mul/libc.a(lib_a-fflush.o)
 .bss           0x0010f282        0x0 /opt/altera/13.0sp1/nios2eds/bin/gnu/H-i686-pc-linux-gnu/bin/../lib/gcc/nios2-elf/4.1.2/../../../../nios2-elf/lib/mno-hw-mul/libc.a(lib_a-findfp.o)
 .bss           0x0010f282        0x0 /opt/altera/13.0sp1/nios2eds/bin/gnu/H-i686-pc-linux-gnu/bin/../lib/gcc/nios2-elf/4.1.2/../../../../nios2-elf/lib/mno-hw-mul/libc.a(lib_a-freer.o)
 .bss           0x0010f282        0x0 /opt/altera/13.0sp1/nios2eds/bin/gnu/H-i686-pc-linux-gnu/bin/../lib/gcc/nios2-elf/4.1.2/../../../../nios2-elf/lib/mno-hw-mul/libc.a(lib_a-fvwrite.o)
 .bss           0x0010f282        0x0 /opt/altera/13.0sp1/nios2eds/bin/gnu/H-i686-pc-linux-gnu/bin/../lib/gcc/nios2-elf/4.1.2/../../../../nios2-elf/lib/mno-hw-mul/libc.a(lib_a-fwalk.o)
 .bss           0x0010f282        0x0 /opt/altera/13.0sp1/nios2eds/bin/gnu/H-i686-pc-linux-gnu/bin/../lib/gcc/nios2-elf/4.1.2/../../../../nios2-elf/lib/mno-hw-mul/libc.a(lib_a-makebuf.o)
 *fill*         0x0010f282        0x2 00
 .bss           0x0010f284       0x28 /opt/altera/13.0sp1/nios2eds/bin/gnu/H-i686-pc-linux-gnu/bin/../lib/gcc/nios2-elf/4.1.2/../../../../nios2-elf/lib/mno-hw-mul/libc.a(lib_a-mallocr.o)
                0x0010f284                __malloc_current_mallinfo
 .bss           0x0010f2ac        0x0 /opt/altera/13.0sp1/nios2eds/bin/gnu/H-i686-pc-linux-gnu/bin/../lib/gcc/nios2-elf/4.1.2/../../../../nios2-elf/lib/mno-hw-mul/libc.a(lib_a-memchr.o)
 .bss           0x0010f2ac        0x0 /opt/altera/13.0sp1/nios2eds/bin/gnu/H-i686-pc-linux-gnu/bin/../lib/gcc/nios2-elf/4.1.2/../../../../nios2-elf/lib/mno-hw-mul/libc.a(lib_a-memcpy.o)
 .bss           0x0010f2ac        0x0 /opt/altera/13.0sp1/nios2eds/bin/gnu/H-i686-pc-linux-gnu/bin/../lib/gcc/nios2-elf/4.1.2/../../../../nios2-elf/lib/mno-hw-mul/libc.a(lib_a-memmove.o)
 .bss           0x0010f2ac        0x0 /opt/altera/13.0sp1/nios2eds/bin/gnu/H-i686-pc-linux-gnu/bin/../lib/gcc/nios2-elf/4.1.2/../../../../nios2-elf/lib/mno-hw-mul/libc.a(lib_a-memset.o)
 .bss           0x0010f2ac        0x0 /opt/altera/13.0sp1/nios2eds/bin/gnu/H-i686-pc-linux-gnu/bin/../lib/gcc/nios2-elf/4.1.2/../../../../nios2-elf/lib/mno-hw-mul/libc.a(lib_a-reallocr.o)
 .bss           0x0010f2ac        0x0 /opt/altera/13.0sp1/nios2eds/bin/gnu/H-i686-pc-linux-gnu/bin/../lib/gcc/nios2-elf/4.1.2/../../../../nios2-elf/lib/mno-hw-mul/libc.a(lib_a-sbrkr.o)
 .bss           0x0010f2ac        0x0 /opt/altera/13.0sp1/nios2eds/bin/gnu/H-i686-pc-linux-gnu/bin/../lib/gcc/nios2-elf/4.1.2/../../../../nios2-elf/lib/mno-hw-mul/libc.a(lib_a-stdio.o)
 .bss           0x0010f2ac        0x0 /opt/altera/13.0sp1/nios2eds/bin/gnu/H-i686-pc-linux-gnu/bin/../lib/gcc/nios2-elf/4.1.2/../../../../nios2-elf/lib/mno-hw-mul/libc.a(lib_a-writer.o)
 .bss           0x0010f2ac        0x0 /opt/altera/13.0sp1/nios2eds/bin/gnu/H-i686-pc-linux-gnu/bin/../lib/gcc/nios2-elf/4.1.2/../../../../nios2-elf/lib/mno-hw-mul/libc.a(lib_a-closer.o)
 .bss           0x0010f2ac        0x0 /opt/altera/13.0sp1/nios2eds/bin/gnu/H-i686-pc-linux-gnu/bin/../lib/gcc/nios2-elf/4.1.2/../../../../nios2-elf/lib/mno-hw-mul/libc.a(lib_a-fclose.o)
 .bss           0x0010f2ac        0x0 /opt/altera/13.0sp1/nios2eds/bin/gnu/H-i686-pc-linux-gnu/bin/../lib/gcc/nios2-elf/4.1.2/../../../../nios2-elf/lib/mno-hw-mul/libc.a(lib_a-fstatr.o)
 .bss           0x0010f2ac        0x0 /opt/altera/13.0sp1/nios2eds/bin/gnu/H-i686-pc-linux-gnu/bin/../lib/gcc/nios2-elf/4.1.2/../../../../nios2-elf/lib/mno-hw-mul/libc.a(lib_a-int_errno.o)
 .bss           0x0010f2ac        0x0 /opt/altera/13.0sp1/nios2eds/bin/gnu/H-i686-pc-linux-gnu/bin/../lib/gcc/nios2-elf/4.1.2/../../../../nios2-elf/lib/mno-hw-mul/libc.a(lib_a-isattyr.o)
 .bss           0x0010f2ac        0x0 /opt/altera/13.0sp1/nios2eds/bin/gnu/H-i686-pc-linux-gnu/bin/../lib/gcc/nios2-elf/4.1.2/../../../../nios2-elf/lib/mno-hw-mul/libc.a(lib_a-lseekr.o)
 .bss           0x0010f2ac        0x0 /opt/altera/13.0sp1/nios2eds/bin/gnu/H-i686-pc-linux-gnu/bin/../lib/gcc/nios2-elf/4.1.2/../../../../nios2-elf/lib/mno-hw-mul/libc.a(lib_a-readr.o)
 .bss           0x0010f2ac        0x0 /opt/altera/13.0sp1/nios2eds/bin/gnu/H-i686-pc-linux-gnu/bin/../lib/gcc/nios2-elf/4.1.2/mno-hw-mul/libgcc.a(lib2-mul.o)
 .bss           0x0010f2ac        0x0 ../bsp//libucosii_bsp.a(alt_close.o)
 .bss           0x0010f2ac        0x0 ../bsp//libucosii_bsp.a(alt_dev.o)
 .bss           0x0010f2ac        0x0 ../bsp//libucosii_bsp.a(alt_errno.o)
 .bss           0x0010f2ac        0x0 ../bsp//libucosii_bsp.a(alt_fstat.o)
 .bss           0x0010f2ac        0x0 ../bsp//libucosii_bsp.a(alt_isatty.o)
 .bss           0x0010f2ac        0x0 ../bsp//libucosii_bsp.a(alt_load.o)
 .bss           0x0010f2ac        0x0 ../bsp//libucosii_bsp.a(alt_lseek.o)
 .bss           0x0010f2ac        0x0 ../bsp//libucosii_bsp.a(alt_main.o)
 .bss           0x0010f2ac        0x0 ../bsp//libucosii_bsp.a(alt_read.o)
 .bss           0x0010f2ac        0x0 ../bsp//libucosii_bsp.a(alt_release_fd.o)
 .bss           0x0010f2ac        0x0 ../bsp//libucosii_bsp.a(alt_sbrk.o)
 .bss           0x0010f2ac        0x0 ../bsp//libucosii_bsp.a(alt_write.o)
 .bss           0x0010f2ac        0x0 ../bsp//libucosii_bsp.a(alt_env_lock.o)
 .bss           0x0010f2ac        0x0 ../bsp//libucosii_bsp.a(alt_malloc_lock.o)
 .bss           0x0010f2ac        0x0 ../bsp//libucosii_bsp.a(os_core.o)
 .bss           0x0010f2ac        0x0 ../bsp//libucosii_bsp.a(os_dbg.o)
 .bss           0x0010f2ac        0x0 ../bsp//libucosii_bsp.a(os_flag.o)
 .bss           0x0010f2ac        0x0 ../bsp//libucosii_bsp.a(os_mem.o)
 .bss           0x0010f2ac        0x0 ../bsp//libucosii_bsp.a(os_q.o)
 .bss           0x0010f2ac        0x0 ../bsp//libucosii_bsp.a(os_sem.o)
 .bss           0x0010f2ac        0x0 ../bsp//libucosii_bsp.a(os_task.o)
 .bss           0x0010f2ac        0x0 ../bsp//libucosii_bsp.a(os_time.o)
 .bss           0x0010f2ac        0x0 ../bsp//libucosii_bsp.a(os_tmr.o)
 .bss           0x0010f2ac        0x0 ../bsp//libucosii_bsp.a(alt_sys_init.o)
 .bss           0x0010f2ac        0x0 ../bsp//libucosii_bsp.a(altera_avalon_jtag_uart_fd.o)
 .bss           0x0010f2ac        0x0 ../bsp//libucosii_bsp.a(altera_avalon_jtag_uart_init.o)
 .bss           0x0010f2ac        0x0 ../bsp//libucosii_bsp.a(altera_avalon_jtag_uart_ioctl.o)
 .bss           0x0010f2ac        0x0 ../bsp//libucosii_bsp.a(altera_avalon_jtag_uart_read.o)
 .bss           0x0010f2ac        0x0 ../bsp//libucosii_bsp.a(altera_avalon_jtag_uart_write.o)
 .bss           0x0010f2ac        0x0 ../bsp//libucosii_bsp.a(altera_avalon_timer_sc.o)
 .bss           0x0010f2ac        0x0 ../bsp//libucosii_bsp.a(altera_up_avalon_character_lcd.o)
 .bss           0x0010f2ac        0x0 ../bsp//libucosii_bsp.a(alt_alarm_start.o)
 .bss           0x0010f2ac        0x0 ../bsp//libucosii_bsp.a(alt_dcache_flush_all.o)
 .bss           0x0010f2ac        0x0 ../bsp//libucosii_bsp.a(alt_dev_llist_insert.o)
 .bss           0x0010f2ac        0x0 ../bsp//libucosii_bsp.a(alt_do_ctors.o)
 .bss           0x0010f2ac        0x0 ../bsp//libucosii_bsp.a(alt_do_dtors.o)
 .bss           0x0010f2ac        0x0 ../bsp//libucosii_bsp.a(alt_find_dev.o)
 .bss           0x0010f2ac        0x0 ../bsp//libucosii_bsp.a(alt_icache_flush_all.o)
 .bss           0x0010f2ac        0x0 ../bsp//libucosii_bsp.a(alt_iic.o)
 .bss           0x0010f2ac        0x0 ../bsp//libucosii_bsp.a(alt_iic_isr_register.o)
 .bss           0x0010f2ac        0x0 ../bsp//libucosii_bsp.a(alt_io_redirect.o)
 .bss           0x0010f2ac        0x0 ../bsp//libucosii_bsp.a(alt_irq_entry.o)
 .bss           0x0010f2ac        0x0 ../bsp//libucosii_bsp.a(alt_irq_handler.o)
 .bss           0x0010f2ac        0x0 ../bsp//libucosii_bsp.a(alt_irq_vars.o)
 .bss           0x0010f2ac        0x0 ../bsp//libucosii_bsp.a(alt_open.o)
 .bss           0x0010f2ac        0x0 ../bsp//libucosii_bsp.a(alt_tick.o)
 .bss           0x0010f2ac        0x0 ../bsp//libucosii_bsp.a(altera_nios2_qsys_irq.o)
 .bss           0x0010f2ac        0x0 ../bsp//libucosii_bsp.a(os_cpu_a.o)
 .bss           0x0010f2ac        0x0 ../bsp//libucosii_bsp.a(os_cpu_c.o)
 .bss           0x0010f2ac        0x0 ../bsp//libucosii_bsp.a(alt_exception_entry.o)
 .bss           0x0010f2ac        0x0 ../bsp//libucosii_bsp.a(alt_find_file.o)
 .bss           0x0010f2ac        0x0 ../bsp//libucosii_bsp.a(alt_get_fd.o)
 .bss           0x0010f2ac        0x0 /opt/altera/13.0sp1/nios2eds/bin/gnu/H-i686-pc-linux-gnu/bin/../lib/gcc/nios2-elf/4.1.2/../../../../nios2-elf/lib/mno-hw-mul/libc.a(lib_a-atexit.o)
 .bss           0x0010f2ac        0x0 /opt/altera/13.0sp1/nios2eds/bin/gnu/H-i686-pc-linux-gnu/bin/../lib/gcc/nios2-elf/4.1.2/../../../../nios2-elf/lib/mno-hw-mul/libc.a(lib_a-exit.o)
 .bss           0x0010f2ac        0x0 /opt/altera/13.0sp1/nios2eds/bin/gnu/H-i686-pc-linux-gnu/bin/../lib/gcc/nios2-elf/4.1.2/../../../../nios2-elf/lib/mno-hw-mul/libc.a(lib_a-memcmp.o)
 .bss           0x0010f2ac        0x0 /opt/altera/13.0sp1/nios2eds/bin/gnu/H-i686-pc-linux-gnu/bin/../lib/gcc/nios2-elf/4.1.2/../../../../nios2-elf/lib/mno-hw-mul/libc.a(lib_a-__atexit.o)
 .bss           0x0010f2ac        0x0 /opt/altera/13.0sp1/nios2eds/bin/gnu/H-i686-pc-linux-gnu/bin/../lib/gcc/nios2-elf/4.1.2/../../../../nios2-elf/lib/mno-hw-mul/libc.a(lib_a-__call_atexit.o)
 .bss           0x0010f2ac        0x0 /opt/altera/13.0sp1/nios2eds/bin/gnu/H-i686-pc-linux-gnu/bin/../lib/gcc/nios2-elf/4.1.2/mno-hw-mul/libgcc.a(_fixunsdfsi.o)
 .bss           0x0010f2ac        0x0 /opt/altera/13.0sp1/nios2eds/bin/gnu/H-i686-pc-linux-gnu/bin/../lib/gcc/nios2-elf/4.1.2/mno-hw-mul/libgcc.a(_addsub_df.o)
 .bss           0x0010f2ac        0x0 /opt/altera/13.0sp1/nios2eds/bin/gnu/H-i686-pc-linux-gnu/bin/../lib/gcc/nios2-elf/4.1.2/mno-hw-mul/libgcc.a(_mul_df.o)
 .bss           0x0010f2ac        0x0 /opt/altera/13.0sp1/nios2eds/bin/gnu/H-i686-pc-linux-gnu/bin/../lib/gcc/nios2-elf/4.1.2/mno-hw-mul/libgcc.a(_div_df.o)
 .bss           0x0010f2ac        0x0 /opt/altera/13.0sp1/nios2eds/bin/gnu/H-i686-pc-linux-gnu/bin/../lib/gcc/nios2-elf/4.1.2/mno-hw-mul/libgcc.a(_ge_df.o)
 .bss           0x0010f2ac        0x0 /opt/altera/13.0sp1/nios2eds/bin/gnu/H-i686-pc-linux-gnu/bin/../lib/gcc/nios2-elf/4.1.2/mno-hw-mul/libgcc.a(_si_to_df.o)
 .bss           0x0010f2ac        0x0 /opt/altera/13.0sp1/nios2eds/bin/gnu/H-i686-pc-linux-gnu/bin/../lib/gcc/nios2-elf/4.1.2/mno-hw-mul/libgcc.a(_df_to_si.o)
 .bss           0x0010f2ac        0x0 /opt/altera/13.0sp1/nios2eds/bin/gnu/H-i686-pc-linux-gnu/bin/../lib/gcc/nios2-elf/4.1.2/mno-hw-mul/libgcc.a(_thenan_df.o)
 .bss           0x0010f2ac        0x0 /opt/altera/13.0sp1/nios2eds/bin/gnu/H-i686-pc-linux-gnu/bin/../lib/gcc/nios2-elf/4.1.2/mno-hw-mul/libgcc.a(_usi_to_df.o)
 .bss           0x0010f2ac        0x0 /opt/altera/13.0sp1/nios2eds/bin/gnu/H-i686-pc-linux-gnu/bin/../lib/gcc/nios2-elf/4.1.2/mno-hw-mul/libgcc.a(lib2-divmod.o)
 .bss           0x0010f2ac        0x0 /opt/altera/13.0sp1/nios2eds/bin/gnu/H-i686-pc-linux-gnu/bin/../lib/gcc/nios2-elf/4.1.2/mno-hw-mul/libgcc.a(_muldi3.o)
 .bss           0x0010f2ac        0x0 /opt/altera/13.0sp1/nios2eds/bin/gnu/H-i686-pc-linux-gnu/bin/../lib/gcc/nios2-elf/4.1.2/mno-hw-mul/libgcc.a(_clzsi2.o)
 .bss           0x0010f2ac        0x0 /opt/altera/13.0sp1/nios2eds/bin/gnu/H-i686-pc-linux-gnu/bin/../lib/gcc/nios2-elf/4.1.2/mno-hw-mul/libgcc.a(_pack_df.o)
 .bss           0x0010f2ac        0x0 /opt/altera/13.0sp1/nios2eds/bin/gnu/H-i686-pc-linux-gnu/bin/../lib/gcc/nios2-elf/4.1.2/mno-hw-mul/libgcc.a(_unpack_df.o)
 .bss           0x0010f2ac        0x0 /opt/altera/13.0sp1/nios2eds/bin/gnu/H-i686-pc-linux-gnu/bin/../lib/gcc/nios2-elf/4.1.2/mno-hw-mul/libgcc.a(_fpcmp_parts_df.o)
 .bss           0x0010f2ac        0x0 /opt/altera/13.0sp1/nios2eds/bin/gnu/H-i686-pc-linux-gnu/bin/../lib/gcc/nios2-elf/4.1.2/mno-hw-mul/libgcc.a(_clz.o)
 .bss           0x0010f2ac        0x0 ../bsp//libucosii_bsp.a(alt_exit.o)
 *(COMMON)
 COMMON         0x0010f2ac     0x6000 obj/default/HandShake.o
                0x0010f2ac                task1_stk
                0x001112ac                stat_stk
                0x001132ac                task2_stk
 COMMON         0x001152ac     0x3d74 ../bsp//libucosii_bsp.a(os_core.o)
                0x001152ac                OSTmrWheelTbl
                0x001152bc                OSFlagTbl
                0x0011562c                OSTmrTbl
                0x0011596c                OSMemTbl
                0x0011659c                OSTaskStatStk
                0x00116d9c                OSQTbl
                0x00116f7c                OSTmrTaskStk
                0x0011777c                OSTaskIdleStk
                0x00117f7c                OSEventTbl
                0x00118abc                OSTCBTbl
                0x00118fcc                OSTCBPrioTbl
 COMMON         0x00119020      0x100 ../bsp//libucosii_bsp.a(alt_irq_handler.o)
                0x00119020                alt_irq
 COMMON         0x00119120      0x190 /opt/altera/13.0sp1/nios2eds/bin/gnu/H-i686-pc-linux-gnu/bin/../lib/gcc/nios2-elf/4.1.2/../../../../nios2-elf/lib/mno-hw-mul/libc.a(lib_a-atexit.o)
                0x00119120                _atexit0
                0x001192b0                . = ALIGN (0x4)
                0x001192b0                __bss_end = ABSOLUTE (.)

.onchip_memory  0x00000000        0x0 load address 0x001192b0
                0x00000000                PROVIDE (_alt_partition_onchip_memory_start, ABSOLUTE (.))
 *(.onchip_memory. onchip_memory.*)
                0x00000000                . = ALIGN (0x4)
                0x00000000                PROVIDE (_alt_partition_onchip_memory_end, ABSOLUTE (.))
                0x001192b0                PROVIDE (_alt_partition_onchip_memory_load_addr, LOADADDR (.onchip_memory))

.sram           0x001192b0        0x0
                0x001192b0                PROVIDE (_alt_partition_sram_start, ABSOLUTE (.))
 *(.sram. sram.*)
                0x001192b0                . = ALIGN (0x4)
                0x001192b0                PROVIDE (_alt_partition_sram_end, ABSOLUTE (.))
                0x001192b0                _end = ABSOLUTE (.)
                0x001192b0                end = ABSOLUTE (.)
                0x001192b0                __alt_stack_base = ABSOLUTE (.)
                0x001192b0                PROVIDE (_alt_partition_sram_load_addr, LOADADDR (.sram))

.sdram          0x01000144        0x0 load address 0x001192b0
                0x01000144                PROVIDE (_alt_partition_sdram_start, ABSOLUTE (.))
 *(.sdram. sdram.*)
                0x01000144                . = ALIGN (0x4)
                0x01000144                PROVIDE (_alt_partition_sdram_end, ABSOLUTE (.))
                0x001192b0                PROVIDE (_alt_partition_sdram_load_addr, LOADADDR (.sdram))

.stab
 *(.stab)

.stabstr
 *(.stabstr)

.stab.excl
 *(.stab.excl)

.stab.exclstr
 *(.stab.exclstr)

.stab.index
 *(.stab.index)

.stab.indexstr
 *(.stab.indexstr)

.comment        0x00000000       0x26
 *(.comment)
 .comment       0x00000000       0x26 obj/default/HandShake.o
                                 0x27 (size before relaxing)
 .comment       0x00000000       0x27 /opt/altera/13.0sp1/nios2eds/bin/gnu/H-i686-pc-linux-gnu/bin/../lib/gcc/nios2-elf/4.1.2/../../../../nios2-elf/lib/mno-hw-mul/libc.a(lib_a-impure.o)
 .comment       0x00000000       0x27 /opt/altera/13.0sp1/nios2eds/bin/gnu/H-i686-pc-linux-gnu/bin/../lib/gcc/nios2-elf/4.1.2/../../../../nios2-elf/lib/mno-hw-mul/libc.a(lib_a-putc.o)
 .comment       0x00000000       0x27 /opt/altera/13.0sp1/nios2eds/bin/gnu/H-i686-pc-linux-gnu/bin/../lib/gcc/nios2-elf/4.1.2/../../../../nios2-elf/lib/mno-hw-mul/libc.a(lib_a-puts.o)
 .comment       0x00000000       0x27 /opt/altera/13.0sp1/nios2eds/bin/gnu/H-i686-pc-linux-gnu/bin/../lib/gcc/nios2-elf/4.1.2/../../../../nios2-elf/lib/mno-hw-mul/libc.a(lib_a-strlen.o)
 .comment       0x00000000       0x27 /opt/altera/13.0sp1/nios2eds/bin/gnu/H-i686-pc-linux-gnu/bin/../lib/gcc/nios2-elf/4.1.2/../../../../nios2-elf/lib/mno-hw-mul/libc.a(lib_a-wbuf.o)
 .comment       0x00000000       0x27 /opt/altera/13.0sp1/nios2eds/bin/gnu/H-i686-pc-linux-gnu/bin/../lib/gcc/nios2-elf/4.1.2/../../../../nios2-elf/lib/mno-hw-mul/libc.a(lib_a-wsetup.o)
 .comment       0x00000000       0x27 /opt/altera/13.0sp1/nios2eds/bin/gnu/H-i686-pc-linux-gnu/bin/../lib/gcc/nios2-elf/4.1.2/../../../../nios2-elf/lib/mno-hw-mul/libc.a(lib_a-fflush.o)
 .comment       0x00000000       0x27 /opt/altera/13.0sp1/nios2eds/bin/gnu/H-i686-pc-linux-gnu/bin/../lib/gcc/nios2-elf/4.1.2/../../../../nios2-elf/lib/mno-hw-mul/libc.a(lib_a-findfp.o)
 .comment       0x00000000       0x27 /opt/altera/13.0sp1/nios2eds/bin/gnu/H-i686-pc-linux-gnu/bin/../lib/gcc/nios2-elf/4.1.2/../../../../nios2-elf/lib/mno-hw-mul/libc.a(lib_a-freer.o)
 .comment       0x00000000       0x27 /opt/altera/13.0sp1/nios2eds/bin/gnu/H-i686-pc-linux-gnu/bin/../lib/gcc/nios2-elf/4.1.2/../../../../nios2-elf/lib/mno-hw-mul/libc.a(lib_a-fvwrite.o)
 .comment       0x00000000       0x27 /opt/altera/13.0sp1/nios2eds/bin/gnu/H-i686-pc-linux-gnu/bin/../lib/gcc/nios2-elf/4.1.2/../../../../nios2-elf/lib/mno-hw-mul/libc.a(lib_a-fwalk.o)
 .comment       0x00000000       0x27 /opt/altera/13.0sp1/nios2eds/bin/gnu/H-i686-pc-linux-gnu/bin/../lib/gcc/nios2-elf/4.1.2/../../../../nios2-elf/lib/mno-hw-mul/libc.a(lib_a-makebuf.o)
 .comment       0x00000000       0x27 /opt/altera/13.0sp1/nios2eds/bin/gnu/H-i686-pc-linux-gnu/bin/../lib/gcc/nios2-elf/4.1.2/../../../../nios2-elf/lib/mno-hw-mul/libc.a(lib_a-mallocr.o)
 .comment       0x00000000       0x27 /opt/altera/13.0sp1/nios2eds/bin/gnu/H-i686-pc-linux-gnu/bin/../lib/gcc/nios2-elf/4.1.2/../../../../nios2-elf/lib/mno-hw-mul/libc.a(lib_a-memchr.o)
 .comment       0x00000000       0x27 /opt/altera/13.0sp1/nios2eds/bin/gnu/H-i686-pc-linux-gnu/bin/../lib/gcc/nios2-elf/4.1.2/../../../../nios2-elf/lib/mno-hw-mul/libc.a(lib_a-memcpy.o)
 .comment       0x00000000       0x27 /opt/altera/13.0sp1/nios2eds/bin/gnu/H-i686-pc-linux-gnu/bin/../lib/gcc/nios2-elf/4.1.2/../../../../nios2-elf/lib/mno-hw-mul/libc.a(lib_a-memmove.o)
 .comment       0x00000000       0x27 /opt/altera/13.0sp1/nios2eds/bin/gnu/H-i686-pc-linux-gnu/bin/../lib/gcc/nios2-elf/4.1.2/../../../../nios2-elf/lib/mno-hw-mul/libc.a(lib_a-memset.o)
 .comment       0x00000000       0x27 /opt/altera/13.0sp1/nios2eds/bin/gnu/H-i686-pc-linux-gnu/bin/../lib/gcc/nios2-elf/4.1.2/../../../../nios2-elf/lib/mno-hw-mul/libc.a(lib_a-reallocr.o)
 .comment       0x00000000       0x27 /opt/altera/13.0sp1/nios2eds/bin/gnu/H-i686-pc-linux-gnu/bin/../lib/gcc/nios2-elf/4.1.2/../../../../nios2-elf/lib/mno-hw-mul/libc.a(lib_a-sbrkr.o)
 .comment       0x00000000       0x27 /opt/altera/13.0sp1/nios2eds/bin/gnu/H-i686-pc-linux-gnu/bin/../lib/gcc/nios2-elf/4.1.2/../../../../nios2-elf/lib/mno-hw-mul/libc.a(lib_a-stdio.o)
 .comment       0x00000000       0x27 /opt/altera/13.0sp1/nios2eds/bin/gnu/H-i686-pc-linux-gnu/bin/../lib/gcc/nios2-elf/4.1.2/../../../../nios2-elf/lib/mno-hw-mul/libc.a(lib_a-writer.o)
 .comment       0x00000000       0x27 /opt/altera/13.0sp1/nios2eds/bin/gnu/H-i686-pc-linux-gnu/bin/../lib/gcc/nios2-elf/4.1.2/../../../../nios2-elf/lib/mno-hw-mul/libc.a(lib_a-closer.o)
 .comment       0x00000000       0x27 /opt/altera/13.0sp1/nios2eds/bin/gnu/H-i686-pc-linux-gnu/bin/../lib/gcc/nios2-elf/4.1.2/../../../../nios2-elf/lib/mno-hw-mul/libc.a(lib_a-fclose.o)
 .comment       0x00000000       0x27 /opt/altera/13.0sp1/nios2eds/bin/gnu/H-i686-pc-linux-gnu/bin/../lib/gcc/nios2-elf/4.1.2/../../../../nios2-elf/lib/mno-hw-mul/libc.a(lib_a-fstatr.o)
 .comment       0x00000000       0x27 /opt/altera/13.0sp1/nios2eds/bin/gnu/H-i686-pc-linux-gnu/bin/../lib/gcc/nios2-elf/4.1.2/../../../../nios2-elf/lib/mno-hw-mul/libc.a(lib_a-int_errno.o)
 .comment       0x00000000       0x27 /opt/altera/13.0sp1/nios2eds/bin/gnu/H-i686-pc-linux-gnu/bin/../lib/gcc/nios2-elf/4.1.2/../../../../nios2-elf/lib/mno-hw-mul/libc.a(lib_a-isattyr.o)
 .comment       0x00000000       0x27 /opt/altera/13.0sp1/nios2eds/bin/gnu/H-i686-pc-linux-gnu/bin/../lib/gcc/nios2-elf/4.1.2/../../../../nios2-elf/lib/mno-hw-mul/libc.a(lib_a-lseekr.o)
 .comment       0x00000000       0x27 /opt/altera/13.0sp1/nios2eds/bin/gnu/H-i686-pc-linux-gnu/bin/../lib/gcc/nios2-elf/4.1.2/../../../../nios2-elf/lib/mno-hw-mul/libc.a(lib_a-readr.o)
 .comment       0x00000000       0x27 /opt/altera/13.0sp1/nios2eds/bin/gnu/H-i686-pc-linux-gnu/bin/../lib/gcc/nios2-elf/4.1.2/mno-hw-mul/libgcc.a(lib2-mul.o)
 .comment       0x00000000       0x27 ../bsp//libucosii_bsp.a(alt_close.o)
 .comment       0x00000000       0x27 ../bsp//libucosii_bsp.a(alt_dev.o)
 .comment       0x00000000       0x27 ../bsp//libucosii_bsp.a(alt_errno.o)
 .comment       0x00000000       0x27 ../bsp//libucosii_bsp.a(alt_fstat.o)
 .comment       0x00000000       0x27 ../bsp//libucosii_bsp.a(alt_isatty.o)
 .comment       0x00000000       0x27 ../bsp//libucosii_bsp.a(alt_load.o)
 .comment       0x00000000       0x27 ../bsp//libucosii_bsp.a(alt_lseek.o)
 .comment       0x00000000       0x27 ../bsp//libucosii_bsp.a(alt_main.o)
 .comment       0x00000000       0x27 ../bsp//libucosii_bsp.a(alt_read.o)
 .comment       0x00000000       0x27 ../bsp//libucosii_bsp.a(alt_release_fd.o)
 .comment       0x00000000       0x27 ../bsp//libucosii_bsp.a(alt_sbrk.o)
 .comment       0x00000000       0x27 ../bsp//libucosii_bsp.a(alt_write.o)
 .comment       0x00000000       0x27 ../bsp//libucosii_bsp.a(alt_env_lock.o)
 .comment       0x00000000       0x27 ../bsp//libucosii_bsp.a(alt_malloc_lock.o)
 .comment       0x00000000       0x27 ../bsp//libucosii_bsp.a(os_core.o)
 .comment       0x00000000       0x27 ../bsp//libucosii_bsp.a(os_dbg.o)
 .comment       0x00000000       0x27 ../bsp//libucosii_bsp.a(os_flag.o)
 .comment       0x00000000       0x27 ../bsp//libucosii_bsp.a(os_mem.o)
 .comment       0x00000000       0x27 ../bsp//libucosii_bsp.a(os_q.o)
 .comment       0x00000000       0x27 ../bsp//libucosii_bsp.a(os_sem.o)
 .comment       0x00000000       0x27 ../bsp//libucosii_bsp.a(os_task.o)
 .comment       0x00000000       0x27 ../bsp//libucosii_bsp.a(os_time.o)
 .comment       0x00000000       0x27 ../bsp//libucosii_bsp.a(os_tmr.o)
 .comment       0x00000000       0x27 ../bsp//libucosii_bsp.a(alt_sys_init.o)
 .comment       0x00000000       0x27 ../bsp//libucosii_bsp.a(altera_avalon_jtag_uart_fd.o)
 .comment       0x00000000       0x27 ../bsp//libucosii_bsp.a(altera_avalon_jtag_uart_init.o)
 .comment       0x00000000       0x27 ../bsp//libucosii_bsp.a(altera_avalon_jtag_uart_ioctl.o)
 .comment       0x00000000       0x27 ../bsp//libucosii_bsp.a(altera_avalon_jtag_uart_read.o)
 .comment       0x00000000       0x27 ../bsp//libucosii_bsp.a(altera_avalon_jtag_uart_write.o)
 .comment       0x00000000       0x27 ../bsp//libucosii_bsp.a(altera_avalon_timer_sc.o)
 .comment       0x00000000       0x27 ../bsp//libucosii_bsp.a(altera_up_avalon_character_lcd.o)
 .comment       0x00000000       0x27 ../bsp//libucosii_bsp.a(alt_alarm_start.o)
 .comment       0x00000000       0x27 ../bsp//libucosii_bsp.a(alt_dcache_flush_all.o)
 .comment       0x00000000       0x27 ../bsp//libucosii_bsp.a(alt_dev_llist_insert.o)
 .comment       0x00000000       0x27 ../bsp//libucosii_bsp.a(alt_do_ctors.o)
 .comment       0x00000000       0x27 ../bsp//libucosii_bsp.a(alt_do_dtors.o)
 .comment       0x00000000       0x27 ../bsp//libucosii_bsp.a(alt_find_dev.o)
 .comment       0x00000000       0x27 ../bsp//libucosii_bsp.a(alt_icache_flush_all.o)
 .comment       0x00000000       0x27 ../bsp//libucosii_bsp.a(alt_iic.o)
 .comment       0x00000000       0x27 ../bsp//libucosii_bsp.a(alt_iic_isr_register.o)
 .comment       0x00000000       0x27 ../bsp//libucosii_bsp.a(alt_io_redirect.o)
 .comment       0x00000000       0x27 ../bsp//libucosii_bsp.a(alt_irq_handler.o)
 .comment       0x00000000       0x27 ../bsp//libucosii_bsp.a(alt_irq_vars.o)
 .comment       0x00000000       0x27 ../bsp//libucosii_bsp.a(alt_open.o)
 .comment       0x00000000       0x27 ../bsp//libucosii_bsp.a(alt_tick.o)
 .comment       0x00000000       0x27 ../bsp//libucosii_bsp.a(altera_nios2_qsys_irq.o)
 .comment       0x00000000       0x27 ../bsp//libucosii_bsp.a(os_cpu_c.o)
 .comment       0x00000000       0x27 ../bsp//libucosii_bsp.a(alt_find_file.o)
 .comment       0x00000000       0x27 ../bsp//libucosii_bsp.a(alt_get_fd.o)
 .comment       0x00000000       0x27 /opt/altera/13.0sp1/nios2eds/bin/gnu/H-i686-pc-linux-gnu/bin/../lib/gcc/nios2-elf/4.1.2/../../../../nios2-elf/lib/mno-hw-mul/libc.a(lib_a-atexit.o)
 .comment       0x00000000       0x27 /opt/altera/13.0sp1/nios2eds/bin/gnu/H-i686-pc-linux-gnu/bin/../lib/gcc/nios2-elf/4.1.2/../../../../nios2-elf/lib/mno-hw-mul/libc.a(lib_a-exit.o)
 .comment       0x00000000       0x27 /opt/altera/13.0sp1/nios2eds/bin/gnu/H-i686-pc-linux-gnu/bin/../lib/gcc/nios2-elf/4.1.2/../../../../nios2-elf/lib/mno-hw-mul/libc.a(lib_a-memcmp.o)
 .comment       0x00000000       0x27 /opt/altera/13.0sp1/nios2eds/bin/gnu/H-i686-pc-linux-gnu/bin/../lib/gcc/nios2-elf/4.1.2/../../../../nios2-elf/lib/mno-hw-mul/libc.a(lib_a-__atexit.o)
 .comment       0x00000000       0x27 /opt/altera/13.0sp1/nios2eds/bin/gnu/H-i686-pc-linux-gnu/bin/../lib/gcc/nios2-elf/4.1.2/../../../../nios2-elf/lib/mno-hw-mul/libc.a(lib_a-__call_atexit.o)
 .comment       0x00000000       0x27 /opt/altera/13.0sp1/nios2eds/bin/gnu/H-i686-pc-linux-gnu/bin/../lib/gcc/nios2-elf/4.1.2/mno-hw-mul/libgcc.a(_fixunsdfsi.o)
 .comment       0x00000000       0x27 /opt/altera/13.0sp1/nios2eds/bin/gnu/H-i686-pc-linux-gnu/bin/../lib/gcc/nios2-elf/4.1.2/mno-hw-mul/libgcc.a(_addsub_df.o)
 .comment       0x00000000       0x27 /opt/altera/13.0sp1/nios2eds/bin/gnu/H-i686-pc-linux-gnu/bin/../lib/gcc/nios2-elf/4.1.2/mno-hw-mul/libgcc.a(_mul_df.o)
 .comment       0x00000000       0x27 /opt/altera/13.0sp1/nios2eds/bin/gnu/H-i686-pc-linux-gnu/bin/../lib/gcc/nios2-elf/4.1.2/mno-hw-mul/libgcc.a(_div_df.o)
 .comment       0x00000000       0x27 /opt/altera/13.0sp1/nios2eds/bin/gnu/H-i686-pc-linux-gnu/bin/../lib/gcc/nios2-elf/4.1.2/mno-hw-mul/libgcc.a(_ge_df.o)
 .comment       0x00000000       0x27 /opt/altera/13.0sp1/nios2eds/bin/gnu/H-i686-pc-linux-gnu/bin/../lib/gcc/nios2-elf/4.1.2/mno-hw-mul/libgcc.a(_si_to_df.o)
 .comment       0x00000000       0x27 /opt/altera/13.0sp1/nios2eds/bin/gnu/H-i686-pc-linux-gnu/bin/../lib/gcc/nios2-elf/4.1.2/mno-hw-mul/libgcc.a(_df_to_si.o)
 .comment       0x00000000       0x27 /opt/altera/13.0sp1/nios2eds/bin/gnu/H-i686-pc-linux-gnu/bin/../lib/gcc/nios2-elf/4.1.2/mno-hw-mul/libgcc.a(_thenan_df.o)
 .comment       0x00000000       0x27 /opt/altera/13.0sp1/nios2eds/bin/gnu/H-i686-pc-linux-gnu/bin/../lib/gcc/nios2-elf/4.1.2/mno-hw-mul/libgcc.a(_usi_to_df.o)
 .comment       0x00000000       0x27 /opt/altera/13.0sp1/nios2eds/bin/gnu/H-i686-pc-linux-gnu/bin/../lib/gcc/nios2-elf/4.1.2/mno-hw-mul/libgcc.a(lib2-divmod.o)
 .comment       0x00000000       0x27 /opt/altera/13.0sp1/nios2eds/bin/gnu/H-i686-pc-linux-gnu/bin/../lib/gcc/nios2-elf/4.1.2/mno-hw-mul/libgcc.a(_muldi3.o)
 .comment       0x00000000       0x27 /opt/altera/13.0sp1/nios2eds/bin/gnu/H-i686-pc-linux-gnu/bin/../lib/gcc/nios2-elf/4.1.2/mno-hw-mul/libgcc.a(_clzsi2.o)
 .comment       0x00000000       0x27 /opt/altera/13.0sp1/nios2eds/bin/gnu/H-i686-pc-linux-gnu/bin/../lib/gcc/nios2-elf/4.1.2/mno-hw-mul/libgcc.a(_pack_df.o)
 .comment       0x00000000       0x27 /opt/altera/13.0sp1/nios2eds/bin/gnu/H-i686-pc-linux-gnu/bin/../lib/gcc/nios2-elf/4.1.2/mno-hw-mul/libgcc.a(_unpack_df.o)
 .comment       0x00000000       0x27 /opt/altera/13.0sp1/nios2eds/bin/gnu/H-i686-pc-linux-gnu/bin/../lib/gcc/nios2-elf/4.1.2/mno-hw-mul/libgcc.a(_fpcmp_parts_df.o)
 .comment       0x00000000       0x27 /opt/altera/13.0sp1/nios2eds/bin/gnu/H-i686-pc-linux-gnu/bin/../lib/gcc/nios2-elf/4.1.2/mno-hw-mul/libgcc.a(_clz.o)
 .comment       0x00000000       0x27 ../bsp//libucosii_bsp.a(alt_exit.o)

.debug
 *(.debug)

.line
 *(.line)

.debug_srcinfo
 *(.debug_srcinfo)

.debug_sfnames
 *(.debug_sfnames)

.debug_aranges  0x00000000      0xc98
 *(.debug_aranges)
 .debug_aranges
                0x00000000       0x28 ../bsp//obj/HAL/src/crt0.o
 .debug_aranges
                0x00000028       0x20 obj/default/HandShake.o
 .debug_aranges
                0x00000048       0x20 /opt/altera/13.0sp1/nios2eds/bin/gnu/H-i686-pc-linux-gnu/bin/../lib/gcc/nios2-elf/4.1.2/../../../../nios2-elf/lib/mno-hw-mul/libc.a(lib_a-putc.o)
 .debug_aranges
                0x00000068       0x20 /opt/altera/13.0sp1/nios2eds/bin/gnu/H-i686-pc-linux-gnu/bin/../lib/gcc/nios2-elf/4.1.2/../../../../nios2-elf/lib/mno-hw-mul/libc.a(lib_a-puts.o)
 .debug_aranges
                0x00000088       0x20 /opt/altera/13.0sp1/nios2eds/bin/gnu/H-i686-pc-linux-gnu/bin/../lib/gcc/nios2-elf/4.1.2/../../../../nios2-elf/lib/mno-hw-mul/libc.a(lib_a-strlen.o)
 .debug_aranges
                0x000000a8       0x20 /opt/altera/13.0sp1/nios2eds/bin/gnu/H-i686-pc-linux-gnu/bin/../lib/gcc/nios2-elf/4.1.2/../../../../nios2-elf/lib/mno-hw-mul/libc.a(lib_a-wbuf.o)
 .debug_aranges
                0x000000c8       0x20 /opt/altera/13.0sp1/nios2eds/bin/gnu/H-i686-pc-linux-gnu/bin/../lib/gcc/nios2-elf/4.1.2/../../../../nios2-elf/lib/mno-hw-mul/libc.a(lib_a-wsetup.o)
 .debug_aranges
                0x000000e8       0x20 /opt/altera/13.0sp1/nios2eds/bin/gnu/H-i686-pc-linux-gnu/bin/../lib/gcc/nios2-elf/4.1.2/../../../../nios2-elf/lib/mno-hw-mul/libc.a(lib_a-fflush.o)
 .debug_aranges
                0x00000108       0x20 /opt/altera/13.0sp1/nios2eds/bin/gnu/H-i686-pc-linux-gnu/bin/../lib/gcc/nios2-elf/4.1.2/../../../../nios2-elf/lib/mno-hw-mul/libc.a(lib_a-findfp.o)
 .debug_aranges
                0x00000128       0x20 /opt/altera/13.0sp1/nios2eds/bin/gnu/H-i686-pc-linux-gnu/bin/../lib/gcc/nios2-elf/4.1.2/../../../../nios2-elf/lib/mno-hw-mul/libc.a(lib_a-freer.o)
 .debug_aranges
                0x00000148       0x20 /opt/altera/13.0sp1/nios2eds/bin/gnu/H-i686-pc-linux-gnu/bin/../lib/gcc/nios2-elf/4.1.2/../../../../nios2-elf/lib/mno-hw-mul/libc.a(lib_a-fvwrite.o)
 .debug_aranges
                0x00000168       0x20 /opt/altera/13.0sp1/nios2eds/bin/gnu/H-i686-pc-linux-gnu/bin/../lib/gcc/nios2-elf/4.1.2/../../../../nios2-elf/lib/mno-hw-mul/libc.a(lib_a-fwalk.o)
 .debug_aranges
                0x00000188       0x20 /opt/altera/13.0sp1/nios2eds/bin/gnu/H-i686-pc-linux-gnu/bin/../lib/gcc/nios2-elf/4.1.2/../../../../nios2-elf/lib/mno-hw-mul/libc.a(lib_a-makebuf.o)
 .debug_aranges
                0x000001a8       0x20 /opt/altera/13.0sp1/nios2eds/bin/gnu/H-i686-pc-linux-gnu/bin/../lib/gcc/nios2-elf/4.1.2/../../../../nios2-elf/lib/mno-hw-mul/libc.a(lib_a-mallocr.o)
 .debug_aranges
                0x000001c8       0x20 /opt/altera/13.0sp1/nios2eds/bin/gnu/H-i686-pc-linux-gnu/bin/../lib/gcc/nios2-elf/4.1.2/../../../../nios2-elf/lib/mno-hw-mul/libc.a(lib_a-memchr.o)
 .debug_aranges
                0x000001e8       0x20 /opt/altera/13.0sp1/nios2eds/bin/gnu/H-i686-pc-linux-gnu/bin/../lib/gcc/nios2-elf/4.1.2/../../../../nios2-elf/lib/mno-hw-mul/libc.a(lib_a-memcpy.o)
 .debug_aranges
                0x00000208       0x20 /opt/altera/13.0sp1/nios2eds/bin/gnu/H-i686-pc-linux-gnu/bin/../lib/gcc/nios2-elf/4.1.2/../../../../nios2-elf/lib/mno-hw-mul/libc.a(lib_a-memmove.o)
 .debug_aranges
                0x00000228       0x20 /opt/altera/13.0sp1/nios2eds/bin/gnu/H-i686-pc-linux-gnu/bin/../lib/gcc/nios2-elf/4.1.2/../../../../nios2-elf/lib/mno-hw-mul/libc.a(lib_a-memset.o)
 .debug_aranges
                0x00000248       0x20 /opt/altera/13.0sp1/nios2eds/bin/gnu/H-i686-pc-linux-gnu/bin/../lib/gcc/nios2-elf/4.1.2/../../../../nios2-elf/lib/mno-hw-mul/libc.a(lib_a-reallocr.o)
 .debug_aranges
                0x00000268       0x20 /opt/altera/13.0sp1/nios2eds/bin/gnu/H-i686-pc-linux-gnu/bin/../lib/gcc/nios2-elf/4.1.2/../../../../nios2-elf/lib/mno-hw-mul/libc.a(lib_a-sbrkr.o)
 .debug_aranges
                0x00000288       0x20 /opt/altera/13.0sp1/nios2eds/bin/gnu/H-i686-pc-linux-gnu/bin/../lib/gcc/nios2-elf/4.1.2/../../../../nios2-elf/lib/mno-hw-mul/libc.a(lib_a-stdio.o)
 .debug_aranges
                0x000002a8       0x20 /opt/altera/13.0sp1/nios2eds/bin/gnu/H-i686-pc-linux-gnu/bin/../lib/gcc/nios2-elf/4.1.2/../../../../nios2-elf/lib/mno-hw-mul/libc.a(lib_a-writer.o)
 .debug_aranges
                0x000002c8       0x20 /opt/altera/13.0sp1/nios2eds/bin/gnu/H-i686-pc-linux-gnu/bin/../lib/gcc/nios2-elf/4.1.2/../../../../nios2-elf/lib/mno-hw-mul/libc.a(lib_a-closer.o)
 .debug_aranges
                0x000002e8       0x20 /opt/altera/13.0sp1/nios2eds/bin/gnu/H-i686-pc-linux-gnu/bin/../lib/gcc/nios2-elf/4.1.2/../../../../nios2-elf/lib/mno-hw-mul/libc.a(lib_a-fclose.o)
 .debug_aranges
                0x00000308       0x20 /opt/altera/13.0sp1/nios2eds/bin/gnu/H-i686-pc-linux-gnu/bin/../lib/gcc/nios2-elf/4.1.2/../../../../nios2-elf/lib/mno-hw-mul/libc.a(lib_a-fstatr.o)
 .debug_aranges
                0x00000328       0x20 /opt/altera/13.0sp1/nios2eds/bin/gnu/H-i686-pc-linux-gnu/bin/../lib/gcc/nios2-elf/4.1.2/../../../../nios2-elf/lib/mno-hw-mul/libc.a(lib_a-isattyr.o)
 .debug_aranges
                0x00000348       0x20 /opt/altera/13.0sp1/nios2eds/bin/gnu/H-i686-pc-linux-gnu/bin/../lib/gcc/nios2-elf/4.1.2/../../../../nios2-elf/lib/mno-hw-mul/libc.a(lib_a-lseekr.o)
 .debug_aranges
                0x00000368       0x20 /opt/altera/13.0sp1/nios2eds/bin/gnu/H-i686-pc-linux-gnu/bin/../lib/gcc/nios2-elf/4.1.2/../../../../nios2-elf/lib/mno-hw-mul/libc.a(lib_a-readr.o)
 .debug_aranges
                0x00000388       0x20 /opt/altera/13.0sp1/nios2eds/bin/gnu/H-i686-pc-linux-gnu/bin/../lib/gcc/nios2-elf/4.1.2/mno-hw-mul/libgcc.a(lib2-mul.o)
 .debug_aranges
                0x000003a8       0x20 ../bsp//libucosii_bsp.a(alt_close.o)
 .debug_aranges
                0x000003c8       0x20 ../bsp//libucosii_bsp.a(alt_dev.o)
 .debug_aranges
                0x000003e8       0x20 ../bsp//libucosii_bsp.a(alt_fstat.o)
 .debug_aranges
                0x00000408       0x20 ../bsp//libucosii_bsp.a(alt_isatty.o)
 .debug_aranges
                0x00000428       0x20 ../bsp//libucosii_bsp.a(alt_load.o)
 .debug_aranges
                0x00000448       0x20 ../bsp//libucosii_bsp.a(alt_lseek.o)
 .debug_aranges
                0x00000468       0x20 ../bsp//libucosii_bsp.a(alt_main.o)
 .debug_aranges
                0x00000488       0x20 ../bsp//libucosii_bsp.a(alt_read.o)
 .debug_aranges
                0x000004a8       0x20 ../bsp//libucosii_bsp.a(alt_release_fd.o)
 .debug_aranges